Component: ARM Compiler 5.06 update 6 (build 750) Tool: armlink [4d35ed]

==============================================================================

Section Cross References

    bmx055.o(i.BMA2x2_SPI_bus_read) refers to stm32f1xx_hal_gpio.o(i.HAL_GPIO_WritePin) for HAL_GPIO_WritePin
    bmx055.o(i.BMA2x2_SPI_bus_read) refers to stm32f1xx_hal_spi.o(i.HAL_SPI_Transmit) for HAL_SPI_Transmit
    bmx055.o(i.BMA2x2_SPI_bus_read) refers to stm32f1xx_hal_spi.o(i.HAL_SPI_Receive) for HAL_SPI_Receive
    bmx055.o(i.BMA2x2_SPI_bus_read) refers to spi.o(.bss) for hspi1
    bmx055.o(i.BMA2x2_SPI_bus_write) refers to stm32f1xx_hal_gpio.o(i.HAL_GPIO_WritePin) for HAL_GPIO_WritePin
    bmx055.o(i.BMA2x2_SPI_bus_write) refers to stm32f1xx_hal_spi.o(i.HAL_SPI_Transmit) for HAL_SPI_Transmit
    bmx055.o(i.BMA2x2_SPI_bus_write) refers to spi.o(.bss) for hspi1
    bmx055.o(i.BMA2x2_delay_msek) refers to stm32f1xx_hal.o(i.HAL_Delay) for HAL_Delay
    bmx055.o(i.BMG160_SPI_bus_read) refers to stm32f1xx_hal_gpio.o(i.HAL_GPIO_WritePin) for HAL_GPIO_WritePin
    bmx055.o(i.BMG160_SPI_bus_read) refers to stm32f1xx_hal_spi.o(i.HAL_SPI_Transmit) for HAL_SPI_Transmit
    bmx055.o(i.BMG160_SPI_bus_read) refers to stm32f1xx_hal_spi.o(i.HAL_SPI_Receive) for HAL_SPI_Receive
    bmx055.o(i.BMG160_SPI_bus_read) refers to spi.o(.bss) for hspi1
    bmx055.o(i.BMG160_SPI_bus_write) refers to stm32f1xx_hal_gpio.o(i.HAL_GPIO_WritePin) for HAL_GPIO_WritePin
    bmx055.o(i.BMG160_SPI_bus_write) refers to stm32f1xx_hal_spi.o(i.HAL_SPI_Transmit) for HAL_SPI_Transmit
    bmx055.o(i.BMG160_SPI_bus_write) refers to spi.o(.bss) for hspi1
    bmx055.o(i.BMG160_delay_msek) refers to stm32f1xx_hal.o(i.HAL_Delay) for HAL_Delay
    bmx055.o(i.BMM050_SPI_bus_read) refers to stm32f1xx_hal_gpio.o(i.HAL_GPIO_WritePin) for HAL_GPIO_WritePin
    bmx055.o(i.BMM050_SPI_bus_read) refers to stm32f1xx_hal_spi.o(i.HAL_SPI_Transmit) for HAL_SPI_Transmit
    bmx055.o(i.BMM050_SPI_bus_read) refers to stm32f1xx_hal_spi.o(i.HAL_SPI_Receive) for HAL_SPI_Receive
    bmx055.o(i.BMM050_SPI_bus_read) refers to spi.o(.bss) for hspi1
    bmx055.o(i.BMM050_SPI_bus_write) refers to stm32f1xx_hal_gpio.o(i.HAL_GPIO_WritePin) for HAL_GPIO_WritePin
    bmx055.o(i.BMM050_SPI_bus_write) refers to stm32f1xx_hal_spi.o(i.HAL_SPI_Transmit) for HAL_SPI_Transmit
    bmx055.o(i.BMM050_SPI_bus_write) refers to spi.o(.bss) for hspi1
    bmx055.o(i.BMM050_delay_msek) refers to stm32f1xx_hal.o(i.HAL_Delay) for HAL_Delay
    bmx055.o(i.bma2x2_data_readout) refers to bma2x2.o(i.bma2x2_set_power_mode) for bma2x2_set_power_mode
    bmx055.o(i.bma2x2_data_readout) refers to bma2x2.o(i.bma2x2_read_accel_x) for bma2x2_read_accel_x
    bmx055.o(i.bma2x2_data_readout) refers to bma2x2.o(i.bma2x2_read_accel_y) for bma2x2_read_accel_y
    bmx055.o(i.bma2x2_data_readout) refers to bma2x2.o(i.bma2x2_read_accel_z) for bma2x2_read_accel_z
    bmx055.o(i.bma2x2_data_readout) refers to bma2x2.o(i.bma2x2_read_accel_xyz) for bma2x2_read_accel_xyz
    bmx055.o(i.bma2x2_data_readout) refers to bma2x2.o(i.bma2x2_read_accel_xyzt) for bma2x2_read_accel_xyzt
    bmx055.o(i.bmg160_data_readout) refers to bmg160.o(i.bmg160_set_power_mode) for bmg160_set_power_mode
    bmx055.o(i.bmg160_data_readout) refers to bmg160.o(i.bmg160_set_bw) for bmg160_set_bw
    bmx055.o(i.bmg160_data_readout) refers to bmg160.o(i.bmg160_get_bw) for bmg160_get_bw
    bmx055.o(i.bmg160_data_readout) refers to bmg160.o(i.bmg160_get_data_x) for bmg160_get_data_x
    bmx055.o(i.bmg160_data_readout) refers to bmg160.o(i.bmg160_get_data_y) for bmg160_get_data_y
    bmx055.o(i.bmg160_data_readout) refers to bmg160.o(i.bmg160_get_data_z) for bmg160_get_data_z
    bmx055.o(i.bmg160_data_readout) refers to bmg160.o(i.bmg160_get_data_xyz) for bmg160_get_data_xyz
    bmx055.o(i.bmg160_data_readout) refers to bmg160.o(i.bmg160_get_data_xyzi) for bmg160_get_data_xyzi
    bmx055.o(i.bmm050_data_readout) refers to bmm050.o(i.bmm050_read_mag_data_XYZ) for bmm050_read_mag_data_XYZ
    bmx055.o(i.bmm050_data_readout) refers to bmm050.o(i.bmm050_set_functional_state) for bmm050_set_functional_state
    bmx055.o(i.bmx_055_init) refers to bma2x2.o(i.bma2x2_init) for bma2x2_init
    bmx055.o(i.bmx_055_init) refers to bma2x2.o(i.bma2x2_set_range) for bma2x2_set_range
    bmx055.o(i.bmx_055_init) refers to bma2x2.o(i.bma2x2_set_bw) for bma2x2_set_bw
    bmx055.o(i.bmx_055_init) refers to bmm050.o(i.bmm050_init) for bmm050_init
    bmx055.o(i.bmx_055_init) refers to bmm050.o(i.bmm050_set_presetmode) for bmm050_set_presetmode
    bmx055.o(i.bmx_055_init) refers to bmm050.o(i.bmm050_set_functional_state) for bmm050_set_functional_state
    bmx055.o(i.bmx_055_init) refers to bmm050.o(i.bmm050_set_data_rate) for bmm050_set_data_rate
    bmx055.o(i.bmx_055_init) refers to bmg160.o(i.bmg160_init) for bmg160_init
    bmx055.o(i.bmx_055_init) refers to bmg160.o(i.bmg160_set_range_reg) for bmg160_set_range_reg
[...]
    ../clib/microlib/longlong.c              0x00000000   Number         0  llushr.o ABSOLUTE
    ../clib/microlib/longlong.c              0x00000000   Number         0  llsshr.o ABSOLUTE
    ../clib/microlib/printf/printf.c         0x00000000   Number         0  printfb.o ABSOLUTE
    ../clib/microlib/printf/printf.c         0x00000000   Number         0  printf5.o ABSOLUTE
    ../clib/microlib/printf/printf.c         0x00000000   Number         0  printf3.o ABSOLUTE
    ../clib/microlib/printf/printf.c         0x00000000   Number         0  printf4.o ABSOLUTE
    ../clib/microlib/printf/printf.c         0x00000000   Number         0  printf6.o ABSOLUTE
    ../clib/microlib/printf/printf.c         0x00000000   Number         0  printf7.o ABSOLUTE
    ../clib/microlib/printf/printf.c         0x00000000   Number         0  printf8.o ABSOLUTE
    ../clib/microlib/printf/printf.c         0x00000000   Number         0  printfa.o ABSOLUTE
    ../clib/microlib/printf/printf.c         0x00000000   Number         0  printf2.o ABSOLUTE
    ../clib/microlib/printf/printf.c         0x00000000   Number         0  printf1.o ABSOLUTE
    ../clib/microlib/printf/printf.c         0x00000000   Number         0  printf0.o ABSOLUTE
    ../clib/microlib/printf/stubs.s          0x00000000   Number         0  stubs.o ABSOLUTE
    ../clib/microlib/stdio/fputc.c           0x00000000   Number         0  fputc.o ABSOLUTE
    ../clib/microlib/stdio/semi.s            0x00000000   Number         0  semi.o ABSOLUTE
    ../clib/microlib/stdio/streams.c         0x00000000   Number         0  stdout.o ABSOLUTE
    ../clib/microlib/string/memcpy.c         0x00000000   Number         0  memcpyb.o ABSOLUTE
    ../clib/microlib/string/memcpy.c         0x00000000   Number         0  memcpya.o ABSOLUTE
    ../clib/microlib/string/memset.c         0x00000000   Number         0  memseta.o ABSOLUTE
    ../clib/microlib/string/strcpy.c         0x00000000   Number         0  strcpy.o ABSOLUTE
    ../clib/microlib/string/strlen.c         0x00000000   Number         0  strlen.o ABSOLUTE
    ../clib/microlib/stubs.s                 0x00000000   Number         0  iusesemip.o ABSOLUTE
    ../clib/microlib/stubs.s                 0x00000000   Number         0  iusefp.o ABSOLUTE
    ../fplib/microlib/d2f.c                  0x00000000   Number         0  d2f.o ABSOLUTE
    ../fplib/microlib/f2d.c                  0x00000000   Number         0  f2d.o ABSOLUTE
    ../fplib/microlib/fpadd.c                0x00000000   Number         0  dadd.o ABSOLUTE
    ../fplib/microlib/fpadd.c                0x00000000   Number         0  fadd.o ABSOLUTE
    ../fplib/microlib/fpdiv.c                0x00000000   Number         0  ddiv.o ABSOLUTE
    ../fplib/microlib/fpdiv.c                0x00000000   Number         0  fdiv.o ABSOLUTE
    ../fplib/microlib/fpepilogue.c           0x00000000   Number         0  fepilogue.o ABSOLUTE
    ../fplib/microlib/fpepilogue.c           0x00000000   Number         0  depilogue.o ABSOLUTE
    ../fplib/microlib/fpfix.c                0x00000000   Number         0  dfixul.o ABSOLUTE
    ../fplib/microlib/fpfix.c                0x00000000   Number         0  dfixi.o ABSOLUTE
    ../fplib/microlib/fpfix.c                0x00000000   Number         0  ffixi.o ABSOLUTE
    ../fplib/microlib/fpflt.c                0x00000000   Number         0  dflti.o ABSOLUTE
    ../fplib/microlib/fpflt.c                0x00000000   Number         0  ffltui.o ABSOLUTE
    ../fplib/microlib/fpflt.c                0x00000000   Number         0  fflti.o ABSOLUTE
    ../fplib/microlib/fpflt.c                0x00000000   Number         0  dfltui.o ABSOLUTE
    ../fplib/microlib/fpmul.c                0x00000000   Number         0  dmul.o ABSOLUTE
    ../fplib/microlib/fpmul.c                0x00000000   Number         0  fmul.o ABSOLUTE
    ../fplib/microlib/fprnd.c                0x00000000   Number         0  frnd.o ABSOLUTE
    ../fplib/microlib/fpscalb.c              0x00000000   Number         0  dscalb.o ABSOLUTE
    ../fplib/microlib/fpscalb.c              0x00000000   Number         0  fscalb.o ABSOLUTE
    ../fplib/microlib/fpsqrt.c               0x00000000   Number         0  fsqrt.o ABSOLUTE
    ../mathlib/atan.c                        0x00000000   Number         0  atan.o ABSOLUTE
    ../mathlib/atan.c                        0x00000000   Number         0  atan_x.o ABSOLUTE
    ../mathlib/atan2.c                       0x00000000   Number         0  atan2_x.o ABSOLUTE
    ../mathlib/atan2.c                       0x00000000   Number         0  atan2.o ABSOLUTE
    ../mathlib/cos.c                         0x00000000   Number         0  cos_x.o ABSOLUTE
    ../mathlib/cos.c                         0x00000000   Number         0  cos.o ABSOLUTE
    ../mathlib/cos_i.c                       0x00000000   Number         0  cos_i.o ABSOLUTE
    ../mathlib/cosf.c                        0x00000000   Number         0  cosf.o ABSOLUTE
    ../mathlib/cosf.c                        0x00000000   Number         0  cosf_x.o ABSOLUTE
    ../mathlib/dunder.c                      0x00000000   Number         0  dunder.o ABSOLUTE
    ../mathlib/fpclassify.c                  0x00000000   Number         0  fpclassify.o ABSOLUTE
    ../mathlib/fpclassifyf.c                 0x00000000   Number         0  fpclassifyf.o ABSOLUTE
    ../mathlib/funder.c                      0x00000000   Number         0  funder.o ABSOLUTE
    ../mathlib/poly.c                        0x00000000   Number         0  poly.o ABSOLUTE
    ../mathlib/qnan.c                        0x00000000   Number         0  qnan.o ABSOLUTE
    ../mathlib/rred.c                        0x00000000   Number         0  rred.o ABSOLUTE
    ../mathlib/rredf.c                       0x00000000   Number         0  rredf.o ABSOLUTE
    ../mathlib/sin.c                         0x00000000   Number         0  sin.o ABSOLUTE
    ../mathlib/sin.c                         0x00000000   Number         0  sin_x.o ABSOLUTE
    ../mathlib/sin_i.c                       0x00000000   Number         0  sin_i_x.o ABSOLUTE
    ../mathlib/sin_i.c                       0x00000000   Number         0  sin_i.o ABSOLUTE
    ../mathlib/sinf.c                        0x00000000   Number         0  sinf.o ABSOLUTE
    ../mathlib/sinf.c                        0x00000000   Number         0  sinf_x.o ABSOLUTE
    ../mathlib/sqrtf.c                       0x00000000   Number         0  sqrtf.o ABSOLUTE
    ../mathlib/sqrtf.c                       0x00000000   Number         0  sqrtf_x.o ABSOLUTE
    ../mathlib/tan.c                         0x00000000   Number         0  tan.o ABSOLUTE
    ../mathlib/tan.c                         0x00000000   Number         0  tan_x.o ABSOLUTE
    ../mathlib/tan_i.c                       0x00000000   Number         0  tan_i_x.o ABSOLUTE
    ../mathlib/tan_i.c                       0x00000000   Number         0  tan_i.o ABSOLUTE
    ../mathlib/tanf.c                        0x00000000   Number         0  tanf.o ABSOLUTE
    ../mathlib/tanf.c                        0x00000000   Number         0  tanf_x.o ABSOLUTE
    ..\Attitude_Estimation\Attitude_Estimation.c 0x00000000   Number         0  attitude_estimation.o ABSOLUTE
    ..\RTT\SEGGER_RTT.c                      0x00000000   Number         0  segger_rtt.o ABSOLUTE
    ..\RTT\SEGGER_RTT_printf.c               0x00000000   Number         0  segger_rtt_printf.o ABSOLUTE
    ..\Src\bmx055.c                          0x00000000   Number         0  bmx055.o ABSOLUTE
    ..\Src\gpio.c                            0x00000000   Number         0  gpio.o ABSOLUTE
    ..\Src\main.c                            0x00000000   Number         0  main.o ABSOLUTE
    ..\Src\spi.c                             0x00000000   Number         0  spi.o ABSOLUTE
    ..\Src\stm32f1xx_hal_msp.c               0x00000000   Number         0  stm32f1xx_hal_msp.o ABSOLUTE
    ..\Src\stm32f1xx_it.c                    0x00000000   Number         0  stm32f1xx_it.o ABSOLUTE
    ..\Src\system_stm32f1xx.c                0x00000000   Number         0  system_stm32f1xx_1.o ABSOLUTE
    ..\Src\tim.c                             0x00000000   Number         0  tim.o ABSOLUTE
    ..\Src\usart.c                           0x00000000   Number         0  usart.o ABSOLUTE
    ..\\Src\\bmx055.c                        0x00000000   Number         0  bmx055.o ABSOLUTE
    ..\\Src\\gpio.c                          0x00000000   Number         0  gpio.o ABSOLUTE
    ..\\Src\\main.c                          0x00000000   Number         0  main.o ABSOLUTE
    ..\\Src\\spi.c                           0x00000000   Number         0  spi.o ABSOLUTE
    ..\\Src\\stm32f1xx_hal_msp.c             0x00000000   Number         0  stm32f1xx_hal_msp.o ABSOLUTE
    ..\\Src\\stm32f1xx_it.c                  0x00000000   Number         0  stm32f1xx_it.o ABSOLUTE
    ..\\Src\\usart.c                         0x00000000   Number         0  usart.o ABSOLUTE
    ..\bmx055_driver\bma2x2.c                0x00000000   Number         0  bma2x2.o ABSOLUTE
    ..\bmx055_driver\bmg160.c                0x00000000   Number         0  bmg160.o ABSOLUTE
    ..\bmx055_driver\bmm050.c                0x00000000   Number         0  bmm050.o ABSOLUTE
    ..\bmx055_driver\bmm150.c                0x00000000   Number         0  bmm150.o ABSOLUTE
    C:/Users/12969/STM32Cube/Repository/STM32Cube_FW_F1_V1.8.3/Drivers/STM32F1xx_HAL_Driver/Src/stm32f1xx_hal.c 0x00000000   Number         0  stm32f1xx_hal.o ABSOLUTE
    C:/Users/12969/STM32Cube/Repository/STM32Cube_FW_F1_V1.8.3/Drivers/STM32F1xx_HAL_Driver/Src/stm32f1xx_hal_cortex.c 0x00000000   Number         0  stm32f1xx_hal_cortex.o ABSOLUTE
    C:/Users/12969/STM32Cube/Repository/STM32Cube_FW_F1_V1.8.3/Drivers/STM32F1xx_HAL_Driver/Src/stm32f1xx_hal_dma.c 0x00000000   Number         0  stm32f1xx_hal_dma.o ABSOLUTE
    C:/Users/12969/STM32Cube/Repository/STM32Cube_FW_F1_V1.8.3/Drivers/STM32F1xx_HAL_Driver/Src/stm32f1xx_hal_exti.c 0x00000000   Number         0  stm32f1xx_hal_exti.o ABSOLUTE
    C:/Users/12969/STM32Cube/Repository/STM32Cube_FW_F1_V1.8.3/Drivers/STM32F1xx_HAL_Driver/Src/stm32f1xx_hal_flash.c 0x00000000   Number         0  stm32f1xx_hal_flash.o ABSOLUTE
    C:/Users/12969/STM32Cube/Repository/STM32Cube_FW_F1_V1.8.3/Drivers/STM32F1xx_HAL_Driver/Src/stm32f1xx_hal_flash_ex.c 0x00000000   Number         0  stm32f1xx_hal_flash_ex.o ABSOLUTE
    C:/Users/12969/STM32Cube/Repository/STM32Cube_FW_F1_V1.8.3/Drivers/STM32F1xx_HAL_Driver/Src/stm32f1xx_hal_gpio.c 0x00000000   Number         0  stm32f1xx_hal_gpio.o ABSOLUTE
    C:/Users/12969/STM32Cube/Repository/STM32Cube_FW_F1_V1.8.3/Drivers/STM32F1xx_HAL_Driver/Src/stm32f1xx_hal_gpio_ex.c 0x00000000   Number         0  stm32f1xx_hal_gpio_ex.o ABSOLUTE
    C:/Users/12969/STM32Cube/Repository/STM32Cube_FW_F1_V1.8.3/Drivers/STM32F1xx_HAL_Driver/Src/stm32f1xx_hal_pwr.c 0x00000000   Number         0  stm32f1xx_hal_pwr.o ABSOLUTE
    C:/Users/12969/STM32Cube/Repository/STM32Cube_FW_F1_V1.8.3/Drivers/STM32F1xx_HAL_Driver/Src/stm32f1xx_hal_rcc.c 0x00000000   Number         0  stm32f1xx_hal_rcc.o ABSOLUTE
    C:/Users/12969/STM32Cube/Repository/STM32Cube_FW_F1_V1.8.3/Drivers/STM32F1xx_HAL_Driver/Src/stm32f1xx_hal_rcc_ex.c 0x00000000   Number         0  stm32f1xx_hal_rcc_ex.o ABSOLUTE
    C:/Users/12969/STM32Cube/Repository/STM32Cube_FW_F1_V1.8.3/Drivers/STM32F1xx_HAL_Driver/Src/stm32f1xx_hal_spi.c 0x00000000   Number         0  stm32f1xx_hal_spi.o ABSOLUTE
    C:/Users/12969/STM32Cube/Repository/STM32Cube_FW_F1_V1.8.3/Drivers/STM32F1xx_HAL_Driver/Src/stm32f1xx_hal_tim.c 0x00000000   Number         0  stm32f1xx_hal_tim.o ABSOLUTE
    C:/Users/12969/STM32Cube/Repository/STM32Cube_FW_F1_V1.8.3/Drivers/STM32F1xx_HAL_Driver/Src/stm32f1xx_hal_tim_ex.c 0x00000000   Number         0  stm32f1xx_hal_tim_ex.o ABSOLUTE
    C:/Users/12969/STM32Cube/Repository/STM32Cube_FW_F1_V1.8.3/Drivers/STM32F1xx_HAL_Driver/Src/stm32f1xx_hal_uart.c 0x00000000   Number         0  stm32f1xx_hal_uart.o ABSOLUTE
    C:\Users\12969\STM32Cube\Repository\STM32Cube_FW_F1_V1.8.3\Drivers\STM32F1xx_HAL_Driver\Src\stm32f1xx_hal.c 0x00000000   Number         0  stm32f1xx_hal.o ABSOLUTE
    C:\Users\12969\STM32Cube\Repository\STM32Cube_FW_F1_V1.8.3\Drivers\STM32F1xx_HAL_Driver\Src\stm32f1xx_hal_cortex.c 0x00000000   Number         0  stm32f1xx_hal_cortex.o ABSOLUTE
    C:\Users\12969\STM32Cube\Repository\STM32Cube_FW_F1_V1.8.3\Drivers\STM32F1xx_HAL_Driver\Src\stm32f1xx_hal_dma.c 0x00000000   Number         0  stm32f1xx_hal_dma.o ABSOLUTE
    C:\Users\12969\STM32Cube\Repository\STM32Cube_FW_F1_V1.8.3\Drivers\STM32F1xx_HAL_Driver\Src\stm32f1xx_hal_exti.c 0x00000000   Number         0  stm32f1xx_hal_exti.o ABSOLUTE
    C:\Users\12969\STM32Cube\Repository\STM32Cube_FW_F1_V1.8.3\Drivers\STM32F1xx_HAL_Driver\Src\stm32f1xx_hal_flash.c 0x00000000   Number         0  stm32f1xx_hal_flash.o ABSOLUTE
    C:\Users\12969\STM32Cube\Repository\STM32Cube_FW_F1_V1.8.3\Drivers\STM32F1xx_HAL_Driver\Src\stm32f1xx_hal_flash_ex.c 0x00000000   Number         0  stm32f1xx_hal_flash_ex.o ABSOLUTE
    C:\Users\12969\STM32Cube\Repository\STM32Cube_FW_F1_V1.8.3\Drivers\STM32F1xx_HAL_Driver\Src\stm32f1xx_hal_gpio.c 0x00000000   Number         0  stm32f1xx_hal_gpio.o ABSOLUTE
    C:\Users\12969\STM32Cube\Repository\STM32Cube_FW_F1_V1.8.3\Drivers\STM32F1xx_HAL_Driver\Src\stm32f1xx_hal_gpio_ex.c 0x00000000   Number         0  stm32f1xx_hal_gpio_ex.o ABSOLUTE
    C:\Users\12969\STM32Cube\Repository\STM32Cube_FW_F1_V1.8.3\Drivers\STM32F1xx_HAL_Driver\Src\stm32f1xx_hal_pwr.c 0x00000000   Number         0  stm32f1xx_hal_pwr.o ABSOLUTE
    C:\Users\12969\STM32Cube\Repository\STM32Cube_FW_F1_V1.8.3\Drivers\STM32F1xx_HAL_Driver\Src\stm32f1xx_hal_rcc.c 0x00000000   Number         0  stm32f1xx_hal_rcc.o ABSOLUTE
    C:\Users\12969\STM32Cube\Repository\STM32Cube_FW_F1_V1.8.3\Drivers\STM32F1xx_HAL_Driver\Src\stm32f1xx_hal_rcc_ex.c 0x00000000   Number         0  stm32f1xx_hal_rcc_ex.o ABSOLUTE
    C:\Users\12969\STM32Cube\Repository\STM32Cube_FW_F1_V1.8.3\Drivers\STM32F1xx_HAL_Driver\Src\stm32f1xx_hal_spi.c 0x00000000   Number         0  stm32f1xx_hal_spi.o ABSOLUTE
    C:\Users\12969\STM32Cube\Repository\STM32Cube_FW_F1_V1.8.3\Drivers\STM32F1xx_HAL_Driver\Src\stm32f1xx_hal_tim.c 0x00000000   Number         0  stm32f1xx_hal_tim.o ABSOLUTE
    C:\Users\12969\STM32Cube\Repository\STM32Cube_FW_F1_V1.8.3\Drivers\STM32F1xx_HAL_Driver\Src\stm32f1xx_hal_tim_ex.c 0x00000000   Number         0  stm32f1xx_hal_tim_ex.o ABSOLUTE
    C:\Users\12969\STM32Cube\Repository\STM32Cube_FW_F1_V1.8.3\Drivers\STM32F1xx_HAL_Driver\Src\stm32f1xx_hal_uart.c 0x00000000   Number         0  stm32f1xx_hal_uart.o ABSOLUTE
    cdrcmple.s                               0x00000000   Number         0  cdrcmple.o ABSOLUTE
    dc.s                                     0x00000000   Number         0  dc.o ABSOLUTE
    handlers.s                               0x00000000   Number         0  handlers.o ABSOLUTE
    init.s                                   0x00000000   Number         0  init.o ABSOLUTE
    startup_stm32f103x6.s                    0x00000000   Number         0  startup_stm32f103x6.o ABSOLUTE
    RESET                                    0x08000000   Section      236  startup_stm32f103x6.o(RESET)
    .ARM.Collect$$$$00000000                 0x080000ec   Section        0  entry.o(.ARM.Collect$$$$00000000)
    .ARM.Collect$$$$00000001                 0x080000ec   Section        4  entry2.o(.ARM.Collect$$$$00000001)
    .ARM.Collect$$$$00000004                 0x080000f0   Section        4  entry5.o(.ARM.Collect$$$$00000004)
    .ARM.Collect$$$$00000008                 0x080000f4   Section        0  entry7b.o(.ARM.Collect$$$$00000008)
    .ARM.Collect$$$$0000000A                 0x080000f4   Section        0  entry8b.o(.ARM.Collect$$$$0000000A)
    .ARM.Collect$$$$0000000B                 0x080000f4   Section        8  entry9a.o(.ARM.Collect$$$$0000000B)
    .ARM.Collect$$$$0000000D                 0x080000fc   Section        0  entry10a.o(.ARM.Collect$$$$0000000D)
    .ARM.Collect$$$$0000000F                 0x080000fc   Section        0  entry11a.o(.ARM.Collect$$$$0000000F)
    .ARM.Collect$$$$00002712                 0x080000fc   Section        4  entry2.o(.ARM.Collect$$$$00002712)
    __lit__00000000                          0x080000fc   Data           4  entry2.o(.ARM.Collect$$$$00002712)
    .text                                    0x08000100   Section       36  startup_stm32f103x6.o(.text)
    .text                                    0x08000124   Section        0  llushr.o(.text)
    .text                                    0x08000144   Section        0  memcpya.o(.text)
    .text                                    0x08000168   Section        0  memseta.o(.text)
    .text                                    0x0800018c   Section        0  strcpy.o(.text)
    .text                                    0x0800019e   Section        0  dadd.o(.text)
    .text                                    0x080002ec   Section        0  dmul.o(.text)
    .text                                    0x080003d0   Section        0  ddiv.o(.text)
    .text                                    0x080004ae   Section        0  dflti.o(.text)
    .text                                    0x080004d0   Section        0  uidiv.o(.text)
    .text                                    0x080004fc   Section        0  uldiv.o(.text)
    .text                                    0x0800055e   Section        0  llshl.o(.text)
    .text                                    0x0800057c   Section        0  llsshr.o(.text)
    .text                                    0x080005a0   Section        0  iusefp.o(.text)
    .text                                    0x080005a0   Section        0  depilogue.o(.text)
    .text                                    0x0800065a   Section        0  dfixul.o(.text)
    .text                                    0x0800068c   Section       48  cdrcmple.o(.text)
    .text                                    0x080006bc   Section       36  init.o(.text)
    i.BMA2x2_SPI_bus_read                    0x080006e0   Section        0  bmx055.o(i.BMA2x2_SPI_bus_read)
    i.BMA2x2_SPI_bus_write                   0x08000740   Section        0  bmx055.o(i.BMA2x2_SPI_bus_write)
    i.BMA2x2_delay_msek                      0x08000794   Section        0  bmx055.o(i.BMA2x2_delay_msek)
    i.BMG160_SPI_bus_read                    0x08000798   Section        0  bmx055.o(i.BMG160_SPI_bus_read)
    i.BMG160_SPI_bus_write                   0x080007f0   Section        0  bmx055.o(i.BMG160_SPI_bus_write)
    i.BMG160_delay_msek                      0x0800083c   Section        0  bmx055.o(i.BMG160_delay_msek)
    i.BMM050_SPI_bus_read                    0x08000840   Section        0  bmx055.o(i.BMM050_SPI_bus_read)
    i.BMM050_SPI_bus_write                   0x08000898   Section        0  bmx055.o(i.BMM050_SPI_bus_write)
    i.BMM050_delay_msek                      0x080008ec   Section        0  bmx055.o(i.BMM050_delay_msek)
    i.BusFault_Handler                       0x080008f0   Section        0  stm32f1xx_it.o(i.BusFault_Handler)
    i.DebugMon_Handler                       0x080008f2   Section        0  stm32f1xx_it.o(i.DebugMon_Handler)
    i.Error_Handler                          0x080008f4   Section        0  main.o(i.Error_Handler)
    i.HAL_DMA_Abort_IT                       0x080008f8   Section        0  stm32f1xx_hal_dma.o(i.HAL_DMA_Abort_IT)
    i.HAL_Delay                              0x08000a28   Section        0  stm32f1xx_hal.o(i.HAL_Delay)
    i.HAL_GPIO_Init                          0x08000a4c   Section        0  stm32f1xx_hal_gpio.o(i.HAL_GPIO_Init)
    i.HAL_GPIO_WritePin                      0x08000c44   Section        0  stm32f1xx_hal_gpio.o(i.HAL_GPIO_WritePin)
    i.HAL_GetTick                            0x08000c50   Section        0  stm32f1xx_hal.o(i.HAL_GetTick)
    i.HAL_IncTick                            0x08000c5c   Section        0  stm32f1xx_hal.o(i.HAL_IncTick)
    i.HAL_Init                               0x08000c6c   Section        0  stm32f1xx_hal.o(i.HAL_Init)
    i.HAL_InitTick                           0x08000c90   Section        0  stm32f1xx_hal.o(i.HAL_InitTick)
    i.HAL_MspInit                            0x08000cd0   Section        0  stm32f1xx_hal_msp.o(i.HAL_MspInit)
    i.HAL_NVIC_EnableIRQ                     0x08000d0c   Section        0  stm32f1xx_hal_cortex.o(i.HAL_NVIC_EnableIRQ)
    i.HAL_NVIC_SetPriority                   0x08000d28   Section        0  stm32f1xx_hal_cortex.o(i.HAL_NVIC_SetPriority)
    i.HAL_NVIC_SetPriorityGrouping           0x08000d68   Section        0  stm32f1xx_hal_cortex.o(i.HAL_NVIC_SetPriorityGrouping)
    i.HAL_RCC_ClockConfig                    0x08000d8c   Section        0  stm32f1xx_hal_rcc.o(i.HAL_RCC_ClockConfig)
    i.HAL_RCC_GetPCLK1Freq                   0x08000eb8   Section        0  stm32f1xx_hal_rcc.o(i.HAL_RCC_GetPCLK1Freq)
    i.HAL_RCC_GetPCLK2Freq                   0x08000ed8   Section        0  stm32f1xx_hal_rcc.o(i.HAL_RCC_GetPCLK2Freq)
    i.HAL_RCC_GetSysClockFreq                0x08000ef8   Section        0  stm32f1xx_hal_rcc.o(i.HAL_RCC_GetSysClockFreq)
    i.HAL_RCC_OscConfig                      0x08000f64   Section        0  stm32f1xx_hal_rcc.o(i.HAL_RCC_OscConfig)
    i.HAL_SPI_Init                           0x08001284   Section        0  stm32f1xx_hal_spi.o(i.HAL_SPI_Init)
    i.HAL_SPI_MspInit                        0x08001338   Section        0  spi.o(i.HAL_SPI_MspInit)
    i.HAL_SPI_Receive                        0x080013b8   Section        0  stm32f1xx_hal_spi.o(i.HAL_SPI_Receive)
    i.HAL_SPI_Transmit                       0x08001512   Section        0  stm32f1xx_hal_spi.o(i.HAL_SPI_Transmit)
    i.HAL_SPI_TransmitReceive                0x08001678   Section        0  stm32f1xx_hal_spi.o(i.HAL_SPI_TransmitReceive)
    i.HAL_SYSTICK_Config                     0x0800185a   Section        0  stm32f1xx_hal_cortex.o(i.HAL_SYSTICK_Config)
    i.HAL_TIMEx_BreakCallback                0x08001882   Section        0  stm32f1xx_hal_tim_ex.o(i.HAL_TIMEx_BreakCallback)
    i.HAL_TIMEx_CommutCallback               0x08001884   Section        0  stm32f1xx_hal_tim_ex.o(i.HAL_TIMEx_CommutCallback)
    i.HAL_TIMEx_MasterConfigSynchronization  0x08001888   Section        0  stm32f1xx_hal_tim_ex.o(i.HAL_TIMEx_MasterConfigSynchronization)
    i.HAL_TIM_Base_Init                      0x08001904   Section        0  stm32f1xx_hal_tim.o(i.HAL_TIM_Base_Init)
    i.HAL_TIM_Base_MspInit                   0x08001960   Section        0  tim.o(i.HAL_TIM_Base_MspInit)
    i.HAL_TIM_ConfigClockSource              0x08001998   Section        0  stm32f1xx_hal_tim.o(i.HAL_TIM_ConfigClockSource)
    i.HAL_TIM_IC_CaptureCallback             0x08001a6e   Section        0  stm32f1xx_hal_tim.o(i.HAL_TIM_IC_CaptureCallback)
    i.HAL_TIM_IRQHandler                     0x08001a70   Section        0  stm32f1xx_hal_tim.o(i.HAL_TIM_IRQHandler)
    i.HAL_TIM_OC_DelayElapsedCallback        0x08001bd6   Section        0  stm32f1xx_hal_tim.o(i.HAL_TIM_OC_DelayElapsedCallback)
    i.HAL_TIM_PWM_PulseFinishedCallback      0x08001bd8   Section        0  stm32f1xx_hal_tim.o(i.HAL_TIM_PWM_PulseFinishedCallback)
    i.HAL_TIM_PeriodElapsedCallback          0x08001bda   Section        0  stm32f1xx_hal_tim.o(i.HAL_TIM_PeriodElapsedCallback)
    i.HAL_TIM_TriggerCallback                0x08001bdc   Section        0  stm32f1xx_hal_tim.o(i.HAL_TIM_TriggerCallback)
    i.HAL_UART_ErrorCallback                 0x08001bde   Section        0  stm32f1xx_hal_uart.o(i.HAL_UART_ErrorCallback)
    i.HAL_UART_IRQHandler                    0x08001be0   Section        0  stm32f1xx_hal_uart.o(i.HAL_UART_IRQHandler)
    i.HAL_UART_Init                          0x08001d3c   Section        0  stm32f1xx_hal_uart.o(i.HAL_UART_Init)
    i.HAL_UART_MspInit                       0x08001da0   Section        0  usart.o(i.HAL_UART_MspInit)
    i.HAL_UART_RxCpltCallback                0x08001e20   Section        0  stm32f1xx_hal_uart.o(i.HAL_UART_RxCpltCallback)
    i.HAL_UART_TxCpltCallback                0x08001e22   Section        0  stm32f1xx_hal_uart.o(i.HAL_UART_TxCpltCallback)
    i.HardFault_Handler                      0x08001e24   Section        0  stm32f1xx_it.o(i.HardFault_Handler)
    i.MX_GPIO_Init                           0x08001e28   Section        0  gpio.o(i.MX_GPIO_Init)
    i.MX_SPI1_Init                           0x08001ed4   Section        0  spi.o(i.MX_SPI1_Init)
    i.MX_TIM2_Init                           0x08001f1c   Section        0  tim.o(i.MX_TIM2_Init)
    i.MX_USART1_UART_Init                    0x08001f84   Section        0  usart.o(i.MX_USART1_UART_Init)
    i.MemManage_Handler                      0x08001fbc   Section        0  stm32f1xx_it.o(i.MemManage_Handler)
    i.NMI_Handler                            0x08001fbe   Section        0  stm32f1xx_it.o(i.NMI_Handler)
    i.PendSV_Handler                         0x08001fc0   Section        0  stm32f1xx_it.o(i.PendSV_Handler)
    i.SEGGER_RTT_Write                       0x08001fc4   Section        0  segger_rtt.o(i.SEGGER_RTT_Write)
    i.SEGGER_RTT_WriteNoLock                 0x08001ffc   Section        0  segger_rtt.o(i.SEGGER_RTT_WriteNoLock)
    i.SEGGER_RTT_printf                      0x08002058   Section        0  segger_rtt_printf.o(i.SEGGER_RTT_printf)
    i.SEGGER_RTT_vprintf                     0x08002070   Section        0  segger_rtt_printf.o(i.SEGGER_RTT_vprintf)
    i.SPI_EndRxTransaction                   0x0800225c   Section        0  stm32f1xx_hal_spi.o(i.SPI_EndRxTransaction)
    SPI_EndRxTransaction                     0x0800225d   Thumb Code    92  stm32f1xx_hal_spi.o(i.SPI_EndRxTransaction)
    i.SPI_EndRxTxTransaction                 0x080022b8   Section        0  stm32f1xx_hal_spi.o(i.SPI_EndRxTxTransaction)
    SPI_EndRxTxTransaction                   0x080022b9   Thumb Code    32  stm32f1xx_hal_spi.o(i.SPI_EndRxTxTransaction)
    i.SPI_WaitFlagStateUntilTimeout          0x080022d8   Section        0  stm32f1xx_hal_spi.o(i.SPI_WaitFlagStateUntilTimeout)
    SPI_WaitFlagStateUntilTimeout            0x080022d9   Thumb Code   180  stm32f1xx_hal_spi.o(i.SPI_WaitFlagStateUntilTimeout)
    i.SVC_Handler                            0x08002390   Section        0  stm32f1xx_it.o(i.SVC_Handler)
    i.SysTick_Handler                        0x08002392   Section        0  stm32f1xx_it.o(i.SysTick_Handler)
    i.SystemClock_Config                     0x08002396   Section        0  main.o(i.SystemClock_Config)
    i.SystemInit                             0x080023e6   Section        0  system_stm32f1xx_1.o(i.SystemInit)
    i.TIM2_IRQHandler                        0x080023e8   Section        0  stm32f1xx_it.o(i.TIM2_IRQHandler)
    i.TIM_Base_SetConfig                     0x080023f4   Section        0  stm32f1xx_hal_tim.o(i.TIM_Base_SetConfig)
    i.TIM_ETR_SetConfig                      0x08002480   Section        0  stm32f1xx_hal_tim.o(i.TIM_ETR_SetConfig)
    i.TIM_ITRx_SetConfig                     0x08002494   Section        0  stm32f1xx_hal_tim.o(i.TIM_ITRx_SetConfig)
    TIM_ITRx_SetConfig                       0x08002495   Thumb Code    16  stm32f1xx_hal_tim.o(i.TIM_ITRx_SetConfig)
    i.TIM_TI1_ConfigInputStage               0x080024a4   Section        0  stm32f1xx_hal_tim.o(i.TIM_TI1_ConfigInputStage)
    TIM_TI1_ConfigInputStage                 0x080024a5   Thumb Code    34  stm32f1xx_hal_tim.o(i.TIM_TI1_ConfigInputStage)
    i.TIM_TI2_ConfigInputStage               0x080024c6   Section        0  stm32f1xx_hal_tim.o(i.TIM_TI2_ConfigInputStage)
    TIM_TI2_ConfigInputStage                 0x080024c7   Thumb Code    36  stm32f1xx_hal_tim.o(i.TIM_TI2_ConfigInputStage)
    i.UART_DMAAbortOnError                   0x080024ea   Section        0  stm32f1xx_hal_uart.o(i.UART_DMAAbortOnError)
    UART_DMAAbortOnError                     0x080024eb   Thumb Code    16  stm32f1xx_hal_uart.o(i.UART_DMAAbortOnError)
    i.UART_EndRxTransfer                     0x080024fa   Section        0  stm32f1xx_hal_uart.o(i.UART_EndRxTransfer)
    UART_EndRxTransfer                       0x080024fb   Thumb Code    28  stm32f1xx_hal_uart.o(i.UART_EndRxTransfer)
    i.UART_Receive_IT                        0x08002516   Section        0  stm32f1xx_hal_uart.o(i.UART_Receive_IT)
    UART_Receive_IT                          0x08002517   Thumb Code   140  stm32f1xx_hal_uart.o(i.UART_Receive_IT)
    i.UART_SetConfig                         0x080025a4   Section        0  stm32f1xx_hal_uart.o(i.UART_SetConfig)
    UART_SetConfig                           0x080025a5   Thumb Code   178  stm32f1xx_hal_uart.o(i.UART_SetConfig)
    i.USART1_IRQHandler                      0x0800265c   Section        0  stm32f1xx_it.o(i.USART1_IRQHandler)
    i.UsageFault_Handler                     0x08002668   Section        0  stm32f1xx_it.o(i.UsageFault_Handler)
    i._DoInit                                0x0800266c   Section        0  segger_rtt.o(i._DoInit)
    _DoInit                                  0x0800266d   Thumb Code    76  segger_rtt.o(i._DoInit)
    i._GetAvailWriteSpace                    0x080026d4   Section        0  segger_rtt.o(i._GetAvailWriteSpace)
    _GetAvailWriteSpace                      0x080026d5   Thumb Code    22  segger_rtt.o(i._GetAvailWriteSpace)
    i._PrintInt                              0x080026ec   Section        0  segger_rtt_printf.o(i._PrintInt)
    _PrintInt                                0x080026ed   Thumb Code   198  segger_rtt_printf.o(i._PrintInt)
    i._PrintUnsigned                         0x080027b4   Section        0  segger_rtt_printf.o(i._PrintUnsigned)
    _PrintUnsigned                           0x080027b5   Thumb Code   206  segger_rtt_printf.o(i._PrintUnsigned)
    i._StoreChar                             0x08002888   Section        0  segger_rtt_printf.o(i._StoreChar)
    _StoreChar                               0x08002889   Thumb Code    62  segger_rtt_printf.o(i._StoreChar)
    i._WriteBlocking                         0x080028c6   Section        0  segger_rtt.o(i._WriteBlocking)
    _WriteBlocking                           0x080028c7   Thumb Code    90  segger_rtt.o(i._WriteBlocking)
    i._WriteNoCheck                          0x08002920   Section        0  segger_rtt.o(i._WriteNoCheck)
    _WriteNoCheck                            0x08002921   Thumb Code    66  segger_rtt.o(i._WriteNoCheck)
    i.__0sprintf                             0x08002964   Section        0  printfa.o(i.__0sprintf)
    i.__NVIC_SetPriority                     0x0800298c   Section        0  stm32f1xx_hal_cortex.o(i.__NVIC_SetPriority)
    __NVIC_SetPriority                       0x0800298d   Thumb Code    32  stm32f1xx_hal_cortex.o(i.__NVIC_SetPriority)
    i.__scatterload_copy                     0x080029ac   Section       14  handlers.o(i.__scatterload_copy)
    i.__scatterload_null                     0x080029ba   Section        2  handlers.o(i.__scatterload_null)
    i.__scatterload_zeroinit                 0x080029bc   Section       14  handlers.o(i.__scatterload_zeroinit)
    i._fp_digits                             0x080029cc   Section        0  printfa.o(i._fp_digits)
    _fp_digits                               0x080029cd   Thumb Code   366  printfa.o(i._fp_digits)
    i._printf_core                           0x08002b50   Section        0  printfa.o(i._printf_core)
    _printf_core                             0x08002b51   Thumb Code  1744  printfa.o(i._printf_core)
    i._printf_post_padding                   0x0800322c   Section        0  printfa.o(i._printf_post_padding)
    _printf_post_padding                     0x0800322d   Thumb Code    36  printfa.o(i._printf_post_padding)
    i._printf_pre_padding                    0x08003250   Section        0  printfa.o(i._printf_pre_padding)
    _printf_pre_padding                      0x08003251   Thumb Code    46  printfa.o(i._printf_pre_padding)
    i._sputc                                 0x0800327e   Section        0  printfa.o(i._sputc)
    _sputc                                   0x0800327f   Thumb Code    10  printfa.o(i._sputc)
    i.bma2x2_data_readout                    0x08003288   Section        0  bmx055.o(i.bma2x2_data_readout)
    i.bma2x2_init                            0x080032d0   Section        0  bma2x2.o(i.bma2x2_init)
    i.bma2x2_read_accel_x                    0x0800331c   Section        0  bma2x2.o(i.bma2x2_read_accel_x)
    i.bma2x2_read_accel_xyz                  0x080033a8   Section        0  bma2x2.o(i.bma2x2_read_accel_xyz)
    i.bma2x2_read_accel_xyzt                 0x080034bc   Section        0  bma2x2.o(i.bma2x2_read_accel_xyzt)
    i.bma2x2_read_accel_y                    0x080035d8   Section        0  bma2x2.o(i.bma2x2_read_accel_y)
    i.bma2x2_read_accel_z                    0x08003664   Section        0  bma2x2.o(i.bma2x2_read_accel_z)
    i.bma2x2_read_reg                        0x080036f0   Section        0  bma2x2.o(i.bma2x2_read_reg)
    i.bma2x2_set_bw                          0x08003718   Section        0  bma2x2.o(i.bma2x2_set_bw)
    i.bma2x2_set_mode_value                  0x080037b4   Section        0  bma2x2.o(i.bma2x2_set_mode_value)
    i.bma2x2_set_power_mode                  0x08003808   Section        0  bma2x2.o(i.bma2x2_set_power_mode)
    i.bma2x2_set_range                       0x080038f8   Section        0  bma2x2.o(i.bma2x2_set_range)
    i.bma2x2_write_reg                       0x08003990   Section        0  bma2x2.o(i.bma2x2_write_reg)
    i.bmg160_data_readout                    0x080039c8   Section        0  bmx055.o(i.bmg160_data_readout)
    i.bmg160_get_auto_sleep_durn             0x08003a24   Section        0  bmg160.o(i.bmg160_get_auto_sleep_durn)
    i.bmg160_get_bw                          0x08003a58   Section        0  bmg160.o(i.bmg160_get_bw)
    i.bmg160_get_data_x                      0x08003a8c   Section        0  bmg160.o(i.bmg160_get_data_x)
    i.bmg160_get_data_xyz                    0x08003ac4   Section        0  bmg160.o(i.bmg160_get_data_xyz)
    i.bmg160_get_data_xyzi                   0x08003b24   Section        0  bmg160.o(i.bmg160_get_data_xyzi)
    i.bmg160_get_data_y                      0x08003ba8   Section        0  bmg160.o(i.bmg160_get_data_y)
    i.bmg160_get_data_z                      0x08003be0   Section        0  bmg160.o(i.bmg160_get_data_z)
    i.bmg160_get_power_mode                  0x08003c18   Section        0  bmg160.o(i.bmg160_get_power_mode)
    i.bmg160_init                            0x08003cac   Section        0  bmg160.o(i.bmg160_init)
    i.bmg160_set_auto_sleep_durn             0x08003cd4   Section        0  bmg160.o(i.bmg160_set_auto_sleep_durn)
    i.bmg160_set_bw                          0x08003d5c   Section        0  bmg160.o(i.bmg160_set_bw)
    i.bmg160_set_power_mode                  0x08003dd8   Section        0  bmg160.o(i.bmg160_set_power_mode)
    i.bmg160_set_range_reg                   0x08003edc   Section        0  bmg160.o(i.bmg160_set_range_reg)
    i.bmm050_compensate_X                    0x08003f30   Section        0  bmm050.o(i.bmm050_compensate_X)
    i.bmm050_compensate_Y                    0x08003f94   Section        0  bmm050.o(i.bmm050_compensate_Y)
    i.bmm050_compensate_Z                    0x08003ff4   Section        0  bmm050.o(i.bmm050_compensate_Z)
    i.bmm050_data_readout                    0x08004064   Section        0  bmx055.o(i.bmm050_data_readout)
    i.bmm050_get_power_mode                  0x08004078   Section        0  bmm050.o(i.bmm050_get_power_mode)
    i.bmm050_init                            0x080040ac   Section        0  bmm050.o(i.bmm050_init)
    i.bmm050_init_trim_registers             0x080040f4   Section        0  bmm050.o(i.bmm050_init_trim_registers)
    i.bmm050_read_mag_data_XYZ               0x080041f8   Section        0  bmm050.o(i.bmm050_read_mag_data_XYZ)
    i.bmm050_set_data_rate                   0x08004294   Section        0  bmm050.o(i.bmm050_set_data_rate)
    i.bmm050_set_functional_state            0x080042e0   Section        0  bmm050.o(i.bmm050_set_functional_state)
    i.bmm050_set_power_mode                  0x080043d8   Section        0  bmm050.o(i.bmm050_set_power_mode)
    i.bmm050_set_presetmode                  0x08004424   Section        0  bmm050.o(i.bmm050_set_presetmode)
    i.bmm050_set_rep_XY                      0x08004494   Section        0  bmm050.o(i.bmm050_set_rep_XY)
    i.bmm050_set_rep_Z                       0x080044c0   Section        0  bmm050.o(i.bmm050_set_rep_Z)
    i.bmx_055_init                           0x080044ec   Section        0  bmx055.o(i.bmx_055_init)
    i.main                                   0x08004580   Section        0  main.o(i.main)
    .constdata                               0x080046d8   Section       16  system_stm32f1xx_1.o(.constdata)
    .constdata                               0x080046e8   Section        8  system_stm32f1xx_1.o(.constdata)
    .constdata                               0x080046f0   Section       16  segger_rtt_printf.o(.constdata)
    _aV2C                                    0x080046f0   Data          16  segger_rtt_printf.o(.constdata)
    .data                                    0x20000000   Section       12  stm32f1xx_hal.o(.data)
    .data                                    0x2000000c   Section        4  system_stm32f1xx_1.o(.data)
    .data                                    0x20000010   Section        4  bmg160.o(.data)
    p_bmg160                                 0x20000010   Data           4  bmg160.o(.data)
    .data                                    0x20000014   Section        8  bma2x2.o(.data)
    p_bma2x2                                 0x20000018   Data           4  bma2x2.o(.data)
    .data                                    0x2000001c   Section        4  bmm050.o(.data)
    p_bmm050                                 0x2000001c   Data           4  bmm050.o(.data)
    .bss                                     0x20000020   Section       76  bmx055.o(.bss)
    .bss                                     0x2000006c   Section       88  spi.o(.bss)
    .bss                                     0x200000c4   Section       72  tim.o(.bss)
    .bss                                     0x2000010c   Section       64  usart.o(.bss)
    .bss                                     0x2000014c   Section     1208  segger_rtt.o(.bss)
    _acUpBuffer                              0x200001f4   Data        1024  segger_rtt.o(.bss)
    _acDownBuffer                            0x200005f4   Data          16  segger_rtt.o(.bss)
    STACK                                    0x20000608   Section     1024  startup_stm32f103x6.o(STACK)

    Global Symbols

    Symbol Name                              Value     Ov Type        Size  Object(Section)

    BuildAttributes$$THM_ISAv4$P$D$K$B$S$PE$A:L22UL41UL21$X:L11$S22US41US21$IEEE1$IW$USESV6$~STKCKD$USESV7$~SHL$OTIME$ROPI$IEEEX$EBA8$MICROLIB$REQ8$PRES8$EABIv2 0x00000000   Number         0  anon$$obj.o ABSOLUTE
    __ARM_use_no_argv                        0x00000000   Number         0  main.o ABSOLUTE
    _printf_a                                0x00000000   Number         0  stubs.o ABSOLUTE
    _printf_c                                0x00000000   Number         0  stubs.o ABSOLUTE
    _printf_charcount                        0x00000000   Number         0  stubs.o ABSOLUTE
    _printf_d                                0x00000000   Number         0  stubs.o ABSOLUTE
    _printf_e                                0x00000000   Number         0  stubs.o ABSOLUTE
    _printf_f                                0x00000000   Number         0  stubs.o ABSOLUTE
    _printf_flags                            0x00000000   Number         0  stubs.o ABSOLUTE
    _printf_fp_dec                           0x00000000   Number         0  stubs.o ABSOLUTE
    _printf_fp_hex                           0x00000000   Number         0  stubs.o ABSOLUTE
    _printf_g                                0x00000000   Number         0  stubs.o ABSOLUTE
    _printf_i                                0x00000000   Number         0  stubs.o ABSOLUTE
    _printf_int_dec                          0x00000000   Number         0  stubs.o ABSOLUTE
    _printf_l                                0x00000000   Number         0  stubs.o ABSOLUTE
    _printf_lc                               0x00000000   Number         0  stubs.o ABSOLUTE
    _printf_ll                               0x00000000   Number         0  stubs.o ABSOLUTE
    _printf_lld                              0x00000000   Number         0  stubs.o ABSOLUTE
    _printf_lli                              0x00000000   Number         0  stubs.o ABSOLUTE
    _printf_llo                              0x00000000   Number         0  stubs.o ABSOLUTE
    _printf_llu                              0x00000000   Number         0  stubs.o ABSOLUTE
    _printf_llx                              0x00000000   Number         0  stubs.o ABSOLUTE
    _printf_longlong_dec                     0x00000000   Number         0  stubs.o ABSOLUTE
    _printf_longlong_hex                     0x00000000   Number         0  stubs.o ABSOLUTE
    _printf_longlong_oct                     0x00000000   Number         0  stubs.o ABSOLUTE
    _printf_ls                               0x00000000   Number         0  stubs.o ABSOLUTE
    _printf_mbtowc                           0x00000000   Number         0  stubs.o ABSOLUTE
    _printf_n                                0x00000000   Number         0  stubs.o ABSOLUTE
    _printf_o                                0x00000000   Number         0  stubs.o ABSOLUTE
    _printf_p                                0x00000000   Number         0  stubs.o ABSOLUTE
    _printf_percent                          0x00000000   Number         0  stubs.o ABSOLUTE
    _printf_pre_padding                      0x00000000   Number         0  stubs.o ABSOLUTE
    _printf_return_value                     0x00000000   Number         0  stubs.o ABSOLUTE
    _printf_s                                0x00000000   Number         0  stubs.o ABSOLUTE
    _printf_sizespec                         0x00000000   Number         0  stubs.o ABSOLUTE
    _printf_str                              0x00000000   Number         0  stubs.o ABSOLUTE
    _printf_truncate_signed                  0x00000000   Number         0  stubs.o ABSOLUTE
    _printf_truncate_unsigned                0x00000000   Number         0  stubs.o ABSOLUTE
    _printf_u                                0x00000000   Number         0  stubs.o ABSOLUTE
    _printf_wc                               0x00000000   Number         0  stubs.o ABSOLUTE
    _printf_wctomb                           0x00000000   Number         0  stubs.o ABSOLUTE
    _printf_widthprec                        0x00000000   Number         0  stubs.o ABSOLUTE
    _printf_x                                0x00000000   Number         0  stubs.o ABSOLUTE
    __cpp_initialize__aeabi_                  - Undefined Weak Reference
    __cxa_finalize                            - Undefined Weak Reference
    __decompress                              - Undefined Weak Reference
    _clock_init                               - Undefined Weak Reference
    _microlib_exit                            - Undefined Weak Reference
    __Vectors_Size                           0x000000ec   Number         0  startup_stm32f103x6.o ABSOLUTE
    __Vectors                                0x08000000   Data           4  startup_stm32f103x6.o(RESET)
    __Vectors_End                            0x080000ec   Data           0  startup_stm32f103x6.o(RESET)
    __main                                   0x080000ed   Thumb Code     0  entry.o(.ARM.Collect$$$$00000000)
    _main_stk                                0x080000ed   Thumb Code     0  entry2.o(.ARM.Collect$$$$00000001)
    _main_scatterload                        0x080000f1   Thumb Code     0  entry5.o(.ARM.Collect$$$$00000004)
    __main_after_scatterload                 0x080000f5   Thumb Code     0  entry5.o(.ARM.Collect$$$$00000004)
    _main_clock                              0x080000f5   Thumb Code     0  entry7b.o(.ARM.Collect$$$$00000008)
    _main_cpp_init                           0x080000f5   Thumb Code     0  entry8b.o(.ARM.Collect$$$$0000000A)
    _main_init                               0x080000f5   Thumb Code     0  entry9a.o(.ARM.Collect$$$$0000000B)
    __rt_final_cpp                           0x080000fd   Thumb Code     0  entry10a.o(.ARM.Collect$$$$0000000D)
    __rt_final_exit                          0x080000fd   Thumb Code     0  entry11a.o(.ARM.Collect$$$$0000000F)
    Reset_Handler                            0x08000101   Thumb Code     8  startup_stm32f103x6.o(.text)
    ADC1_2_IRQHandler                        0x0800011b   Thumb Code     0  startup_stm32f103x6.o(.text)
    CAN1_RX1_IRQHandler                      0x0800011b   Thumb Code     0  startup_stm32f103x6.o(.text)
    CAN1_SCE_IRQHandler                      0x0800011b   Thumb Code     0  startup_stm32f103x6.o(.text)
    DMA1_Channel1_IRQHandler                 0x0800011b   Thumb Code     0  startup_stm32f103x6.o(.text)
    DMA1_Channel2_IRQHandler                 0x0800011b   Thumb Code     0  startup_stm32f103x6.o(.text)
    DMA1_Channel3_IRQHandler                 0x0800011b   Thumb Code     0  startup_stm32f103x6.o(.text)
    DMA1_Channel4_IRQHandler                 0x0800011b   Thumb Code     0  startup_stm32f103x6.o(.text)
    DMA1_Channel5_IRQHandler                 0x0800011b   Thumb Code     0  startup_stm32f103x6.o(.text)
    DMA1_Channel6_IRQHandler                 0x0800011b   Thumb Code     0  startup_stm32f103x6.o(.text)
    DMA1_Channel7_IRQHandler                 0x0800011b   Thumb Code     0  startup_stm32f103x6.o(.text)
    EXTI0_IRQHandler                         0x0800011b   Thumb Code     0  startup_stm32f103x6.o(.text)
    EXTI15_10_IRQHandler                     0x0800011b   Thumb Code     0  startup_stm32f103x6.o(.text)
    EXTI1_IRQHandler                         0x0800011b   Thumb Code     0  startup_stm32f103x6.o(.text)
    EXTI2_IRQHandler                         0x0800011b   Thumb Code     0  startup_stm32f103x6.o(.text)
    EXTI3_IRQHandler                         0x0800011b   Thumb Code     0  startup_stm32f103x6.o(.text)
    EXTI4_IRQHandler                         0x0800011b   Thumb Code     0  startup_stm32f103x6.o(.text)
    EXTI9_5_IRQHandler                       0x0800011b   Thumb Code     0  startup_stm32f103x6.o(.text)
    FLASH_IRQHandler                         0x0800011b   Thumb Code     0  startup_stm32f103x6.o(.text)
    I2C1_ER_IRQHandler                       0x0800011b   Thumb Code     0  startup_stm32f103x6.o(.text)
    I2C1_EV_IRQHandler                       0x0800011b   Thumb Code     0  startup_stm32f103x6.o(.text)
    PVD_IRQHandler                           0x0800011b   Thumb Code     0  startup_stm32f103x6.o(.text)
    RCC_IRQHandler                           0x0800011b   Thumb Code     0  startup_stm32f103x6.o(.text)
    RTC_Alarm_IRQHandler                     0x0800011b   Thumb Code     0  startup_stm32f103x6.o(.text)
    RTC_IRQHandler                           0x0800011b   Thumb Code     0  startup_stm32f103x6.o(.text)
    SPI1_IRQHandler                          0x0800011b   Thumb Code     0  startup_stm32f103x6.o(.text)
    TAMPER_IRQHandler                        0x0800011b   Thumb Code     0  startup_stm32f103x6.o(.text)
    TIM1_BRK_IRQHandler                      0x0800011b   Thumb Code     0  startup_stm32f103x6.o(.text)
    TIM1_CC_IRQHandler                       0x0800011b   Thumb Code     0  startup_stm32f103x6.o(.text)
    TIM1_TRG_COM_IRQHandler                  0x0800011b   Thumb Code     0  startup_stm32f103x6.o(.text)
    TIM1_UP_IRQHandler                       0x0800011b   Thumb Code     0  startup_stm32f103x6.o(.text)
    TIM3_IRQHandler                          0x0800011b   Thumb Code     0  startup_stm32f103x6.o(.text)
    USART2_IRQHandler                        0x0800011b   Thumb Code     0  startup_stm32f103x6.o(.text)
    USBWakeUp_IRQHandler                     0x0800011b   Thumb Code     0  startup_stm32f103x6.o(.text)
    USB_HP_CAN1_TX_IRQHandler                0x0800011b   Thumb Code     0  startup_stm32f103x6.o(.text)
    USB_LP_CAN1_RX0_IRQHandler               0x0800011b   Thumb Code     0  startup_stm32f103x6.o(.text)
    WWDG_IRQHandler                          0x0800011b   Thumb Code     0  startup_stm32f103x6.o(.text)
    __aeabi_llsr                             0x08000125   Thumb Code    32  llushr.o(.text)
    _ll_ushift_r                             0x08000125   Thumb Code     0  llushr.o(.text)
    __aeabi_memcpy                           0x08000145   Thumb Code    36  memcpya.o(.text)
    __aeabi_memcpy4                          0x08000145   Thumb Code     0  memcpya.o(.text)
    __aeabi_memcpy8                          0x08000145   Thumb Code     0  memcpya.o(.text)
    __aeabi_memset                           0x08000169   Thumb Code    14  memseta.o(.text)
    __aeabi_memset4                          0x08000169   Thumb Code     0  memseta.o(.text)
    __aeabi_memset8                          0x08000169   Thumb Code     0  memseta.o(.text)
    __aeabi_memclr                           0x08000177   Thumb Code     4  memseta.o(.text)
    __aeabi_memclr4                          0x08000177   Thumb Code     0  memseta.o(.text)
    __aeabi_memclr8                          0x08000177   Thumb Code     0  memseta.o(.text)
    _memset$wrapper                          0x0800017b   Thumb Code    18  memseta.o(.text)
    strcpy                                   0x0800018d   Thumb Code    18  strcpy.o(.text)
    __aeabi_dadd                             0x0800019f   Thumb Code   322  dadd.o(.text)
    __aeabi_dsub                             0x080002e1   Thumb Code     6  dadd.o(.text)
    __aeabi_drsub                            0x080002e7   Thumb Code     6  dadd.o(.text)
    __aeabi_dmul                             0x080002ed   Thumb Code   228  dmul.o(.text)
    __aeabi_ddiv                             0x080003d1   Thumb Code   222  ddiv.o(.text)
    __aeabi_i2d                              0x080004af   Thumb Code    34  dflti.o(.text)
    __aeabi_uidiv                            0x080004d1   Thumb Code     0  uidiv.o(.text)
    __aeabi_uidivmod                         0x080004d1   Thumb Code    44  uidiv.o(.text)
    __aeabi_uldivmod                         0x080004fd   Thumb Code    98  uldiv.o(.text)
    __aeabi_llsl                             0x0800055f   Thumb Code    30  llshl.o(.text)
    _ll_shift_l                              0x0800055f   Thumb Code     0  llshl.o(.text)
    __aeabi_lasr                             0x0800057d   Thumb Code    36  llsshr.o(.text)
    _ll_sshift_r                             0x0800057d   Thumb Code     0  llsshr.o(.text)
    __I$use$fp                               0x080005a1   Thumb Code     0  iusefp.o(.text)
    _double_round                            0x080005a1   Thumb Code    30  depilogue.o(.text)
    _double_epilogue                         0x080005bf   Thumb Code   156  depilogue.o(.text)
    __aeabi_d2ulz                            0x0800065b   Thumb Code    48  dfixul.o(.text)
    __aeabi_cdrcmple                         0x0800068d   Thumb Code    48  cdrcmple.o(.text)
    __scatterload                            0x080006bd   Thumb Code    28  init.o(.text)
    __scatterload_rt2                        0x080006bd   Thumb Code     0  init.o(.text)
    BMA2x2_SPI_bus_read                      0x080006e1   Thumb Code    88  bmx055.o(i.BMA2x2_SPI_bus_read)
    BMA2x2_SPI_bus_write                     0x08000741   Thumb Code    76  bmx055.o(i.BMA2x2_SPI_bus_write)
    BMA2x2_delay_msek                        0x08000795   Thumb Code     4  bmx055.o(i.BMA2x2_delay_msek)
    BMG160_SPI_bus_read                      0x08000799   Thumb Code    80  bmx055.o(i.BMG160_SPI_bus_read)
    BMG160_SPI_bus_write                     0x080007f1   Thumb Code    68  bmx055.o(i.BMG160_SPI_bus_write)
    BMG160_delay_msek                        0x0800083d   Thumb Code     4  bmx055.o(i.BMG160_delay_msek)
    BMM050_SPI_bus_read                      0x08000841   Thumb Code    80  bmx055.o(i.BMM050_SPI_bus_read)
    BMM050_SPI_bus_write                     0x08000899   Thumb Code    76  bmx055.o(i.BMM050_SPI_bus_write)
    BMM050_delay_msek                        0x080008ed   Thumb Code     4  bmx055.o(i.BMM050_delay_msek)
    BusFault_Handler                         0x080008f1   Thumb Code     2  stm32f1xx_it.o(i.BusFault_Handler)
    DebugMon_Handler                         0x080008f3   Thumb Code     2  stm32f1xx_it.o(i.DebugMon_Handler)
    Error_Handler                            0x080008f5   Thumb Code     2  main.o(i.Error_Handler)
    HAL_DMA_Abort_IT                         0x080008f9   Thumb Code   296  stm32f1xx_hal_dma.o(i.HAL_DMA_Abort_IT)
    HAL_Delay                                0x08000a29   Thumb Code    32  stm32f1xx_hal.o(i.HAL_Delay)
    HAL_GPIO_Init                            0x08000a4d   Thumb Code   462  stm32f1xx_hal_gpio.o(i.HAL_GPIO_Init)
    HAL_GPIO_WritePin                        0x08000c45   Thumb Code    10  stm32f1xx_hal_gpio.o(i.HAL_GPIO_WritePin)
    HAL_GetTick                              0x08000c51   Thumb Code     6  stm32f1xx_hal.o(i.HAL_GetTick)
    HAL_IncTick                              0x08000c5d   Thumb Code    12  stm32f1xx_hal.o(i.HAL_IncTick)
    HAL_Init                                 0x08000c6d   Thumb Code    32  stm32f1xx_hal.o(i.HAL_Init)
    HAL_InitTick                             0x08000c91   Thumb Code    54  stm32f1xx_hal.o(i.HAL_InitTick)
    HAL_MspInit                              0x08000cd1   Thumb Code    52  stm32f1xx_hal_msp.o(i.HAL_MspInit)
    HAL_NVIC_EnableIRQ                       0x08000d0d   Thumb Code    26  stm32f1xx_hal_cortex.o(i.HAL_NVIC_EnableIRQ)
    HAL_NVIC_SetPriority                     0x08000d29   Thumb Code    60  stm32f1xx_hal_cortex.o(i.HAL_NVIC_SetPriority)
    HAL_NVIC_SetPriorityGrouping             0x08000d69   Thumb Code    26  stm32f1xx_hal_cortex.o(i.HAL_NVIC_SetPriorityGrouping)
    HAL_RCC_ClockConfig                      0x08000d8d   Thumb Code   280  stm32f1xx_hal_rcc.o(i.HAL_RCC_ClockConfig)
    HAL_RCC_GetPCLK1Freq                     0x08000eb9   Thumb Code    20  stm32f1xx_hal_rcc.o(i.HAL_RCC_GetPCLK1Freq)
    HAL_RCC_GetPCLK2Freq                     0x08000ed9   Thumb Code    20  stm32f1xx_hal_rcc.o(i.HAL_RCC_GetPCLK2Freq)
    HAL_RCC_GetSysClockFreq                  0x08000ef9   Thumb Code    74  stm32f1xx_hal_rcc.o(i.HAL_RCC_GetSysClockFreq)
    HAL_RCC_OscConfig                        0x08000f65   Thumb Code   778  stm32f1xx_hal_rcc.o(i.HAL_RCC_OscConfig)
    HAL_SPI_Init                             0x08001285   Thumb Code   178  stm32f1xx_hal_spi.o(i.HAL_SPI_Init)
    HAL_SPI_MspInit                          0x08001339   Thumb Code   112  spi.o(i.HAL_SPI_MspInit)
    HAL_SPI_Receive                          0x080013b9   Thumb Code   346  stm32f1xx_hal_spi.o(i.HAL_SPI_Receive)
    HAL_SPI_Transmit                         0x08001513   Thumb Code   358  stm32f1xx_hal_spi.o(i.HAL_SPI_Transmit)
    HAL_SPI_TransmitReceive                  0x08001679   Thumb Code   482  stm32f1xx_hal_spi.o(i.HAL_SPI_TransmitReceive)
    HAL_SYSTICK_Config                       0x0800185b   Thumb Code    40  stm32f1xx_hal_cortex.o(i.HAL_SYSTICK_Config)
    HAL_TIMEx_BreakCallback                  0x08001883   Thumb Code     2  stm32f1xx_hal_tim_ex.o(i.HAL_TIMEx_BreakCallback)
    HAL_TIMEx_CommutCallback                 0x08001885   Thumb Code     2  stm32f1xx_hal_tim_ex.o(i.HAL_TIMEx_CommutCallback)
    HAL_TIMEx_MasterConfigSynchronization    0x08001889   Thumb Code   104  stm32f1xx_hal_tim_ex.o(i.HAL_TIMEx_MasterConfigSynchronization)
    HAL_TIM_Base_Init                        0x08001905   Thumb Code    90  stm32f1xx_hal_tim.o(i.HAL_TIM_Base_Init)
    HAL_TIM_Base_MspInit                     0x08001961   Thumb Code    50  tim.o(i.HAL_TIM_Base_MspInit)
    HAL_TIM_ConfigClockSource                0x08001999   Thumb Code   214  stm32f1xx_hal_tim.o(i.HAL_TIM_ConfigClockSource)
    HAL_TIM_IC_CaptureCallback               0x08001a6f   Thumb Code     2  stm32f1xx_hal_tim.o(i.HAL_TIM_IC_CaptureCallback)
    HAL_TIM_IRQHandler                       0x08001a71   Thumb Code   358  stm32f1xx_hal_tim.o(i.HAL_TIM_IRQHandler)
    HAL_TIM_OC_DelayElapsedCallback          0x08001bd7   Thumb Code     2  stm32f1xx_hal_tim.o(i.HAL_TIM_OC_DelayElapsedCallback)
    HAL_TIM_PWM_PulseFinishedCallback        0x08001bd9   Thumb Code     2  stm32f1xx_hal_tim.o(i.HAL_TIM_PWM_PulseFinishedCallback)
    HAL_TIM_PeriodElapsedCallback            0x08001bdb   Thumb Code     2  stm32f1xx_hal_tim.o(i.HAL_TIM_PeriodElapsedCallback)
    HAL_TIM_TriggerCallback                  0x08001bdd   Thumb Code     2  stm32f1xx_hal_tim.o(i.HAL_TIM_TriggerCallback)
    HAL_UART_ErrorCallback                   0x08001bdf   Thumb Code     2  stm32f1xx_hal_uart.o(i.HAL_UART_ErrorCallback)
    HAL_UART_IRQHandler                      0x08001be1   Thumb Code   344  stm32f1xx_hal_uart.o(i.HAL_UART_IRQHandler)
    HAL_UART_Init                            0x08001d3d   Thumb Code    98  stm32f1xx_hal_uart.o(i.HAL_UART_Init)
    HAL_UART_MspInit                         0x08001da1   Thumb Code   116  usart.o(i.HAL_UART_MspInit)
    HAL_UART_RxCpltCallback                  0x08001e21   Thumb Code     2  stm32f1xx_hal_uart.o(i.HAL_UART_RxCpltCallback)
    HAL_UART_TxCpltCallback                  0x08001e23   Thumb Code     2  stm32f1xx_hal_uart.o(i.HAL_UART_TxCpltCallback)
    HardFault_Handler                        0x08001e25   Thumb Code     2  stm32f1xx_it.o(i.HardFault_Handler)
    MX_GPIO_Init                             0x08001e29   Thumb Code   160  gpio.o(i.MX_GPIO_Init)
    MX_SPI1_Init                             0x08001ed5   Thumb Code    62  spi.o(i.MX_SPI1_Init)
    MX_TIM2_Init                             0x08001f1d   Thumb Code   100  tim.o(i.MX_TIM2_Init)
    MX_USART1_UART_Init                      0x08001f85   Thumb Code    48  usart.o(i.MX_USART1_UART_Init)
    MemManage_Handler                        0x08001fbd   Thumb Code     2  stm32f1xx_it.o(i.MemManage_Handler)
    NMI_Handler                              0x08001fbf   Thumb Code     2  stm32f1xx_it.o(i.NMI_Handler)
    PendSV_Handler                           0x08001fc1   Thumb Code     2  stm32f1xx_it.o(i.PendSV_Handler)
    SEGGER_RTT_Write                         0x08001fc5   Thumb Code    50  segger_rtt.o(i.SEGGER_RTT_Write)
    SEGGER_RTT_WriteNoLock                   0x08001ffd   Thumb Code    86  segger_rtt.o(i.SEGGER_RTT_WriteNoLock)
    SEGGER_RTT_printf                        0x08002059   Thumb Code    22  segger_rtt_printf.o(i.SEGGER_RTT_printf)
    SEGGER_RTT_vprintf                       0x08002071   Thumb Code   482  segger_rtt_printf.o(i.SEGGER_RTT_vprintf)
    SVC_Handler                              0x08002391   Thumb Code     2  stm32f1xx_it.o(i.SVC_Handler)
    SysTick_Handler                          0x08002393   Thumb Code     4  stm32f1xx_it.o(i.SysTick_Handler)
    SystemClock_Config                       0x08002397   Thumb Code    80  main.o(i.SystemClock_Config)
    SystemInit                               0x080023e7   Thumb Code     2  system_stm32f1xx_1.o(i.SystemInit)
    TIM2_IRQHandler                          0x080023e9   Thumb Code     6  stm32f1xx_it.o(i.TIM2_IRQHandler)
    TIM_Base_SetConfig                       0x080023f5   Thumb Code   120  stm32f1xx_hal_tim.o(i.TIM_Base_SetConfig)
    TIM_ETR_SetConfig                        0x08002481   Thumb Code    20  stm32f1xx_hal_tim.o(i.TIM_ETR_SetConfig)
    USART1_IRQHandler                        0x0800265d   Thumb Code     6  stm32f1xx_it.o(i.USART1_IRQHandler)
    UsageFault_Handler                       0x08002669   Thumb Code     2  stm32f1xx_it.o(i.UsageFault_Handler)
    __0sprintf                               0x08002965   Thumb Code    34  printfa.o(i.__0sprintf)
    __1sprintf                               0x08002965   Thumb Code     0  printfa.o(i.__0sprintf)
    __2sprintf                               0x08002965   Thumb Code     0  printfa.o(i.__0sprintf)
    __c89sprintf                             0x08002965   Thumb Code     0  printfa.o(i.__0sprintf)
    sprintf                                  0x08002965   Thumb Code     0  printfa.o(i.__0sprintf)
    __scatterload_copy                       0x080029ad   Thumb Code    14  handlers.o(i.__scatterload_copy)
    __scatterload_null                       0x080029bb   Thumb Code     2  handlers.o(i.__scatterload_null)
    __scatterload_zeroinit                   0x080029bd   Thumb Code    14  handlers.o(i.__scatterload_zeroinit)
    bma2x2_data_readout                      0x08003289   Thumb Code    70  bmx055.o(i.bma2x2_data_readout)
    bma2x2_init                              0x080032d1   Thumb Code    72  bma2x2.o(i.bma2x2_init)
    bma2x2_read_accel_x                      0x0800331d   Thumb Code   134  bma2x2.o(i.bma2x2_read_accel_x)
    bma2x2_read_accel_xyz                    0x080033a9   Thumb Code   272  bma2x2.o(i.bma2x2_read_accel_xyz)
    bma2x2_read_accel_xyzt                   0x080034bd   Thumb Code   278  bma2x2.o(i.bma2x2_read_accel_xyzt)
    bma2x2_read_accel_y                      0x080035d9   Thumb Code   134  bma2x2.o(i.bma2x2_read_accel_y)
    bma2x2_read_accel_z                      0x08003665   Thumb Code   134  bma2x2.o(i.bma2x2_read_accel_z)
    bma2x2_read_reg                          0x080036f1   Thumb Code    36  bma2x2.o(i.bma2x2_read_reg)
    bma2x2_set_bw                            0x08003719   Thumb Code   152  bma2x2.o(i.bma2x2_set_bw)
    bma2x2_set_mode_value                    0x080037b5   Thumb Code    78  bma2x2.o(i.bma2x2_set_mode_value)
    bma2x2_set_power_mode                    0x08003809   Thumb Code   234  bma2x2.o(i.bma2x2_set_power_mode)
    bma2x2_set_range                         0x080038f9   Thumb Code   148  bma2x2.o(i.bma2x2_set_range)
    bma2x2_write_reg                         0x08003991   Thumb Code    52  bma2x2.o(i.bma2x2_write_reg)
    bmg160_data_readout                      0x080039c9   Thumb Code    90  bmx055.o(i.bmg160_data_readout)
    bmg160_get_auto_sleep_durn               0x08003a25   Thumb Code    46  bmg160.o(i.bmg160_get_auto_sleep_durn)
    bmg160_get_bw                            0x08003a59   Thumb Code    46  bmg160.o(i.bmg160_get_bw)
    bmg160_get_data_x                        0x08003a8d   Thumb Code    52  bmg160.o(i.bmg160_get_data_x)
    bmg160_get_data_xyz                      0x08003ac5   Thumb Code    92  bmg160.o(i.bmg160_get_data_xyz)
    bmg160_get_data_xyzi                     0x08003b25   Thumb Code   126  bmg160.o(i.bmg160_get_data_xyzi)
    bmg160_get_data_y                        0x08003ba9   Thumb Code    52  bmg160.o(i.bmg160_get_data_y)
    bmg160_get_data_z                        0x08003be1   Thumb Code    52  bmg160.o(i.bmg160_get_data_z)
    bmg160_get_power_mode                    0x08003c19   Thumb Code   144  bmg160.o(i.bmg160_get_power_mode)
    bmg160_init                              0x08003cad   Thumb Code    36  bmg160.o(i.bmg160_init)
    bmg160_set_auto_sleep_durn               0x08003cd5   Thumb Code   130  bmg160.o(i.bmg160_set_auto_sleep_durn)
    bmg160_set_bw                            0x08003d5d   Thumb Code   118  bmg160.o(i.bmg160_set_bw)
    bmg160_set_power_mode                    0x08003dd9   Thumb Code   254  bmg160.o(i.bmg160_set_power_mode)
    bmg160_set_range_reg                     0x08003edd   Thumb Code    80  bmg160.o(i.bmg160_set_range_reg)
    bmm050_compensate_X                      0x08003f31   Thumb Code    92  bmm050.o(i.bmm050_compensate_X)
    bmm050_compensate_Y                      0x08003f95   Thumb Code    88  bmm050.o(i.bmm050_compensate_Y)
    bmm050_compensate_Z                      0x08003ff5   Thumb Code   102  bmm050.o(i.bmm050_compensate_Z)
    bmm050_data_readout                      0x08004065   Thumb Code    18  bmx055.o(i.bmm050_data_readout)
    bmm050_get_power_mode                    0x08004079   Thumb Code    46  bmm050.o(i.bmm050_get_power_mode)
    bmm050_init                              0x080040ad   Thumb Code    68  bmm050.o(i.bmm050_init)
    bmm050_init_trim_registers               0x080040f5   Thumb Code   256  bmm050.o(i.bmm050_init_trim_registers)
    bmm050_read_mag_data_XYZ                 0x080041f9   Thumb Code   150  bmm050.o(i.bmm050_read_mag_data_XYZ)
    bmm050_set_data_rate                     0x08004295   Thumb Code    70  bmm050.o(i.bmm050_set_data_rate)
    bmm050_set_functional_state              0x080042e1   Thumb Code   242  bmm050.o(i.bmm050_set_functional_state)
    bmm050_set_power_mode                    0x080043d9   Thumb Code    70  bmm050.o(i.bmm050_set_power_mode)
    bmm050_set_presetmode                    0x08004425   Thumb Code   112  bmm050.o(i.bmm050_set_presetmode)
    bmm050_set_rep_XY                        0x08004495   Thumb Code    38  bmm050.o(i.bmm050_set_rep_XY)
    bmm050_set_rep_Z                         0x080044c1   Thumb Code    38  bmm050.o(i.bmm050_set_rep_Z)
    bmx_055_init                             0x080044ed   Thumb Code   106  bmx055.o(i.bmx_055_init)
    main                                     0x08004581   Thumb Code   244  main.o(i.main)
    AHBPrescTable                            0x080046d8   Data          16  system_stm32f1xx_1.o(.constdata)
    APBPrescTable                            0x080046e8   Data           8  system_stm32f1xx_1.o(.constdata)
    Region$$Table$$Base                      0x08004700   Number         0  anon$$obj.o(Region$$Table)
    Region$$Table$$Limit                     0x08004720   Number         0  anon$$obj.o(Region$$Table)
    uwTickFreq                               0x20000000   Data           1  stm32f1xx_hal.o(.data)
    uwTickPrio                               0x20000004   Data           4  stm32f1xx_hal.o(.data)
    uwTick                                   0x20000008   Data           4  stm32f1xx_hal.o(.data)
    SystemCoreClock                          0x2000000c   Data           4  system_stm32f1xx_1.o(.data)
    V_BMA2x2RESOLUTION_U8                    0x20000014   Data           1  bma2x2.o(.data)
    bma2x2                                   0x20000020   Data          24  bmx055.o(.bss)
    bmm050                                   0x20000038   Data          32  bmx055.o(.bss)
    bmg160                                   0x20000058   Data          20  bmx055.o(.bss)
    hspi1                                    0x2000006c   Data          88  spi.o(.bss)
    htim2                                    0x200000c4   Data          72  tim.o(.bss)
    huart1                                   0x2000010c   Data          64  usart.o(.bss)
    _SEGGER_RTT                              0x2000014c   Data         168  segger_rtt.o(.bss)
    __initial_sp                             0x20000a08   Data           0  startup_stm32f103x6.o(STACK)



==============================================================================

Memory Map of the image

  Image Entry point : 0x080000ed

  Load Region LR_IROM1 (Base: 0x08000000, Size: 0x00004740, Max: 0x00040000, ABSOLUTE)

    Execution Region ER_IROM1 (Exec base: 0x08000000, Load base: 0x08000000, Size: 0x00004720, Max: 0x00040000, ABSOLUTE)

    Exec Addr    Load Addr    Size         Type   Attr      Idx    E Section Name        Object

    0x08000000   0x08000000   0x000000ec   Data   RO         3175    RESET               startup_stm32f103x6.o
    0x080000ec   0x080000ec   0x00000000   Code   RO         5658  * .ARM.Collect$$$$00000000  mc_w.l(entry.o)
    0x080000ec   0x080000ec   0x00000004   Code   RO         6024    .ARM.Collect$$$$00000001  mc_w.l(entry2.o)
    0x080000f0   0x080000f0   0x00000004   Code   RO         6027    .ARM.Collect$$$$00000004  mc_w.l(entry5.o)
    0x080000f4   0x080000f4   0x00000000   Code   RO         6029    .ARM.Collect$$$$00000008  mc_w.l(entry7b.o)
    0x080000f4   0x080000f4   0x00000000   Code   RO         6031    .ARM.Collect$$$$0000000A  mc_w.l(entry8b.o)
    0x080000f4   0x080000f4   0x00000008   Code   RO         6032    .ARM.Collect$$$$0000000B  mc_w.l(entry9a.o)
    0x080000fc   0x080000fc   0x00000000   Code   RO         6034    .ARM.Collect$$$$0000000D  mc_w.l(entry10a.o)
    0x080000fc   0x080000fc   0x00000000   Code   RO         6036    .ARM.Collect$$$$0000000F  mc_w.l(entry11a.o)
    0x080000fc   0x080000fc   0x00000004   Code   RO         6025    .ARM.Collect$$$$00002712  mc_w.l(entry2.o)
    0x08000100   0x08000100   0x00000024   Code   RO         3176    .text               startup_stm32f103x6.o
    0x08000124   0x08000124   0x00000020   Code   RO         5661    .text               mc_w.l(llushr.o)
    0x08000144   0x08000144   0x00000024   Code   RO         5663    .text               mc_w.l(memcpya.o)
    0x08000168   0x08000168   0x00000024   Code   RO         5665    .text               mc_w.l(memseta.o)
    0x0800018c   0x0800018c   0x00000012   Code   RO         5669    .text               mc_w.l(strcpy.o)
    0x0800019e   0x0800019e   0x0000014e   Code   RO         5942    .text               mf_w.l(dadd.o)
    0x080002ec   0x080002ec   0x000000e4   Code   RO         5944    .text               mf_w.l(dmul.o)
    0x080003d0   0x080003d0   0x000000de   Code   RO         5946    .text               mf_w.l(ddiv.o)
    0x080004ae   0x080004ae   0x00000022   Code   RO         5954    .text               mf_w.l(dflti.o)
    0x080004d0   0x080004d0   0x0000002c   Code   RO         6041    .text               mc_w.l(uidiv.o)
    0x080004fc   0x080004fc   0x00000062   Code   RO         6043    .text               mc_w.l(uldiv.o)
    0x0800055e   0x0800055e   0x0000001e   Code   RO         6045    .text               mc_w.l(llshl.o)
    0x0800057c   0x0800057c   0x00000024   Code   RO         6047    .text               mc_w.l(llsshr.o)
    0x080005a0   0x080005a0   0x00000000   Code   RO         6056    .text               mc_w.l(iusefp.o)
    0x080005a0   0x080005a0   0x000000ba   Code   RO         6063    .text               mf_w.l(depilogue.o)
    0x0800065a   0x0800065a   0x00000030   Code   RO         6067    .text               mf_w.l(dfixul.o)
    0x0800068a   0x0800068a   0x00000002   PAD
    0x0800068c   0x0800068c   0x00000030   Code   RO         6069    .text               mf_w.l(cdrcmple.o)
    0x080006bc   0x080006bc   0x00000024   Code   RO         6075    .text               mc_w.l(init.o)
    0x080006e0   0x080006e0   0x00000060   Code   RO            4    i.BMA2x2_SPI_bus_read  bmx055.o
    0x08000740   0x08000740   0x00000054   Code   RO            5    i.BMA2x2_SPI_bus_write  bmx055.o
    0x08000794   0x08000794   0x00000004   Code   RO            6    i.BMA2x2_delay_msek  bmx055.o
    0x08000798   0x08000798   0x00000058   Code   RO            7    i.BMG160_SPI_bus_read  bmx055.o
    0x080007f0   0x080007f0   0x0000004c   Code   RO            8    i.BMG160_SPI_bus_write  bmx055.o
    0x0800083c   0x0800083c   0x00000004   Code   RO            9    i.BMG160_delay_msek  bmx055.o
    0x08000840   0x08000840   0x00000058   Code   RO           10    i.BMM050_SPI_bus_read  bmx055.o
    0x08000898   0x08000898   0x00000054   Code   RO           11    i.BMM050_SPI_bus_write  bmx055.o
    0x080008ec   0x080008ec   0x00000004   Code   RO           12    i.BMM050_delay_msek  bmx055.o
    0x080008f0   0x080008f0   0x00000002   Code   RO          437    i.BusFault_Handler  stm32f1xx_it.o
    0x080008f2   0x080008f2   0x00000002   Code   RO          438    i.DebugMon_Handler  stm32f1xx_it.o
    0x080008f4   0x080008f4   0x00000002   Code   RO          220    i.Error_Handler     main.o
    0x080008f6   0x080008f6   0x00000002   PAD
    0x080008f8   0x080008f8   0x00000130   Code   RO         1287    i.HAL_DMA_Abort_IT  stm32f1xx_hal_dma.o
    0x08000a28   0x08000a28   0x00000024   Code   RO          914    i.HAL_Delay         stm32f1xx_hal.o
    0x08000a4c   0x08000a4c   0x000001f8   Code   RO         1222    i.HAL_GPIO_Init     stm32f1xx_hal_gpio.o
    0x08000c44   0x08000c44   0x0000000a   Code   RO         1226    i.HAL_GPIO_WritePin  stm32f1xx_hal_gpio.o
    0x08000c4e   0x08000c4e   0x00000002   PAD
    0x08000c50   0x08000c50   0x0000000c   Code   RO          918    i.HAL_GetTick       stm32f1xx_hal.o
    0x08000c5c   0x08000c5c   0x00000010   Code   RO          924    i.HAL_IncTick       stm32f1xx_hal.o
    0x08000c6c   0x08000c6c   0x00000024   Code   RO          925    i.HAL_Init          stm32f1xx_hal.o
    0x08000c90   0x08000c90   0x00000040   Code   RO          926    i.HAL_InitTick      stm32f1xx_hal.o
    0x08000cd0   0x08000cd0   0x0000003c   Code   RO          525    i.HAL_MspInit       stm32f1xx_hal_msp.o
    0x08000d0c   0x08000d0c   0x0000001a   Code   RO         1382    i.HAL_NVIC_EnableIRQ  stm32f1xx_hal_cortex.o
    0x08000d26   0x08000d26   0x00000002   PAD
    0x08000d28   0x08000d28   0x00000040   Code   RO         1388    i.HAL_NVIC_SetPriority  stm32f1xx_hal_cortex.o
    0x08000d68   0x08000d68   0x00000024   Code   RO         1389    i.HAL_NVIC_SetPriorityGrouping  stm32f1xx_hal_cortex.o
    0x08000d8c   0x08000d8c   0x0000012c   Code   RO         1082    i.HAL_RCC_ClockConfig  stm32f1xx_hal_rcc.o
    0x08000eb8   0x08000eb8   0x00000020   Code   RO         1089    i.HAL_RCC_GetPCLK1Freq  stm32f1xx_hal_rcc.o
    0x08000ed8   0x08000ed8   0x00000020   Code   RO         1090    i.HAL_RCC_GetPCLK2Freq  stm32f1xx_hal_rcc.o
    0x08000ef8   0x08000ef8   0x0000006c   Code   RO         1091    i.HAL_RCC_GetSysClockFreq  stm32f1xx_hal_rcc.o
    0x08000f64   0x08000f64   0x00000320   Code   RO         1094    i.HAL_RCC_OscConfig  stm32f1xx_hal_rcc.o
    0x08001284   0x08001284   0x000000b2   Code   RO          596    i.HAL_SPI_Init      stm32f1xx_hal_spi.o
    0x08001336   0x08001336   0x00000002   PAD
    0x08001338   0x08001338   0x00000080   Code   RO          312    i.HAL_SPI_MspInit   spi.o
    0x080013b8   0x080013b8   0x0000015a   Code   RO          599    i.HAL_SPI_Receive   stm32f1xx_hal_spi.o
    0x08001512   0x08001512   0x00000166   Code   RO          604    i.HAL_SPI_Transmit  stm32f1xx_hal_spi.o
    0x08001678   0x08001678   0x000001e2   Code   RO          605    i.HAL_SPI_TransmitReceive  stm32f1xx_hal_spi.o
    0x0800185a   0x0800185a   0x00000028   Code   RO         1393    i.HAL_SYSTICK_Config  stm32f1xx_hal_cortex.o
    0x08001882   0x08001882   0x00000002   Code   RO         2588    i.HAL_TIMEx_BreakCallback  stm32f1xx_hal_tim_ex.o
    0x08001884   0x08001884   0x00000002   Code   RO         2589    i.HAL_TIMEx_CommutCallback  stm32f1xx_hal_tim_ex.o
    0x08001886   0x08001886   0x00000002   PAD
    0x08001888   0x08001888   0x0000007c   Code   RO         2607    i.HAL_TIMEx_MasterConfigSynchronization  stm32f1xx_hal_tim_ex.o
    0x08001904   0x08001904   0x0000005a   Code   RO         1884    i.HAL_TIM_Base_Init  stm32f1xx_hal_tim.o
    0x0800195e   0x0800195e   0x00000002   PAD
    0x08001960   0x08001960   0x00000038   Code   RO          354    i.HAL_TIM_Base_MspInit  tim.o
    0x08001998   0x08001998   0x000000d6   Code   RO         1893    i.HAL_TIM_ConfigClockSource  stm32f1xx_hal_tim.o
    0x08001a6e   0x08001a6e   0x00000002   Code   RO         1918    i.HAL_TIM_IC_CaptureCallback  stm32f1xx_hal_tim.o
    0x08001a70   0x08001a70   0x00000166   Code   RO         1932    i.HAL_TIM_IRQHandler  stm32f1xx_hal_tim.o
    0x08001bd6   0x08001bd6   0x00000002   Code   RO         1935    i.HAL_TIM_OC_DelayElapsedCallback  stm32f1xx_hal_tim.o
    0x08001bd8   0x08001bd8   0x00000002   Code   RO         1962    i.HAL_TIM_PWM_PulseFinishedCallback  stm32f1xx_hal_tim.o
    0x08001bda   0x08001bda   0x00000002   Code   RO         1970    i.HAL_TIM_PeriodElapsedCallback  stm32f1xx_hal_tim.o
    0x08001bdc   0x08001bdc   0x00000002   Code   RO         1975    i.HAL_TIM_TriggerCallback  stm32f1xx_hal_tim.o
    0x08001bde   0x08001bde   0x00000002   Code   RO         2876    i.HAL_UART_ErrorCallback  stm32f1xx_hal_uart.o
    0x08001be0   0x08001be0   0x0000015c   Code   RO         2879    i.HAL_UART_IRQHandler  stm32f1xx_hal_uart.o
    0x08001d3c   0x08001d3c   0x00000062   Code   RO         2880    i.HAL_UART_Init     stm32f1xx_hal_uart.o
    0x08001d9e   0x08001d9e   0x00000002   PAD
    0x08001da0   0x08001da0   0x00000080   Code   RO          396    i.HAL_UART_MspInit  usart.o
    0x08001e20   0x08001e20   0x00000002   Code   RO         2886    i.HAL_UART_RxCpltCallback  stm32f1xx_hal_uart.o
    0x08001e22   0x08001e22   0x00000002   Code   RO         2891    i.HAL_UART_TxCpltCallback  stm32f1xx_hal_uart.o
    0x08001e24   0x08001e24   0x00000002   Code   RO          439    i.HardFault_Handler  stm32f1xx_it.o
    0x08001e26   0x08001e26   0x00000002   PAD
    0x08001e28   0x08001e28   0x000000ac   Code   RO          287    i.MX_GPIO_Init      gpio.o
    0x08001ed4   0x08001ed4   0x00000048   Code   RO          313    i.MX_SPI1_Init      spi.o
    0x08001f1c   0x08001f1c   0x00000068   Code   RO          355    i.MX_TIM2_Init      tim.o
    0x08001f84   0x08001f84   0x00000038   Code   RO          397    i.MX_USART1_UART_Init  usart.o
    0x08001fbc   0x08001fbc   0x00000002   Code   RO          440    i.MemManage_Handler  stm32f1xx_it.o
    0x08001fbe   0x08001fbe   0x00000002   Code   RO          441    i.NMI_Handler       stm32f1xx_it.o
    0x08001fc0   0x08001fc0   0x00000002   Code   RO          442    i.PendSV_Handler    stm32f1xx_it.o
    0x08001fc2   0x08001fc2   0x00000002   PAD
    0x08001fc4   0x08001fc4   0x00000038   Code   RO         3243    i.SEGGER_RTT_Write  segger_rtt.o
    0x08001ffc   0x08001ffc   0x0000005c   Code   RO         3246    i.SEGGER_RTT_WriteNoLock  segger_rtt.o
    0x08002058   0x08002058   0x00000016   Code   RO         3453    i.SEGGER_RTT_printf  segger_rtt_printf.o
    0x0800206e   0x0800206e   0x00000002   PAD
    0x08002070   0x08002070   0x000001ec   Code   RO         3454    i.SEGGER_RTT_vprintf  segger_rtt_printf.o
    0x0800225c   0x0800225c   0x0000005c   Code   RO          633    i.SPI_EndRxTransaction  stm32f1xx_hal_spi.o
    0x080022b8   0x080022b8   0x00000020   Code   RO          634    i.SPI_EndRxTxTransaction  stm32f1xx_hal_spi.o
    0x080022d8   0x080022d8   0x000000b8   Code   RO          639    i.SPI_WaitFlagStateUntilTimeout  stm32f1xx_hal_spi.o
    0x08002390   0x08002390   0x00000002   Code   RO          443    i.SVC_Handler       stm32f1xx_it.o
    0x08002392   0x08002392   0x00000004   Code   RO          444    i.SysTick_Handler   stm32f1xx_it.o
    0x08002396   0x08002396   0x00000050   Code   RO          221    i.SystemClock_Config  main.o
    0x080023e6   0x080023e6   0x00000002   Code   RO         3184    i.SystemInit        system_stm32f1xx_1.o
    0x080023e8   0x080023e8   0x0000000c   Code   RO          445    i.TIM2_IRQHandler   stm32f1xx_it.o
    0x080023f4   0x080023f4   0x0000008c   Code   RO         1977    i.TIM_Base_SetConfig  stm32f1xx_hal_tim.o
    0x08002480   0x08002480   0x00000014   Code   RO         1988    i.TIM_ETR_SetConfig  stm32f1xx_hal_tim.o
    0x08002494   0x08002494   0x00000010   Code   RO         1989    i.TIM_ITRx_SetConfig  stm32f1xx_hal_tim.o
    0x080024a4   0x080024a4   0x00000022   Code   RO         1995    i.TIM_TI1_ConfigInputStage  stm32f1xx_hal_tim.o
    0x080024c6   0x080024c6   0x00000024   Code   RO         1997    i.TIM_TI2_ConfigInputStage  stm32f1xx_hal_tim.o
    0x080024ea   0x080024ea   0x00000010   Code   RO         2893    i.UART_DMAAbortOnError  stm32f1xx_hal_uart.o
    0x080024fa   0x080024fa   0x0000001c   Code   RO         2903    i.UART_EndRxTransfer  stm32f1xx_hal_uart.o
    0x08002516   0x08002516   0x0000008c   Code   RO         2905    i.UART_Receive_IT   stm32f1xx_hal_uart.o
    0x080025a2   0x080025a2   0x00000002   PAD
    0x080025a4   0x080025a4   0x000000b8   Code   RO         2906    i.UART_SetConfig    stm32f1xx_hal_uart.o
    0x0800265c   0x0800265c   0x0000000c   Code   RO          446    i.USART1_IRQHandler  stm32f1xx_it.o
    0x08002668   0x08002668   0x00000002   Code   RO          447    i.UsageFault_Handler  stm32f1xx_it.o
    0x0800266a   0x0800266a   0x00000002   PAD
    0x0800266c   0x0800266c   0x00000068   Code   RO         3250    i._DoInit           segger_rtt.o
    0x080026d4   0x080026d4   0x00000016   Code   RO         3251    i._GetAvailWriteSpace  segger_rtt.o
    0x080026ea   0x080026ea   0x00000002   PAD
    0x080026ec   0x080026ec   0x000000c6   Code   RO         3455    i._PrintInt         segger_rtt_printf.o
    0x080027b2   0x080027b2   0x00000002   PAD
    0x080027b4   0x080027b4   0x000000d4   Code   RO         3456    i._PrintUnsigned    segger_rtt_printf.o
    0x08002888   0x08002888   0x0000003e   Code   RO         3457    i._StoreChar        segger_rtt_printf.o
    0x080028c6   0x080028c6   0x0000005a   Code   RO         3253    i._WriteBlocking    segger_rtt.o
    0x08002920   0x08002920   0x00000042   Code   RO         3254    i._WriteNoCheck     segger_rtt.o
    0x08002962   0x08002962   0x00000002   PAD
    0x08002964   0x08002964   0x00000028   Code   RO         5908    i.__0sprintf        mc_w.l(printfa.o)
    0x0800298c   0x0800298c   0x00000020   Code   RO         1395    i.__NVIC_SetPriority  stm32f1xx_hal_cortex.o
    0x080029ac   0x080029ac   0x0000000e   Code   RO         6085    i.__scatterload_copy  mc_w.l(handlers.o)
    0x080029ba   0x080029ba   0x00000002   Code   RO         6086    i.__scatterload_null  mc_w.l(handlers.o)
    0x080029bc   0x080029bc   0x0000000e   Code   RO         6087    i.__scatterload_zeroinit  mc_w.l(handlers.o)
    0x080029ca   0x080029ca   0x00000002   PAD
    0x080029cc   0x080029cc   0x00000184   Code   RO         5913    i._fp_digits        mc_w.l(printfa.o)
    0x08002b50   0x08002b50   0x000006dc   Code   RO         5914    i._printf_core      mc_w.l(printfa.o)
    0x0800322c   0x0800322c   0x00000024   Code   RO         5915    i._printf_post_padding  mc_w.l(printfa.o)
    0x08003250   0x08003250   0x0000002e   Code   RO         5916    i._printf_pre_padding  mc_w.l(printfa.o)
    0x0800327e   0x0800327e   0x0000000a   Code   RO         5918    i._sputc            mc_w.l(printfa.o)
    0x08003288   0x08003288   0x00000046   Code   RO           13    i.bma2x2_data_readout  bmx055.o
    0x080032ce   0x080032ce   0x00000002   PAD
    0x080032d0   0x080032d0   0x0000004c   Code   RO         4499    i.bma2x2_init       bma2x2.o
    0x0800331c   0x0800331c   0x0000008c   Code   RO         4505    i.bma2x2_read_accel_x  bma2x2.o
    0x080033a8   0x080033a8   0x00000114   Code   RO         4506    i.bma2x2_read_accel_xyz  bma2x2.o
    0x080034bc   0x080034bc   0x0000011c   Code   RO         4507    i.bma2x2_read_accel_xyzt  bma2x2.o
    0x080035d8   0x080035d8   0x0000008c   Code   RO         4508    i.bma2x2_read_accel_y  bma2x2.o
    0x08003664   0x08003664   0x0000008c   Code   RO         4509    i.bma2x2_read_accel_z  bma2x2.o
    0x080036f0   0x080036f0   0x00000028   Code   RO         4511    i.bma2x2_read_reg   bma2x2.o
    0x08003718   0x08003718   0x0000009c   Code   RO         4514    i.bma2x2_set_bw     bma2x2.o
    0x080037b4   0x080037b4   0x00000054   Code   RO         4544    i.bma2x2_set_mode_value  bma2x2.o
    0x08003808   0x08003808   0x000000f0   Code   RO         4555    i.bma2x2_set_power_mode  bma2x2.o
    0x080038f8   0x080038f8   0x00000098   Code   RO         4556    i.bma2x2_set_range  bma2x2.o
    0x08003990   0x08003990   0x00000038   Code   RO         4575    i.bma2x2_write_reg  bma2x2.o
    0x080039c8   0x080039c8   0x0000005a   Code   RO           14    i.bmg160_data_readout  bmx055.o
    0x08003a22   0x08003a22   0x00000002   PAD
    0x08003a24   0x08003a24   0x00000034   Code   RO         3497    i.bmg160_get_auto_sleep_durn  bmg160.o
    0x08003a58   0x08003a58   0x00000034   Code   RO         3499    i.bmg160_get_bw     bmg160.o
    0x08003a8c   0x08003a8c   0x00000038   Code   RO         3501    i.bmg160_get_data_x  bmg160.o
    0x08003ac4   0x08003ac4   0x00000060   Code   RO         3502    i.bmg160_get_data_xyz  bmg160.o
    0x08003b24   0x08003b24   0x00000084   Code   RO         3503    i.bmg160_get_data_xyzi  bmg160.o
    0x08003ba8   0x08003ba8   0x00000038   Code   RO         3504    i.bmg160_get_data_y  bmg160.o
    0x08003be0   0x08003be0   0x00000038   Code   RO         3505    i.bmg160_get_data_z  bmg160.o
    0x08003c18   0x08003c18   0x00000094   Code   RO         3547    i.bmg160_get_power_mode  bmg160.o
    0x08003cac   0x08003cac   0x00000028   Code   RO         3557    i.bmg160_init       bmg160.o
    0x08003cd4   0x08003cd4   0x00000088   Code   RO         3565    i.bmg160_set_auto_sleep_durn  bmg160.o
    0x08003d5c   0x08003d5c   0x0000007c   Code   RO         3567    i.bmg160_set_bw     bmg160.o
    0x08003dd8   0x08003dd8   0x00000104   Code   RO         3603    i.bmg160_set_power_mode  bmg160.o
    0x08003edc   0x08003edc   0x00000054   Code   RO         3604    i.bmg160_set_range_reg  bmg160.o
    0x08003f30   0x08003f30   0x00000064   Code   RO         5315    i.bmm050_compensate_X  bmm050.o
    0x08003f94   0x08003f94   0x00000060   Code   RO         5318    i.bmm050_compensate_Y  bmm050.o
    0x08003ff4   0x08003ff4   0x00000070   Code   RO         5321    i.bmm050_compensate_Z  bmm050.o
    0x08004064   0x08004064   0x00000012   Code   RO           15    i.bmm050_data_readout  bmx055.o
    0x08004076   0x08004076   0x00000002   PAD
    0x08004078   0x08004078   0x00000034   Code   RO         5328    i.bmm050_get_power_mode  bmm050.o
    0x080040ac   0x080040ac   0x00000048   Code   RO         5334    i.bmm050_init       bmm050.o
    0x080040f4   0x080040f4   0x00000104   Code   RO         5335    i.bmm050_init_trim_registers  bmm050.o
    0x080041f8   0x080041f8   0x0000009c   Code   RO         5340    i.bmm050_read_mag_data_XYZ  bmm050.o
    0x08004294   0x08004294   0x0000004c   Code   RO         5347    i.bmm050_set_data_rate  bmm050.o
    0x080042e0   0x080042e0   0x000000f8   Code   RO         5348    i.bmm050_set_functional_state  bmm050.o
    0x080043d8   0x080043d8   0x0000004c   Code   RO         5349    i.bmm050_set_power_mode  bmm050.o
    0x08004424   0x08004424   0x00000070   Code   RO         5350    i.bmm050_set_presetmode  bmm050.o
    0x08004494   0x08004494   0x0000002c   Code   RO         5351    i.bmm050_set_rep_XY  bmm050.o
    0x080044c0   0x080044c0   0x0000002c   Code   RO         5352    i.bmm050_set_rep_Z  bmm050.o
    0x080044ec   0x080044ec   0x00000094   Code   RO           16    i.bmx_055_init      bmx055.o
    0x08004580   0x08004580   0x00000158   Code   RO          222    i.main              main.o
    0x080046d8   0x080046d8   0x00000010   Data   RO         3185    .constdata          system_stm32f1xx_1.o
    0x080046e8   0x080046e8   0x00000008   Data   RO         3186    .constdata          system_stm32f1xx_1.o
    0x080046f0   0x080046f0   0x00000010   Data   RO         3458    .constdata          segger_rtt_printf.o
    0x08004700   0x08004700   0x00000020   Data   RO         6083    Region$$Table       anon$$obj.o


    Execution Region RW_IRAM1 (Exec base: 0x20000000, Load base: 0x08004720, Size: 0x00000a08, Max: 0x0000c000, ABSOLUTE)

    Exec Addr    Load Addr    Size         Type   Attr      Idx    E Section Name        Object

    0x20000000   0x08004720   0x0000000c   Data   RW          932    .data               stm32f1xx_hal.o
    0x2000000c   0x0800472c   0x00000004   Data   RW         3187    .data               system_stm32f1xx_1.o
    0x20000010   0x08004730   0x00000004   Data   RW         3615    .data               bmg160.o
    0x20000014   0x08004734   0x00000008   Data   RW         4578    .data               bma2x2.o
    0x2000001c   0x0800473c   0x00000004   Data   RW         5357    .data               bmm050.o
    0x20000020        -       0x0000004c   Zero   RW           17    .bss                bmx055.o
    0x2000006c        -       0x00000058   Zero   RW          314    .bss                spi.o
    0x200000c4        -       0x00000048   Zero   RW          356    .bss                tim.o
    0x2000010c        -       0x00000040   Zero   RW          398    .bss                usart.o
    0x2000014c        -       0x000004b8   Zero   RW         3255    .bss                segger_rtt.o
    0x20000604   0x08004740   0x00000004   PAD
    0x20000608        -       0x00000400   Zero   RW         3173    STACK               startup_stm32f103x6.o


==============================================================================

Image component sizes


      Code (inc. data)   RO Data    RW Data    ZI Data      Debug   Object Name

      1784         82          0          8          0       9745   bma2x2.o
      1292         78          0          4          0       9700   bmg160.o
      1448         76          0          4          0      24446   bmm050.o
       854         90          0          0         76     592015   bmx055.o
       172         12          0          0          0        879   gpio.o
       426        100          0          0          0       2504   main.o
       430         40          0          0       1208       9162   segger_rtt.o
       986         16         16          0          0       5517   segger_rtt_printf.o
       200         26          0          0         88       1529   spi.o
        36          8        236          0       1024        740   startup_stm32f103x6.o
       164         28          0         12          0       6917   stm32f1xx_hal.o
       198         14          0          0          0      29471   stm32f1xx_hal_cortex.o
       304          8          0          0          0       1327   stm32f1xx_hal_dma.o
       514         42          0          0          0       3120   stm32f1xx_hal_gpio.o
        60          8          0          0          0        786   stm32f1xx_hal_msp.o
      1272        100          0          0          0       5556   stm32f1xx_hal_rcc.o
      1672          4          0          0          0       8614   stm32f1xx_hal_spi.o
       918         20          0          0          0      10325   stm32f1xx_hal_tim.o
       128         20          0          0          0       2633   stm32f1xx_hal_tim_ex.o
       820         10          0          0          0       7227   stm32f1xx_hal_uart.o
        44         12          0          0          0       4320   stm32f1xx_it.o
         2          0         24          4          0       1059   system_stm32f1xx_1.o
       160         10          0          0         72       1502   tim.o
       184         20          0          0         64       1526   usart.o

    ----------------------------------------------------------------------
     14104        824        308         32       2536     740620   Object Totals
         0          0         32          0          0          0   (incl. Generated)
        36          0          0          0          4          0   (incl. Padding)

    ----------------------------------------------------------------------

      Code (inc. data)   RO Data    RW Data    ZI Data      Debug   Library Member Name

         0          0          0          0          0          0   entry.o
         0          0          0          0          0          0   entry10a.o
         0          0          0          0          0          0   entry11a.o
         8          4          0          0          0          0   entry2.o
         4          0          0          0          0          0   entry5.o
         0          0          0          0          0          0   entry7b.o
         0          0          0          0          0          0   entry8b.o
         8          4          0          0          0          0   entry9a.o
        30          0          0          0          0          0   handlers.o
        36          8          0          0          0         68   init.o
         0          0          0          0          0          0   iusefp.o
        30          0          0          0          0         68   llshl.o
        36          0          0          0          0         68   llsshr.o
        32          0          0          0          0         68   llushr.o
        36          0          0          0          0         68   memcpya.o
        36          0          0          0          0        108   memseta.o
      2276         86          0          0          0        520   printfa.o
        18          0          0          0          0         68   strcpy.o
        44          0          0          0          0         80   uidiv.o
        98          0          0          0          0         92   uldiv.o
        48          0          0          0          0         68   cdrcmple.o
       334          0          0          0          0        148   dadd.o
       222          0          0          0          0        100   ddiv.o
       186          0          0          0          0        176   depilogue.o
        48          0          0          0          0         68   dfixul.o
        34          0          0          0          0         76   dflti.o
       228          0          0          0          0         96   dmul.o

    ----------------------------------------------------------------------
      3796        102          0          0          0       1940   Library Totals
         4          0          0          0          0          0   (incl. Padding)

    ----------------------------------------------------------------------

      Code (inc. data)   RO Data    RW Data    ZI Data      Debug   Library Name

      2692        102          0          0          0       1208   mc_w.l
      1100          0          0          0          0        732   mf_w.l

    ----------------------------------------------------------------------
      3796        102          0          0          0       1940   Library Totals

    ----------------------------------------------------------------------

==============================================================================


      Code (inc. data)   RO Data    RW Data    ZI Data      Debug   

     17900        926        308         32       2536     734808   Grand Totals
     17900        926        308         32       2536     734808   ELF Image Totals
     17900        926        308         32          0          0   ROM Totals

==============================================================================

    Total RO  Size (Code + RO Data)                18208 (  17.78kB)
    Total RW  Size (RW Data + ZI Data)              2568 (   2.51kB)
    Total ROM Size (Code + RO Data + RW Data)      18240 (  17.81kB)

==============================================================================

