<html>
<body>
<pre>
<h1>µVision Build Log</h1>
<h2>Tool Versions:</h2>
IDE-Version: ¶ÃVision V5.26.2.0
Copyright (C) 2018 ARM Ltd and ARM Germany GmbH. All rights reserved.
License Information: Œ“ 1296933, HP Inc., LIC=MPPCX-HV54H-LCTJF-6UK5Q-LT25B-713E7
 
Tool Versions:
Toolchain:       MDK-ARM Plus  Version: 5.26.2.0
Toolchain Path:  D:\MDK5\ARM\ARMCC\Bin
C Compiler:      Armcc.exe V5.06 update 6 (build 750)
Assembler:       Armasm.exe V5.06 update 6 (build 750)
Linker/Locator:  ArmLink.exe V5.06 update 6 (build 750)
Library Manager: ArmAr.exe V5.06 update 6 (build 750)
Hex Converter:   FromElf.exe V5.06 update 6 (build 750)
CPU DLL:         SARMCM3.DLL V5.26.2.0
Dialog DLL:      DCM.DLL V1.17.2.0
Target DLL:      Segger\JL2CM3.dll V2.99.31.0
Dialog DLL:      TCM.DLL V1.36.1.0
 
<h2>Project:</h2>
d:\Stm32_proj\BMX_test\MDK-ARM\BMX_test.uvprojx
Project File Date:  07/16/2021

<h2>Output:</h2>
*** Using Compiler 'V5.06 update 6 (build 750)', folder: 'D:\MDK5\ARM\ARMCC\Bin'
Build target 'BMX_test'
compiling main.c...
..\Src\main.c(75): warning:  #177-D: variable "acc_data_xyz"  was declared but never referenced
    struct bma2x2_accel_data acc_data_xyz;
..\Src\main.c(76): warning:  #177-D: variable "mag_data"  was declared but never referenced
    struct bmm050_mag_data_s16_t mag_data;
..\Src\main.c(77): warning:  #177-D: variable "gyro_data_xyzi"  was declared but never referenced
    struct bmg160_data_t gyro_data_xyzi;
..\Src\main.c(78): warning:  #177-D: variable "output_data"  was declared but never referenced
    struct output_data output_data;
..\Src\main.c(79): warning:  #177-D: variable "loop"  was declared but never referenced
    int loop = 0;
..\Src\main.c: 5 warnings, 0 errors
linking...
Program Size: Code=24564 RO-data=884 RW-data=40 ZI-data=2608  
FromELF: creating hex file...
"BMX_test\BMX_test.axf" - 0 Error(s), 5 Warning(s).

<h2>Software Packages used:</h2>

Package Vendor: ARM
                http://www.keil.com/pack/ARM.CMSIS.5.7.0.pack
                ARM.CMSIS.5.7.0
                CMSIS (Cortex Microcontroller Software Interface Standard)
   * Component: CORE Version: 5.4.0

Package Vendor: Keil
                http://www.keil.com/pack/Keil.STM32F1xx_DFP.2.3.0.pack
                Keil.STM32F1xx_DFP.2.3.0
                STMicroelectronics STM32F1 Series Device Support, Drivers and Examples

<h2>Collection of Component include folders:</h2>
  .\RTE\_BMX_test
  D:\MDK5\ARM\CMSIS\5.7.0\CMSIS\Core\Include
  D:\MDK5\Keil\STM32F1xx_DFP\2.3.0\Device\Include

<h2>Collection of Component Files used:</h2>

   * Component: ARM::CMSIS:CORE:5.4.0
Build Time Elapsed:  00:00:03
</pre>
</body>
</html>
