Component: ARM Compiler 5.06 update 6 (build 750) Tool: armlink [4d35ed]

==============================================================================

Section Cross References

    bmx055.o(i.BMA2x2_SPI_bus_read) refers to stm32f1xx_hal_gpio.o(i.HAL_GPIO_WritePin) for HAL_GPIO_WritePin
    bmx055.o(i.BMA2x2_SPI_bus_read) refers to stm32f1xx_hal_spi.o(i.HAL_SPI_Transmit) for HAL_SPI_Transmit
    bmx055.o(i.BMA2x2_SPI_bus_read) refers to stm32f1xx_hal_spi.o(i.HAL_SPI_Receive) for HAL_SPI_Receive
    bmx055.o(i.BMA2x2_SPI_bus_read) refers to spi.o(.bss) for hspi1
    bmx055.o(i.BMA2x2_SPI_bus_write) refers to stm32f1xx_hal_gpio.o(i.HAL_GPIO_WritePin) for HAL_GPIO_WritePin
    bmx055.o(i.BMA2x2_SPI_bus_write) refers to stm32f1xx_hal_spi.o(i.HAL_SPI_Transmit) for HAL_SPI_Transmit
    bmx055.o(i.BMA2x2_SPI_bus_write) refers to spi.o(.bss) for hspi1
    bmx055.o(i.BMA2x2_delay_msek) refers to stm32f1xx_hal.o(i.HAL_Delay) for HAL_Delay
    bmx055.o(i.BMG160_SPI_bus_read) refers to stm32f1xx_hal_gpio.o(i.HAL_GPIO_WritePin) for HAL_GPIO_WritePin
    bmx055.o(i.BMG160_SPI_bus_read) refers to stm32f1xx_hal_spi.o(i.HAL_SPI_Transmit) for HAL_SPI_Transmit
    bmx055.o(i.BMG160_SPI_bus_read) refers to stm32f1xx_hal_spi.o(i.HAL_SPI_Receive) for HAL_SPI_Receive
    bmx055.o(i.BMG160_SPI_bus_read) refers to spi.o(.bss) for hspi1
    bmx055.o(i.BMG160_SPI_bus_write) refers to stm32f1xx_hal_gpio.o(i.HAL_GPIO_WritePin) for HAL_GPIO_WritePin
    bmx055.o(i.BMG160_SPI_bus_write) refers to stm32f1xx_hal_spi.o(i.HAL_SPI_Transmit) for HAL_SPI_Transmit
    bmx055.o(i.BMG160_SPI_bus_write) refers to spi.o(.bss) for hspi1
    bmx055.o(i.BMG160_delay_msek) refers to stm32f1xx_hal.o(i.HAL_Delay) for HAL_Delay
    bmx055.o(i.BMM050_SPI_bus_read) refers to stm32f1xx_hal_gpio.o(i.HAL_GPIO_WritePin) for HAL_GPIO_WritePin
    bmx055.o(i.BMM050_SPI_bus_read) refers to stm32f1xx_hal_spi.o(i.HAL_SPI_Transmit) for HAL_SPI_Transmit
    bmx055.o(i.BMM050_SPI_bus_read) refers to stm32f1xx_hal_spi.o(i.HAL_SPI_Receive) for HAL_SPI_Receive
    bmx055.o(i.BMM050_SPI_bus_read) refers to spi.o(.bss) for hspi1
    bmx055.o(i.BMM050_SPI_bus_write) refers to stm32f1xx_hal_gpio.o(i.HAL_GPIO_WritePin) for HAL_GPIO_WritePin
    bmx055.o(i.BMM050_SPI_bus_write) refers to stm32f1xx_hal_spi.o(i.HAL_SPI_Transmit) for HAL_SPI_Transmit
    bmx055.o(i.BMM050_SPI_bus_write) refers to spi.o(.bss) for hspi1
    bmx055.o(i.BMM050_delay_msek) refers to stm32f1xx_hal.o(i.HAL_Delay) for HAL_Delay
    bmx055.o(i.bma2x2_data_readout) refers to bma2x2.o(i.bma2x2_set_power_mode) for bma2x2_set_power_mode
    bmx055.o(i.bma2x2_data_readout) refers to bma2x2.o(i.bma2x2_read_accel_x) for bma2x2_read_accel_x
    bmx055.o(i.bma2x2_data_readout) refers to bma2x2.o(i.bma2x2_read_accel_y) for bma2x2_read_accel_y
    bmx055.o(i.bma2x2_data_readout) refers to bma2x2.o(i.bma2x2_read_accel_z) for bma2x2_read_accel_z
    bmx055.o(i.bma2x2_data_readout) refers to bma2x2.o(i.bma2x2_read_accel_xyz) for bma2x2_read_accel_xyz
    bmx055.o(i.bma2x2_data_readout) refers to bma2x2.o(i.bma2x2_read_accel_xyzt) for bma2x2_read_accel_xyzt
    bmx055.o(i.bmg160_data_readout) refers to bmg160.o(i.bmg160_set_power_mode) for bmg160_set_power_mode
    bmx055.o(i.bmg160_data_readout) refers to bmg160.o(i.bmg160_set_bw) for bmg160_set_bw
    bmx055.o(i.bmg160_data_readout) refers to bmg160.o(i.bmg160_get_bw) for bmg160_get_bw
    bmx055.o(i.bmg160_data_readout) refers to bmg160.o(i.bmg160_get_data_x) for bmg160_get_data_x
    bmx055.o(i.bmg160_data_readout) refers to bmg160.o(i.bmg160_get_data_y) for bmg160_get_data_y
    bmx055.o(i.bmg160_data_readout) refers to bmg160.o(i.bmg160_get_data_z) for bmg160_get_data_z
    bmx055.o(i.bmg160_data_readout) refers to bmg160.o(i.bmg160_get_data_xyz) for bmg160_get_data_xyz
    bmx055.o(i.bmg160_data_readout) refers to bmg160.o(i.bmg160_get_data_xyzi) for bmg160_get_data_xyzi
    bmx055.o(i.bmm050_data_readout) refers to bmm050.o(i.bmm050_set_functional_state) for bmm050_set_functional_state
    bmx055.o(i.bmm050_data_readout) refers to bmm050.o(i.bmm050_set_data_rate) for bmm050_set_data_rate
    bmx055.o(i.bmm050_data_readout) refers to bmm050.o(i.bmm050_get_data_rate) for bmm050_get_data_rate
    bmx055.o(i.bmm050_data_readout) refers to bmm050.o(i.bmm050_read_mag_data_XYZ) for bmm050_read_mag_data_XYZ
    bmx055.o(i.bmm050_data_readout) refers to bmm050.o(i.bmm050_read_mag_data_XYZ_s32) for bmm050_read_mag_data_XYZ_s32
    bmx055.o(i.bmx_055_init) refers to bma2x2.o(i.bma2x2_init) for bma2x2_init
    bmx055.o(i.bmx_055_init) refers to bma2x2.o(i.bma2x2_set_range) for bma2x2_set_range
    bmx055.o(i.bmx_055_init) refers to bma2x2.o(i.bma2x2_set_bw) for bma2x2_set_bw
    bmx055.o(i.bmx_055_init) refers to bmm050.o(i.bmm050_init) for bmm050_init
    bmx055.o(i.bmx_055_init) refers to bmm050.o(i.bmm050_set_presetmode) for bmm050_set_presetmode
    bmx055.o(i.bmx_055_init) refers to bmm050.o(i.bmm050_set_functional_state) for bmm050_set_functional_state
[...]
    Removing segger_rtt.o(i.SEGGER_RTT_GetKey), (28 bytes).
    Removing segger_rtt.o(i.SEGGER_RTT_HasData), (24 bytes).
    Removing segger_rtt.o(i.SEGGER_RTT_HasDataUp), (24 bytes).
    Removing segger_rtt.o(i.SEGGER_RTT_HasKey), (36 bytes).
    Removing segger_rtt.o(i.SEGGER_RTT_Init), (4 bytes).
    Removing segger_rtt.o(i.SEGGER_RTT_PutChar), (96 bytes).
    Removing segger_rtt.o(i.SEGGER_RTT_PutCharSkip), (84 bytes).
    Removing segger_rtt.o(i.SEGGER_RTT_PutCharSkipNoLock), (52 bytes).
    Removing segger_rtt.o(i.SEGGER_RTT_Read), (24 bytes).
    Removing segger_rtt.o(i.SEGGER_RTT_ReadNoLock), (124 bytes).
    Removing segger_rtt.o(i.SEGGER_RTT_ReadUpBuffer), (24 bytes).
    Removing segger_rtt.o(i.SEGGER_RTT_ReadUpBufferNoLock), (124 bytes).
    Removing segger_rtt.o(i.SEGGER_RTT_SetFlagsDownBuffer), (64 bytes).
    Removing segger_rtt.o(i.SEGGER_RTT_SetFlagsUpBuffer), (64 bytes).
    Removing segger_rtt.o(i.SEGGER_RTT_SetNameDownBuffer), (64 bytes).
    Removing segger_rtt.o(i.SEGGER_RTT_SetNameUpBuffer), (64 bytes).
    Removing segger_rtt.o(i.SEGGER_RTT_SetTerminal), (140 bytes).
    Removing segger_rtt.o(i.SEGGER_RTT_TerminalOut), (176 bytes).
    Removing segger_rtt.o(i.SEGGER_RTT_WaitKey), (14 bytes).
    Removing segger_rtt.o(i.SEGGER_RTT_WriteDownBuffer), (56 bytes).
    Removing segger_rtt.o(i.SEGGER_RTT_WriteDownBufferNoLock), (92 bytes).
    Removing segger_rtt.o(i.SEGGER_RTT_WriteSkipNoLock), (112 bytes).
    Removing segger_rtt.o(i.SEGGER_RTT_WriteString), (26 bytes).
    Removing segger_rtt.o(i.SEGGER_RTT_WriteWithOverwriteNoLock), (148 bytes).
    Removing segger_rtt.o(i._PostTerminalSwitch), (32 bytes).
    Removing segger_rtt.o(.data), (17 bytes).
    Removing bmg160.o(i.bmg160_burst_read), (40 bytes).
    Removing bmg160.o(i.bmg160_enable_fast_offset), (72 bytes).
    Removing bmg160.o(i.bmg160_get_any_motion_durn_sample), (52 bytes).
    Removing bmg160.o(i.bmg160_get_any_motion_enable_axis), (112 bytes).
    Removing bmg160.o(i.bmg160_get_any_motion_thres), (52 bytes).
    Removing bmg160.o(i.bmg160_get_auto_offset_enable), (52 bytes).
    Removing bmg160.o(i.bmg160_get_awake_durn), (48 bytes).
    Removing bmg160.o(i.bmg160_get_data_enable), (48 bytes).
    Removing bmg160.o(i.bmg160_get_fast_offset_enable_axis), (52 bytes).
    Removing bmg160.o(i.bmg160_get_fifo_data_select), (52 bytes).
    Removing bmg160.o(i.bmg160_get_fifo_enable), (52 bytes).
    Removing bmg160.o(i.bmg160_get_fifo_frame_count), (52 bytes).
    Removing bmg160.o(i.bmg160_get_fifo_mode), (48 bytes).
    Removing bmg160.o(i.bmg160_get_fifo_overrun), (48 bytes).
    Removing bmg160.o(i.bmg160_get_fifo_stat_reg), (48 bytes).
    Removing bmg160.o(i.bmg160_get_fifo_tag), (48 bytes).
    Removing bmg160.o(i.bmg160_get_fifo_wm_enable), (48 bytes).
    Removing bmg160.o(i.bmg160_get_fifo_wm_level), (52 bytes).
    Removing bmg160.o(i.bmg160_get_gp), (80 bytes).
    Removing bmg160.o(i.bmg160_get_high_bw), (48 bytes).
    Removing bmg160.o(i.bmg160_get_highrate_durn_axis), (88 bytes).
    Removing bmg160.o(i.bmg160_get_highrate_enable_axis), (92 bytes).
    Removing bmg160.o(i.bmg160_get_highrate_hyst), (88 bytes).
    Removing bmg160.o(i.bmg160_get_highrate_thres), (92 bytes).
    Removing bmg160.o(i.bmg160_get_i2c_wdt), (84 bytes).
    Removing bmg160.o(i.bmg160_get_intr1_any_motion), (52 bytes).
    Removing bmg160.o(i.bmg160_get_intr1_fifo), (52 bytes).
    Removing bmg160.o(i.bmg160_get_intr1_highrate), (52 bytes).
    Removing bmg160.o(i.bmg160_get_intr2_any_motion), (52 bytes).
    Removing bmg160.o(i.bmg160_get_intr2_fifo), (52 bytes).
    Removing bmg160.o(i.bmg160_get_intr2_highrate), (52 bytes).
    Removing bmg160.o(i.bmg160_get_intr2_offset), (88 bytes).
    Removing bmg160.o(i.bmg160_get_intr_data), (84 bytes).
    Removing bmg160.o(i.bmg160_get_intr_level), (84 bytes).
    Removing bmg160.o(i.bmg160_get_intr_offset), (88 bytes).
    Removing bmg160.o(i.bmg160_get_intr_output_type), (84 bytes).
    Removing bmg160.o(i.bmg160_get_intr_stat_reg_one), (48 bytes).
    Removing bmg160.o(i.bmg160_get_intr_stat_reg_three), (52 bytes).
    Removing bmg160.o(i.bmg160_get_intr_stat_reg_two), (52 bytes).
    Removing bmg160.o(i.bmg160_get_intr_stat_reg_zero), (52 bytes).
    Removing bmg160.o(i.bmg160_get_latch_intr), (52 bytes).
    Removing bmg160.o(i.bmg160_get_latch_stat), (52 bytes).
    Removing bmg160.o(i.bmg160_get_nvm_prog_mode), (52 bytes).
    Removing bmg160.o(i.bmg160_get_nvm_rdy), (52 bytes).
    Removing bmg160.o(i.bmg160_get_nvm_remain), (48 bytes).
    Removing bmg160.o(i.bmg160_get_offset), (296 bytes).
    Removing bmg160.o(i.bmg160_get_offset_unfilt), (84 bytes).
    Removing bmg160.o(i.bmg160_get_offset_word_length), (84 bytes).
    Removing bmg160.o(i.bmg160_get_pmu_ext_tri_select), (52 bytes).
    Removing bmg160.o(i.bmg160_get_range_reg), (52 bytes).
    Removing bmg160.o(i.bmg160_get_shadow_dis), (52 bytes).
    Removing bmg160.o(i.bmg160_get_sleep_durn), (52 bytes).
    Removing bmg160.o(i.bmg160_get_slow_offset_durn), (52 bytes).
    Removing bmg160.o(i.bmg160_get_slow_offset_enable_axis), (112 bytes).
    Removing bmg160.o(i.bmg160_get_slow_offset_thres), (48 bytes).
    Removing bmg160.o(i.bmg160_get_spi3), (52 bytes).
    Removing bmg160.o(i.bmg160_get_temp), (48 bytes).
    Removing bmg160.o(i.bmg160_get_unfilt_data), (88 bytes).
    Removing bmg160.o(i.bmg160_read_fifo_data), (136 bytes).
    Removing bmg160.o(i.bmg160_read_register), (40 bytes).
    Removing bmg160.o(i.bmg160_selftest), (112 bytes).
    Removing bmg160.o(i.bmg160_set_any_motion_durn_sample), (76 bytes).
    Removing bmg160.o(i.bmg160_set_any_motion_enable_axis), (136 bytes).
    Removing bmg160.o(i.bmg160_set_any_motion_thres), (76 bytes).
    Removing bmg160.o(i.bmg160_set_auto_offset_enable), (76 bytes).
    Removing bmg160.o(i.bmg160_set_awake_durn), (76 bytes).
    Removing bmg160.o(i.bmg160_set_data_enable), (76 bytes).
    Removing bmg160.o(i.bmg160_set_fast_offset_enable_axis), (136 bytes).
    Removing bmg160.o(i.bmg160_set_fifo_data_select), (88 bytes).
    Removing bmg160.o(i.bmg160_set_fifo_enable), (84 bytes).
    Removing bmg160.o(i.bmg160_set_fifo_mode), (88 bytes).
    Removing bmg160.o(i.bmg160_set_fifo_tag), (84 bytes).
    Removing bmg160.o(i.bmg160_set_fifo_wm_enable), (84 bytes).
    Removing bmg160.o(i.bmg160_set_fifo_wm_level), (84 bytes).
    Removing bmg160.o(i.bmg160_set_gp), (100 bytes).
    Removing bmg160.o(i.bmg160_set_high_bw), (84 bytes).
    Removing bmg160.o(i.bmg160_set_highrate_durn_axis), (92 bytes).
    Removing bmg160.o(i.bmg160_set_highrate_enable_axis), (168 bytes).
    Removing bmg160.o(i.bmg160_set_highrate_hyst), (168 bytes).
    Removing bmg160.o(i.bmg160_set_highrate_thres), (168 bytes).
    Removing bmg160.o(i.bmg160_set_i2c_wdt), (108 bytes).
    Removing bmg160.o(i.bmg160_set_intr1_any_motion), (76 bytes).
    Removing bmg160.o(i.bmg160_set_intr1_highrate), (76 bytes).
    Removing bmg160.o(i.bmg160_set_intr1_offset), (108 bytes).
    Removing bmg160.o(i.bmg160_set_intr2_any_motion), (76 bytes).
    Removing bmg160.o(i.bmg160_set_intr2_highrate), (76 bytes).
    Removing bmg160.o(i.bmg160_set_intr2_offset), (108 bytes).
    Removing bmg160.o(i.bmg160_set_intr_data), (108 bytes).
    Removing bmg160.o(i.bmg160_set_intr_fifo), (108 bytes).
    Removing bmg160.o(i.bmg160_set_intr_level), (108 bytes).
    Removing bmg160.o(i.bmg160_set_intr_output_type), (108 bytes).
    Removing bmg160.o(i.bmg160_set_latch_intr), (76 bytes).
    Removing bmg160.o(i.bmg160_set_latch_stat), (76 bytes).
    Removing bmg160.o(i.bmg160_set_nvm_load), (76 bytes).
    Removing bmg160.o(i.bmg160_set_nvm_prog_mode), (76 bytes).
    Removing bmg160.o(i.bmg160_set_nvm_prog_trig), (76 bytes).
    Removing bmg160.o(i.bmg160_set_offset), (280 bytes).
    Removing bmg160.o(i.bmg160_set_offset_rst), (76 bytes).
    Removing bmg160.o(i.bmg160_set_offset_unfilt), (124 bytes).
    Removing bmg160.o(i.bmg160_set_offset_word_length), (108 bytes).
    Removing bmg160.o(i.bmg160_set_pmu_ext_tri_select), (76 bytes).
    Removing bmg160.o(i.bmg160_set_rst_intr), (76 bytes).
    Removing bmg160.o(i.bmg160_set_shadow_dis), (84 bytes).
    Removing bmg160.o(i.bmg160_set_sleep_durn), (84 bytes).
    Removing bmg160.o(i.bmg160_set_slow_offset_durn), (76 bytes).
    Removing bmg160.o(i.bmg160_set_slow_offset_enable_axis), (136 bytes).
    Removing bmg160.o(i.bmg160_set_slow_offset_thres), (76 bytes).
    Removing bmg160.o(i.bmg160_set_soft_rst), (40 bytes).
    Removing bmg160.o(i.bmg160_set_spi3), (76 bytes).
    Removing bmg160.o(i.bmg160_set_unfilt_data), (108 bytes).
    Removing bmg160.o(i.bmg160_write_register), (40 bytes).
    Removing bmm150.o(i.adv_self_test_measurement), (70 bytes).
    Removing bmm150.o(i.are_settings_changed), (8 bytes).
    Removing bmm150.o(i.bmm150_aux_mag_data), (118 bytes).
    Removing bmm150.o(i.bmm150_get_interrupt_status), (60 bytes).
    Removing bmm150.o(i.bmm150_get_op_mode), (50 bytes).
    Removing bmm150.o(i.bmm150_get_regs), (62 bytes).
    Removing bmm150.o(i.bmm150_get_sensor_settings), (38 bytes).
    Removing bmm150.o(i.bmm150_init), (66 bytes).
    Removing bmm150.o(i.bmm150_perform_self_test), (82 bytes).
    Removing bmm150.o(i.bmm150_read_mag_data), (146 bytes).
    Removing bmm150.o(i.bmm150_set_op_mode), (70 bytes).
    Removing bmm150.o(i.bmm150_set_presetmode), (90 bytes).
    Removing bmm150.o(i.bmm150_set_regs), (54 bytes).
    Removing bmm150.o(i.bmm150_set_sensor_settings), (206 bytes).
    Removing bmm150.o(i.bmm150_soft_reset), (60 bytes).
    Removing bmm150.o(i.compensate_x), (128 bytes).
    Removing bmm150.o(i.compensate_y), (124 bytes).
    Removing bmm150.o(i.compensate_z), (116 bytes).
    Removing bmm150.o(i.interrupt_config), (142 bytes).
    Removing bmm150.o(i.interrupt_pin_settings), (162 bytes).
    Removing bmm150.o(i.null_ptr_check), (28 bytes).
    Removing bmm150.o(i.parse_setting), (102 bytes).
    Removing bmm150.o(i.perform_adv_self_test), (118 bytes).
    Removing bmm150.o(i.perform_normal_self_test), (164 bytes).
    Removing bmm150.o(i.read_trim_registers), (180 bytes).
    Removing bmm150.o(i.set_adv_self_test_current), (48 bytes).
    Removing bmm150.o(i.set_control_measurement_xyz), (50 bytes).
    Removing bmm150.o(i.set_odr), (50 bytes).
    Removing bmm150.o(i.set_odr_xyz_rep), (40 bytes).
    Removing bmm150.o(i.set_power_control_bit), (62 bytes).
    Removing bmm150.o(i.set_xy_rep), (22 bytes).
    Removing bmm150.o(i.set_z_rep), (22 bytes).
    Removing bmm150.o(i.suspend_to_sleep_mode), (42 bytes).
    Removing bmm150.o(i.write_op_mode), (48 bytes).
    Removing bma2x2.o(i.bma2x2_burst_read), (40 bytes).
    Removing bma2x2.o(i.bma2x2_extract_accel), (124 bytes).
    Removing bma2x2.o(i.bma2x2_get_bw), (56 bytes).
    Removing bma2x2.o(i.bma2x2_get_cal_rdy), (52 bytes).
    Removing bma2x2.o(i.bma2x2_get_durn), (120 bytes).
    Removing bma2x2.o(i.bma2x2_get_fifo_data_output_reg), (48 bytes).
    Removing bma2x2.o(i.bma2x2_get_fifo_data_select), (52 bytes).
    Removing bma2x2.o(i.bma2x2_get_fifo_frame_count), (52 bytes).
    Removing bma2x2.o(i.bma2x2_get_fifo_mode), (48 bytes).
    Removing bma2x2.o(i.bma2x2_get_fifo_overrun), (48 bytes).
    Removing bma2x2.o(i.bma2x2_get_fifo_stat), (40 bytes).
    Removing bma2x2.o(i.bma2x2_get_fifo_wml_trig), (52 bytes).
    Removing bma2x2.o(i.bma2x2_get_flat_hold_time), (52 bytes).
    Removing bma2x2.o(i.bma2x2_get_flat_hyst), (52 bytes).
    Removing bma2x2.o(i.bma2x2_get_high_bw), (48 bytes).
    Removing bma2x2.o(i.bma2x2_get_i2c_wdt), (84 bytes).
    Removing bma2x2.o(i.bma2x2_get_intr1_fifo_full), (52 bytes).
    Removing bma2x2.o(i.bma2x2_get_intr1_fifo_wm), (52 bytes).
    Removing bma2x2.o(i.bma2x2_get_intr2_fifo_full), (52 bytes).
    Removing bma2x2.o(i.bma2x2_get_intr2_fifo_wm), (52 bytes).
    Removing bma2x2.o(i.bma2x2_get_intr_double_tap), (76 bytes).
    Removing bma2x2.o(i.bma2x2_get_intr_enable), (280 bytes).
    Removing bma2x2.o(i.bma2x2_get_intr_fifo_full), (52 bytes).
    Removing bma2x2.o(i.bma2x2_get_intr_fifo_wm), (52 bytes).
    Removing bma2x2.o(i.bma2x2_get_intr_flat), (72 bytes).
    Removing bma2x2.o(i.bma2x2_get_intr_high_g), (76 bytes).
    Removing bma2x2.o(i.bma2x2_get_intr_level), (84 bytes).
    Removing bma2x2.o(i.bma2x2_get_intr_low_g), (76 bytes).
    Removing bma2x2.o(i.bma2x2_get_intr_orient), (76 bytes).
    Removing bma2x2.o(i.bma2x2_get_intr_orient_stat), (40 bytes).
    Removing bma2x2.o(i.bma2x2_get_intr_output_type), (84 bytes).
    Removing bma2x2.o(i.bma2x2_get_intr_single_tap), (76 bytes).
    Removing bma2x2.o(i.bma2x2_get_intr_slope), (76 bytes).
    Removing bma2x2.o(i.bma2x2_get_intr_slow_no_motion), (76 bytes).
    Removing bma2x2.o(i.bma2x2_get_intr_stat), (40 bytes).
    Removing bma2x2.o(i.bma2x2_get_intr_tap_stat), (40 bytes).
    Removing bma2x2.o(i.bma2x2_get_latch_intr), (52 bytes).
    Removing bma2x2.o(i.bma2x2_get_low_g_mode), (52 bytes).
    Removing bma2x2.o(i.bma2x2_get_low_high_g_hyst), (84 bytes).
    Removing bma2x2.o(i.bma2x2_get_new_data), (84 bytes).
    Removing bma2x2.o(i.bma2x2_get_nvmprog_mode), (52 bytes).
    Removing bma2x2.o(i.bma2x2_get_nvmprog_ready), (52 bytes).
    Removing bma2x2.o(i.bma2x2_get_nvmprog_remain), (52 bytes).
    Removing bma2x2.o(i.bma2x2_get_offset), (88 bytes).
    Removing bma2x2.o(i.bma2x2_get_offset_target), (136 bytes).
    Removing bma2x2.o(i.bma2x2_get_orient_block), (52 bytes).
    Removing bma2x2.o(i.bma2x2_get_orient_enable), (52 bytes).
    Removing bma2x2.o(i.bma2x2_get_orient_hyst), (52 bytes).
    Removing bma2x2.o(i.bma2x2_get_orient_mode), (52 bytes).
    Removing bma2x2.o(i.bma2x2_get_power_mode), (176 bytes).
    Removing bma2x2.o(i.bma2x2_get_range), (56 bytes).
    Removing bma2x2.o(i.bma2x2_get_selftest_axis), (52 bytes).
    Removing bma2x2.o(i.bma2x2_get_selftest_sign), (52 bytes).
    Removing bma2x2.o(i.bma2x2_get_shadow_dis), (52 bytes).
    Removing bma2x2.o(i.bma2x2_get_sleep_durn), (52 bytes).
    Removing bma2x2.o(i.bma2x2_get_sleep_timer_mode), (52 bytes).
    Removing bma2x2.o(i.bma2x2_get_slow_comp), (112 bytes).
    Removing bma2x2.o(i.bma2x2_get_slow_no_motion), (136 bytes).
    Removing bma2x2.o(i.bma2x2_get_source), (180 bytes).
    Removing bma2x2.o(i.bma2x2_get_spi3), (52 bytes).
    Removing bma2x2.o(i.bma2x2_get_tap_durn), (52 bytes).
    Removing bma2x2.o(i.bma2x2_get_tap_quiet), (48 bytes).
    Removing bma2x2.o(i.bma2x2_get_tap_sample), (48 bytes).
    Removing bma2x2.o(i.bma2x2_get_tap_shock), (52 bytes).
    Removing bma2x2.o(i.bma2x2_get_tap_thres), (52 bytes).
    Removing bma2x2.o(i.bma2x2_get_theta), (80 bytes).
    Removing bma2x2.o(i.bma2x2_get_thres), (104 bytes).
    Removing bma2x2.o(i.bma2x2_read_accel_eight_resolution_x), (48 bytes).
    Removing bma2x2.o(i.bma2x2_read_accel_eight_resolution_xyz), (88 bytes).
    Removing bma2x2.o(i.bma2x2_read_accel_eight_resolution_xyzt), (108 bytes).
    Removing bma2x2.o(i.bma2x2_read_accel_eight_resolution_y), (48 bytes).
    Removing bma2x2.o(i.bma2x2_read_accel_eight_resolution_z), (48 bytes).
    Removing bma2x2.o(i.bma2x2_read_fifo_data), (104 bytes).
    Removing bma2x2.o(i.bma2x2_read_temp), (48 bytes).
    Removing bma2x2.o(i.bma2x2_rst_intr), (72 bytes).
    Removing bma2x2.o(i.bma2x2_set_cal_trigger), (72 bytes).
    Removing bma2x2.o(i.bma2x2_set_durn), (140 bytes).
    Removing bma2x2.o(i.bma2x2_set_fifo_data_select), (132 bytes).
    Removing bma2x2.o(i.bma2x2_set_fifo_mode), (132 bytes).
    Removing bma2x2.o(i.bma2x2_set_fifo_wml_trig), (112 bytes).
    Removing bma2x2.o(i.bma2x2_set_flat_hold_time), (72 bytes).
    Removing bma2x2.o(i.bma2x2_set_flat_hyst), (72 bytes).
    Removing bma2x2.o(i.bma2x2_set_high_bw), (72 bytes).
    Removing bma2x2.o(i.bma2x2_set_i2c_wdt), (104 bytes).
    Removing bma2x2.o(i.bma2x2_set_intr1_fifo_full), (80 bytes).
    Removing bma2x2.o(i.bma2x2_set_intr1_fifo_wm), (80 bytes).
    Removing bma2x2.o(i.bma2x2_set_intr2_fifo_full), (80 bytes).
    Removing bma2x2.o(i.bma2x2_set_intr2_fifo_wm), (80 bytes).
    Removing bma2x2.o(i.bma2x2_set_intr_double_tap), (116 bytes).
    Removing bma2x2.o(i.bma2x2_set_intr_enable), (256 bytes).
    Removing bma2x2.o(i.bma2x2_set_intr_fifo_full), (80 bytes).
    Removing bma2x2.o(i.bma2x2_set_intr_fifo_wm), (80 bytes).
    Removing bma2x2.o(i.bma2x2_set_intr_flat), (116 bytes).
    Removing bma2x2.o(i.bma2x2_set_intr_high_g), (116 bytes).
    Removing bma2x2.o(i.bma2x2_set_intr_level), (104 bytes).
    Removing bma2x2.o(i.bma2x2_set_intr_low_g), (116 bytes).
    Removing bma2x2.o(i.bma2x2_set_intr_orient), (116 bytes).
    Removing bma2x2.o(i.bma2x2_set_intr_output_type), (104 bytes).
    Removing bma2x2.o(i.bma2x2_set_intr_single_tap), (116 bytes).
    Removing bma2x2.o(i.bma2x2_set_intr_slope), (116 bytes).
    Removing bma2x2.o(i.bma2x2_set_intr_slow_no_motion), (116 bytes).
    Removing bma2x2.o(i.bma2x2_set_latch_intr), (160 bytes).
    Removing bma2x2.o(i.bma2x2_set_low_g_mode), (72 bytes).
    Removing bma2x2.o(i.bma2x2_set_low_high_g_hyst), (104 bytes).
    Removing bma2x2.o(i.bma2x2_set_new_data), (104 bytes).
    Removing bma2x2.o(i.bma2x2_set_nvmprog_mode), (72 bytes).
    Removing bma2x2.o(i.bma2x2_set_nvprog_trig), (72 bytes).
    Removing bma2x2.o(i.bma2x2_set_offset), (84 bytes).
    Removing bma2x2.o(i.bma2x2_set_offset_rst), (72 bytes).
    Removing bma2x2.o(i.bma2x2_set_offset_target), (160 bytes).
    Removing bma2x2.o(i.bma2x2_set_orient_block), (72 bytes).
    Removing bma2x2.o(i.bma2x2_set_orient_enable), (72 bytes).
    Removing bma2x2.o(i.bma2x2_set_orient_hyst), (72 bytes).
    Removing bma2x2.o(i.bma2x2_set_orient_mode), (72 bytes).
    Removing bma2x2.o(i.bma2x2_set_selftest_axis), (80 bytes).
    Removing bma2x2.o(i.bma2x2_set_selftest_sign), (80 bytes).
    Removing bma2x2.o(i.bma2x2_set_shadow_dis), (72 bytes).
    Removing bma2x2.o(i.bma2x2_set_sleep_durn), (140 bytes).
    Removing bma2x2.o(i.bma2x2_set_sleep_timer_mode), (80 bytes).
    Removing bma2x2.o(i.bma2x2_set_slow_comp), (132 bytes).
    Removing bma2x2.o(i.bma2x2_set_slow_no_motion), (160 bytes).
    Removing bma2x2.o(i.bma2x2_set_source), (208 bytes).
    Removing bma2x2.o(i.bma2x2_set_spi3), (72 bytes).
    Removing bma2x2.o(i.bma2x2_set_tap_durn), (72 bytes).
    Removing bma2x2.o(i.bma2x2_set_tap_quiet), (72 bytes).
    Removing bma2x2.o(i.bma2x2_set_tap_sample), (72 bytes).
    Removing bma2x2.o(i.bma2x2_set_tap_shock), (72 bytes).
    Removing bma2x2.o(i.bma2x2_set_tap_thres), (72 bytes).
    Removing bma2x2.o(i.bma2x2_set_theta), (96 bytes).
    Removing bma2x2.o(i.bma2x2_set_thres), (96 bytes).
    Removing bma2x2.o(i.bma2x2_soft_rst), (36 bytes).
    Removing bma2x2.o(i.bma2x2_update_image), (68 bytes).
    Removing bma2x2.o(i.unpack_accel_frame), (140 bytes).
    Removing bma2x2.o(i.unpack_accel_xyz), (164 bytes).
    Removing bmm050.o(i.bmm050_compensate_X_float), (216 bytes).
    Removing bmm050.o(i.bmm050_compensate_Y_float), (216 bytes).
    Removing bmm050.o(i.bmm050_compensate_Z_float), (200 bytes).
    Removing bmm050.o(i.bmm050_get_advanced_selftest), (48 bytes).
    Removing bmm050.o(i.bmm050_get_bmx055_remapped_raw_xyz), (132 bytes).
    Removing bmm050.o(i.bmm050_get_functional_state), (52 bytes).
    Removing bmm050.o(i.bmm050_get_presetmode), (144 bytes).
    Removing bmm050.o(i.bmm050_get_raw_xyz), (124 bytes).
    Removing bmm050.o(i.bmm050_get_rep_XY), (48 bytes).
    Removing bmm050.o(i.bmm050_get_rep_Z), (48 bytes).
    Removing bmm050.o(i.bmm050_get_selftest_XYZ), (80 bytes).
    Removing bmm050.o(i.bmm050_perform_advanced_selftest), (168 bytes).
    Removing bmm050.o(i.bmm050_read_bmx055_remapped_mag_data_XYZ), (156 bytes).
    Removing bmm050.o(i.bmm050_read_bmx055_remapped_mag_data_XYZ_float), (156 bytes).
    Removing bmm050.o(i.bmm050_read_bmx055_remapped_mag_data_XYZ_s32), (156 bytes).
    Removing bmm050.o(i.bmm050_read_mag_data_XYZ_float), (168 bytes).
    Removing bmm050.o(i.bmm050_read_register), (40 bytes).
    Removing bmm050.o(i.bmm050_set_advanced_selftest), (140 bytes).
    Removing bmm050.o(i.bmm050_set_control_measurement_x), (76 bytes).
    Removing bmm050.o(i.bmm050_set_control_measurement_y), (76 bytes).
    Removing bmm050.o(i.bmm050_set_selftest), (76 bytes).
    Removing bmm050.o(i.bmm050_set_spi3), (76 bytes).
    Removing bmm050.o(i.bmm050_soft_rst), (132 bytes).
    Removing bmm050.o(i.bmm050_write_register), (40 bytes).
    Removing fadd.o(.text), (176 bytes).
    Removing fmul.o(.text), (100 bytes).
    Removing fdiv.o(.text), (124 bytes).
    Removing fscalb.o(.text), (24 bytes).
    Removing dadd.o(.text), (334 bytes).
    Removing ddiv.o(.text), (222 bytes).
    Removing dscalb.o(.text), (46 bytes).
    Removing fflti.o(.text), (18 bytes).
    Removing ffltui.o(.text), (10 bytes).
    Removing dflti.o(.text), (34 bytes).
    Removing f2d.o(.text), (38 bytes).
    Removing d2f.o(.text), (56 bytes).
    Removing fepilogue.o(.text), (110 bytes).
    Removing depilogue.o(.text), (186 bytes).

633 unused section(s) (total 44433 bytes) removed from the image.

==============================================================================

Image Symbol Table

    Local Symbols

    Symbol Name                              Value     Ov Type        Size  Object(Section)

    ../Src/system_stm32f1xx.c                0x00000000   Number         0  system_stm32f1xx_1.o ABSOLUTE
    ../clib/microlib/init/entry.s            0x00000000   Number         0  entry2.o ABSOLUTE
    ../clib/microlib/init/entry.s            0x00000000   Number         0  entry8a.o ABSOLUTE
    ../clib/microlib/init/entry.s            0x00000000   Number         0  entry.o ABSOLUTE
    ../clib/microlib/init/entry.s            0x00000000   Number         0  entry10a.o ABSOLUTE
    ../clib/microlib/init/entry.s            0x00000000   Number         0  entry11b.o ABSOLUTE
    ../clib/microlib/init/entry.s            0x00000000   Number         0  entry11a.o ABSOLUTE
    ../clib/microlib/init/entry.s            0x00000000   Number         0  entry10b.o ABSOLUTE
    ../clib/microlib/init/entry.s            0x00000000   Number         0  entry9b.o ABSOLUTE
    ../clib/microlib/init/entry.s            0x00000000   Number         0  entry5.o ABSOLUTE
    ../clib/microlib/init/entry.s            0x00000000   Number         0  entry7a.o ABSOLUTE
    ../clib/microlib/init/entry.s            0x00000000   Number         0  entry7b.o ABSOLUTE
    ../clib/microlib/init/entry.s            0x00000000   Number         0  entry9a.o ABSOLUTE
    ../clib/microlib/init/entry.s            0x00000000   Number         0  entry8b.o ABSOLUTE
    ../clib/microlib/longlong.c              0x00000000   Number         0  llshl.o ABSOLUTE
    ../clib/microlib/longlong.c              0x00000000   Number         0  llsshr.o ABSOLUTE
    ../clib/microlib/longlong.c              0x00000000   Number         0  llushr.o ABSOLUTE
    ../clib/microlib/string/memcpy.c         0x00000000   Number         0  memcpya.o ABSOLUTE
    ../clib/microlib/string/memcpy.c         0x00000000   Number         0  memcpyb.o ABSOLUTE
    ../clib/microlib/string/memset.c         0x00000000   Number         0  memseta.o ABSOLUTE
    ../clib/microlib/string/strcpy.c         0x00000000   Number         0  strcpy.o ABSOLUTE
    ../clib/microlib/string/strlen.c         0x00000000   Number         0  strlen.o ABSOLUTE
    ../clib/microlib/stubs.s                 0x00000000   Number         0  iusefp.o ABSOLUTE
    ../fplib/microlib/d2f.c                  0x00000000   Number         0  d2f.o ABSOLUTE
    ../fplib/microlib/f2d.c                  0x00000000   Number         0  f2d.o ABSOLUTE
    ../fplib/microlib/fpadd.c                0x00000000   Number         0  dadd.o ABSOLUTE
    ../fplib/microlib/fpadd.c                0x00000000   Number         0  fadd.o ABSOLUTE
    ../fplib/microlib/fpdiv.c                0x00000000   Number         0  fdiv.o ABSOLUTE
    ../fplib/microlib/fpdiv.c                0x00000000   Number         0  ddiv.o ABSOLUTE
    ../fplib/microlib/fpepilogue.c           0x00000000   Number         0  fepilogue.o ABSOLUTE
    ../fplib/microlib/fpepilogue.c           0x00000000   Number         0  depilogue.o ABSOLUTE
    ../fplib/microlib/fpflt.c                0x00000000   Number         0  dflti.o ABSOLUTE
    ../fplib/microlib/fpflt.c                0x00000000   Number         0  ffltui.o ABSOLUTE
    ../fplib/microlib/fpflt.c                0x00000000   Number         0  fflti.o ABSOLUTE
    ../fplib/microlib/fpmul.c                0x00000000   Number         0  fmul.o ABSOLUTE
    ../fplib/microlib/fpscalb.c              0x00000000   Number         0  fscalb.o ABSOLUTE
    ../fplib/microlib/fpscalb.c              0x00000000   Number         0  dscalb.o ABSOLUTE
    ..\RTT\SEGGER_RTT.c                      0x00000000   Number         0  segger_rtt.o ABSOLUTE
    ..\RTT\SEGGER_RTT_printf.c               0x00000000   Number         0  segger_rtt_printf.o ABSOLUTE
    ..\Src\bmx055.c                          0x00000000   Number         0  bmx055.o ABSOLUTE
    ..\Src\gpio.c                            0x00000000   Number         0  gpio.o ABSOLUTE
    ..\Src\main.c                            0x00000000   Number         0  main.o ABSOLUTE
    ..\Src\spi.c                             0x00000000   Number         0  spi.o ABSOLUTE
    ..\Src\stm32f1xx_hal_msp.c               0x00000000   Number         0  stm32f1xx_hal_msp.o ABSOLUTE
    ..\Src\stm32f1xx_it.c                    0x00000000   Number         0  stm32f1xx_it.o ABSOLUTE
    ..\Src\system_stm32f1xx.c                0x00000000   Number         0  system_stm32f1xx_1.o ABSOLUTE
    ..\Src\usart.c                           0x00000000   Number         0  usart.o ABSOLUTE
    ..\\Src\\bmx055.c                        0x00000000   Number         0  bmx055.o ABSOLUTE
    ..\\Src\\gpio.c                          0x00000000   Number         0  gpio.o ABSOLUTE
    ..\\Src\\main.c                          0x00000000   Number         0  main.o ABSOLUTE
    ..\\Src\\spi.c                           0x00000000   Number         0  spi.o ABSOLUTE
    ..\\Src\\stm32f1xx_hal_msp.c             0x00000000   Number         0  stm32f1xx_hal_msp.o ABSOLUTE
    ..\\Src\\stm32f1xx_it.c                  0x00000000   Number         0  stm32f1xx_it.o ABSOLUTE
    ..\\Src\\usart.c                         0x00000000   Number         0  usart.o ABSOLUTE
    ..\bmx055_driver\bma2x2.c                0x00000000   Number         0  bma2x2.o ABSOLUTE
    ..\bmx055_driver\bmg160.c                0x00000000   Number         0  bmg160.o ABSOLUTE
    ..\bmx055_driver\bmm050.c                0x00000000   Number         0  bmm050.o ABSOLUTE
    ..\bmx055_driver\bmm150.c                0x00000000   Number         0  bmm150.o ABSOLUTE
    C:/Users/12969/STM32Cube/Repository/STM32Cube_FW_F1_V1.8.3/Drivers/STM32F1xx_HAL_Driver/Src/stm32f1xx_hal.c 0x00000000   Number         0  stm32f1xx_hal.o ABSOLUTE
    C:/Users/12969/STM32Cube/Repository/STM32Cube_FW_F1_V1.8.3/Drivers/STM32F1xx_HAL_Driver/Src/stm32f1xx_hal_cortex.c 0x00000000   Number         0  stm32f1xx_hal_cortex.o ABSOLUTE
    C:/Users/12969/STM32Cube/Repository/STM32Cube_FW_F1_V1.8.3/Drivers/STM32F1xx_HAL_Driver/Src/stm32f1xx_hal_dma.c 0x00000000   Number         0  stm32f1xx_hal_dma.o ABSOLUTE
    C:/Users/12969/STM32Cube/Repository/STM32Cube_FW_F1_V1.8.3/Drivers/STM32F1xx_HAL_Driver/Src/stm32f1xx_hal_exti.c 0x00000000   Number         0  stm32f1xx_hal_exti.o ABSOLUTE
    C:/Users/12969/STM32Cube/Repository/STM32Cube_FW_F1_V1.8.3/Drivers/STM32F1xx_HAL_Driver/Src/stm32f1xx_hal_flash.c 0x00000000   Number         0  stm32f1xx_hal_flash.o ABSOLUTE
    C:/Users/12969/STM32Cube/Repository/STM32Cube_FW_F1_V1.8.3/Drivers/STM32F1xx_HAL_Driver/Src/stm32f1xx_hal_flash_ex.c 0x00000000   Number         0  stm32f1xx_hal_flash_ex.o ABSOLUTE
    C:/Users/12969/STM32Cube/Repository/STM32Cube_FW_F1_V1.8.3/Drivers/STM32F1xx_HAL_Driver/Src/stm32f1xx_hal_gpio.c 0x00000000   Number         0  stm32f1xx_hal_gpio.o ABSOLUTE
    C:/Users/12969/STM32Cube/Repository/STM32Cube_FW_F1_V1.8.3/Drivers/STM32F1xx_HAL_Driver/Src/stm32f1xx_hal_gpio_ex.c 0x00000000   Number         0  stm32f1xx_hal_gpio_ex.o ABSOLUTE
    C:/Users/12969/STM32Cube/Repository/STM32Cube_FW_F1_V1.8.3/Drivers/STM32F1xx_HAL_Driver/Src/stm32f1xx_hal_pwr.c 0x00000000   Number         0  stm32f1xx_hal_pwr.o ABSOLUTE
    C:/Users/12969/STM32Cube/Repository/STM32Cube_FW_F1_V1.8.3/Drivers/STM32F1xx_HAL_Driver/Src/stm32f1xx_hal_rcc.c 0x00000000   Number         0  stm32f1xx_hal_rcc.o ABSOLUTE
    C:/Users/12969/STM32Cube/Repository/STM32Cube_FW_F1_V1.8.3/Drivers/STM32F1xx_HAL_Driver/Src/stm32f1xx_hal_rcc_ex.c 0x00000000   Number         0  stm32f1xx_hal_rcc_ex.o ABSOLUTE
    C:/Users/12969/STM32Cube/Repository/STM32Cube_FW_F1_V1.8.3/Drivers/STM32F1xx_HAL_Driver/Src/stm32f1xx_hal_spi.c 0x00000000   Number         0  stm32f1xx_hal_spi.o ABSOLUTE
    C:/Users/12969/STM32Cube/Repository/STM32Cube_FW_F1_V1.8.3/Drivers/STM32F1xx_HAL_Driver/Src/stm32f1xx_hal_tim.c 0x00000000   Number         0  stm32f1xx_hal_tim.o ABSOLUTE
    C:/Users/12969/STM32Cube/Repository/STM32Cube_FW_F1_V1.8.3/Drivers/STM32F1xx_HAL_Driver/Src/stm32f1xx_hal_tim_ex.c 0x00000000   Number         0  stm32f1xx_hal_tim_ex.o ABSOLUTE
    C:/Users/12969/STM32Cube/Repository/STM32Cube_FW_F1_V1.8.3/Drivers/STM32F1xx_HAL_Driver/Src/stm32f1xx_hal_uart.c 0x00000000   Number         0  stm32f1xx_hal_uart.o ABSOLUTE
    C:\Users\12969\STM32Cube\Repository\STM32Cube_FW_F1_V1.8.3\Drivers\STM32F1xx_HAL_Driver\Src\stm32f1xx_hal.c 0x00000000   Number         0  stm32f1xx_hal.o ABSOLUTE
    C:\Users\12969\STM32Cube\Repository\STM32Cube_FW_F1_V1.8.3\Drivers\STM32F1xx_HAL_Driver\Src\stm32f1xx_hal_cortex.c 0x00000000   Number         0  stm32f1xx_hal_cortex.o ABSOLUTE
    C:\Users\12969\STM32Cube\Repository\STM32Cube_FW_F1_V1.8.3\Drivers\STM32F1xx_HAL_Driver\Src\stm32f1xx_hal_dma.c 0x00000000   Number         0  stm32f1xx_hal_dma.o ABSOLUTE
    C:\Users\12969\STM32Cube\Repository\STM32Cube_FW_F1_V1.8.3\Drivers\STM32F1xx_HAL_Driver\Src\stm32f1xx_hal_exti.c 0x00000000   Number         0  stm32f1xx_hal_exti.o ABSOLUTE
    C:\Users\12969\STM32Cube\Repository\STM32Cube_FW_F1_V1.8.3\Drivers\STM32F1xx_HAL_Driver\Src\stm32f1xx_hal_flash.c 0x00000000   Number         0  stm32f1xx_hal_flash.o ABSOLUTE
    C:\Users\12969\STM32Cube\Repository\STM32Cube_FW_F1_V1.8.3\Drivers\STM32F1xx_HAL_Driver\Src\stm32f1xx_hal_flash_ex.c 0x00000000   Number         0  stm32f1xx_hal_flash_ex.o ABSOLUTE
    C:\Users\12969\STM32Cube\Repository\STM32Cube_FW_F1_V1.8.3\Drivers\STM32F1xx_HAL_Driver\Src\stm32f1xx_hal_gpio.c 0x00000000   Number         0  stm32f1xx_hal_gpio.o ABSOLUTE
    C:\Users\12969\STM32Cube\Repository\STM32Cube_FW_F1_V1.8.3\Drivers\STM32F1xx_HAL_Driver\Src\stm32f1xx_hal_gpio_ex.c 0x00000000   Number         0  stm32f1xx_hal_gpio_ex.o ABSOLUTE
    C:\Users\12969\STM32Cube\Repository\STM32Cube_FW_F1_V1.8.3\Drivers\STM32F1xx_HAL_Driver\Src\stm32f1xx_hal_pwr.c 0x00000000   Number         0  stm32f1xx_hal_pwr.o ABSOLUTE
    C:\Users\12969\STM32Cube\Repository\STM32Cube_FW_F1_V1.8.3\Drivers\STM32F1xx_HAL_Driver\Src\stm32f1xx_hal_rcc.c 0x00000000   Number         0  stm32f1xx_hal_rcc.o ABSOLUTE
    C:\Users\12969\STM32Cube\Repository\STM32Cube_FW_F1_V1.8.3\Drivers\STM32F1xx_HAL_Driver\Src\stm32f1xx_hal_rcc_ex.c 0x00000000   Number         0  stm32f1xx_hal_rcc_ex.o ABSOLUTE
    C:\Users\12969\STM32Cube\Repository\STM32Cube_FW_F1_V1.8.3\Drivers\STM32F1xx_HAL_Driver\Src\stm32f1xx_hal_spi.c 0x00000000   Number         0  stm32f1xx_hal_spi.o ABSOLUTE
    C:\Users\12969\STM32Cube\Repository\STM32Cube_FW_F1_V1.8.3\Drivers\STM32F1xx_HAL_Driver\Src\stm32f1xx_hal_tim.c 0x00000000   Number         0  stm32f1xx_hal_tim.o ABSOLUTE
    C:\Users\12969\STM32Cube\Repository\STM32Cube_FW_F1_V1.8.3\Drivers\STM32F1xx_HAL_Driver\Src\stm32f1xx_hal_tim_ex.c 0x00000000   Number         0  stm32f1xx_hal_tim_ex.o ABSOLUTE
    C:\Users\12969\STM32Cube\Repository\STM32Cube_FW_F1_V1.8.3\Drivers\STM32F1xx_HAL_Driver\Src\stm32f1xx_hal_uart.c 0x00000000   Number         0  stm32f1xx_hal_uart.o ABSOLUTE
    dc.s                                     0x00000000   Number         0  dc.o ABSOLUTE
    handlers.s                               0x00000000   Number         0  handlers.o ABSOLUTE
    init.s                                   0x00000000   Number         0  init.o ABSOLUTE
    startup_stm32f103x6.s                    0x00000000   Number         0  startup_stm32f103x6.o ABSOLUTE
    RESET                                    0x08000000   Section      236  startup_stm32f103x6.o(RESET)
    .ARM.Collect$$$$00000000                 0x080000ec   Section        0  entry.o(.ARM.Collect$$$$00000000)
    .ARM.Collect$$$$00000001                 0x080000ec   Section        4  entry2.o(.ARM.Collect$$$$00000001)
    .ARM.Collect$$$$00000004                 0x080000f0   Section        4  entry5.o(.ARM.Collect$$$$00000004)
    .ARM.Collect$$$$00000008                 0x080000f4   Section        0  entry7b.o(.ARM.Collect$$$$00000008)
    .ARM.Collect$$$$0000000A                 0x080000f4   Section        0  entry8b.o(.ARM.Collect$$$$0000000A)
    .ARM.Collect$$$$0000000B                 0x080000f4   Section        8  entry9a.o(.ARM.Collect$$$$0000000B)
    .ARM.Collect$$$$0000000D                 0x080000fc   Section        0  entry10a.o(.ARM.Collect$$$$0000000D)
    .ARM.Collect$$$$0000000F                 0x080000fc   Section        0  entry11a.o(.ARM.Collect$$$$0000000F)
    .ARM.Collect$$$$00002712                 0x080000fc   Section        4  entry2.o(.ARM.Collect$$$$00002712)
    __lit__00000000                          0x080000fc   Data           4  entry2.o(.ARM.Collect$$$$00002712)
    .text                                    0x08000100   Section       36  startup_stm32f103x6.o(.text)
    .text                                    0x08000124   Section        0  memcpya.o(.text)
    .text                                    0x08000148   Section        0  memseta.o(.text)
    .text                                    0x0800016c   Section        0  strcpy.o(.text)
    .text                                    0x08000180   Section       36  init.o(.text)
    i.BMA2x2_SPI_bus_read                    0x080001a4   Section        0  bmx055.o(i.BMA2x2_SPI_bus_read)
    i.BMA2x2_SPI_bus_write                   0x08000204   Section        0  bmx055.o(i.BMA2x2_SPI_bus_write)
    i.BMA2x2_delay_msek                      0x08000258   Section        0  bmx055.o(i.BMA2x2_delay_msek)
    i.BMG160_SPI_bus_read                    0x0800025c   Section        0  bmx055.o(i.BMG160_SPI_bus_read)
    i.BMG160_SPI_bus_write                   0x080002b4   Section        0  bmx055.o(i.BMG160_SPI_bus_write)
    i.BMG160_delay_msek                      0x08000300   Section        0  bmx055.o(i.BMG160_delay_msek)
    i.BMM050_SPI_bus_read                    0x08000304   Section        0  bmx055.o(i.BMM050_SPI_bus_read)
    i.BMM050_SPI_bus_write                   0x0800035c   Section        0  bmx055.o(i.BMM050_SPI_bus_write)
    i.BMM050_delay_msek                      0x080003b0   Section        0  bmx055.o(i.BMM050_delay_msek)
    i.BusFault_Handler                       0x080003b4   Section        0  stm32f1xx_it.o(i.BusFault_Handler)
    i.DebugMon_Handler                       0x080003b6   Section        0  stm32f1xx_it.o(i.DebugMon_Handler)
    i.Error_Handler                          0x080003b8   Section        0  main.o(i.Error_Handler)
    i.HAL_DMA_Abort_IT                       0x080003bc   Section        0  stm32f1xx_hal_dma.o(i.HAL_DMA_Abort_IT)
    i.HAL_Delay                              0x080004ec   Section        0  stm32f1xx_hal.o(i.HAL_Delay)
    i.HAL_GPIO_Init                          0x08000510   Section        0  stm32f1xx_hal_gpio.o(i.HAL_GPIO_Init)
    i.HAL_GPIO_WritePin                      0x08000708   Section        0  stm32f1xx_hal_gpio.o(i.HAL_GPIO_WritePin)
    i.HAL_GetTick                            0x08000714   Section        0  stm32f1xx_hal.o(i.HAL_GetTick)
    i.HAL_IncTick                            0x08000720   Section        0  stm32f1xx_hal.o(i.HAL_IncTick)
    i.HAL_Init                               0x08000730   Section        0  stm32f1xx_hal.o(i.HAL_Init)
    i.HAL_InitTick                           0x08000754   Section        0  stm32f1xx_hal.o(i.HAL_InitTick)
    i.HAL_MspInit                            0x08000794   Section        0  stm32f1xx_hal_msp.o(i.HAL_MspInit)
    i.HAL_NVIC_EnableIRQ                     0x080007d0   Section        0  stm32f1xx_hal_cortex.o(i.HAL_NVIC_EnableIRQ)
    i.HAL_NVIC_SetPriority                   0x080007ec   Section        0  stm32f1xx_hal_cortex.o(i.HAL_NVIC_SetPriority)
    i.HAL_NVIC_SetPriorityGrouping           0x0800082c   Section        0  stm32f1xx_hal_cortex.o(i.HAL_NVIC_SetPriorityGrouping)
    i.HAL_RCC_ClockConfig                    0x08000850   Section        0  stm32f1xx_hal_rcc.o(i.HAL_RCC_ClockConfig)
    i.HAL_RCC_GetPCLK1Freq                   0x0800097c   Section        0  stm32f1xx_hal_rcc.o(i.HAL_RCC_GetPCLK1Freq)
    i.HAL_RCC_GetPCLK2Freq                   0x0800099c   Section        0  stm32f1xx_hal_rcc.o(i.HAL_RCC_GetPCLK2Freq)
    i.HAL_RCC_GetSysClockFreq                0x080009bc   Section        0  stm32f1xx_hal_rcc.o(i.HAL_RCC_GetSysClockFreq)
    i.HAL_RCC_OscConfig                      0x08000a28   Section        0  stm32f1xx_hal_rcc.o(i.HAL_RCC_OscConfig)
    i.HAL_SPI_Init                           0x08000d48   Section        0  stm32f1xx_hal_spi.o(i.HAL_SPI_Init)
    i.HAL_SPI_MspInit                        0x08000dfc   Section        0  spi.o(i.HAL_SPI_MspInit)
    i.HAL_SPI_Receive                        0x08000e7c   Section        0  stm32f1xx_hal_spi.o(i.HAL_SPI_Receive)
    i.HAL_SPI_Transmit                       0x08000fd6   Section        0  stm32f1xx_hal_spi.o(i.HAL_SPI_Transmit)
    i.HAL_SPI_TransmitReceive                0x0800113c   Section        0  stm32f1xx_hal_spi.o(i.HAL_SPI_TransmitReceive)
    i.HAL_SYSTICK_Config                     0x0800131e   Section        0  stm32f1xx_hal_cortex.o(i.HAL_SYSTICK_Config)
    i.HAL_UART_ErrorCallback                 0x08001346   Section        0  stm32f1xx_hal_uart.o(i.HAL_UART_ErrorCallback)
    i.HAL_UART_IRQHandler                    0x08001348   Section        0  stm32f1xx_hal_uart.o(i.HAL_UART_IRQHandler)
    i.HAL_UART_Init                          0x080014a4   Section        0  stm32f1xx_hal_uart.o(i.HAL_UART_Init)
    i.HAL_UART_MspInit                       0x08001508   Section        0  usart.o(i.HAL_UART_MspInit)
    i.HAL_UART_RxCpltCallback                0x08001588   Section        0  stm32f1xx_hal_uart.o(i.HAL_UART_RxCpltCallback)
    i.HAL_UART_TxCpltCallback                0x0800158a   Section        0  stm32f1xx_hal_uart.o(i.HAL_UART_TxCpltCallback)
    i.HardFault_Handler                      0x0800158c   Section        0  stm32f1xx_it.o(i.HardFault_Handler)
    i.MX_GPIO_Init                           0x08001590   Section        0  gpio.o(i.MX_GPIO_Init)
    i.MX_SPI1_Init                           0x0800163c   Section        0  spi.o(i.MX_SPI1_Init)
    i.MX_USART1_UART_Init                    0x08001684   Section        0  usart.o(i.MX_USART1_UART_Init)
    i.MemManage_Handler                      0x080016bc   Section        0  stm32f1xx_it.o(i.MemManage_Handler)
    i.NMI_Handler                            0x080016be   Section        0  stm32f1xx_it.o(i.NMI_Handler)
    i.PendSV_Handler                         0x080016c0   Section        0  stm32f1xx_it.o(i.PendSV_Handler)
    i.SEGGER_RTT_Write                       0x080016c4   Section        0  segger_rtt.o(i.SEGGER_RTT_Write)
    i.SEGGER_RTT_WriteNoLock                 0x080016fc   Section        0  segger_rtt.o(i.SEGGER_RTT_WriteNoLock)
    i.SEGGER_RTT_printf                      0x08001758   Section        0  segger_rtt_printf.o(i.SEGGER_RTT_printf)
    i.SEGGER_RTT_vprintf                     0x0800176e   Section        0  segger_rtt_printf.o(i.SEGGER_RTT_vprintf)
    i.SPI_EndRxTransaction                   0x08001904   Section        0  stm32f1xx_hal_spi.o(i.SPI_EndRxTransaction)
    SPI_EndRxTransaction                     0x08001905   Thumb Code    92  stm32f1xx_hal_spi.o(i.SPI_EndRxTransaction)
    i.SPI_EndRxTxTransaction                 0x08001960   Section        0  stm32f1xx_hal_spi.o(i.SPI_EndRxTxTransaction)
    SPI_EndRxTxTransaction                   0x08001961   Thumb Code    32  stm32f1xx_hal_spi.o(i.SPI_EndRxTxTransaction)
    i.SPI_WaitFlagStateUntilTimeout          0x08001980   Section        0  stm32f1xx_hal_spi.o(i.SPI_WaitFlagStateUntilTimeout)
    SPI_WaitFlagStateUntilTimeout            0x08001981   Thumb Code   180  stm32f1xx_hal_spi.o(i.SPI_WaitFlagStateUntilTimeout)
    i.SVC_Handler                            0x08001a38   Section        0  stm32f1xx_it.o(i.SVC_Handler)
    i.SysTick_Handler                        0x08001a3a   Section        0  stm32f1xx_it.o(i.SysTick_Handler)
    i.SystemClock_Config                     0x08001a3e   Section        0  main.o(i.SystemClock_Config)
    i.SystemInit                             0x08001a8e   Section        0  system_stm32f1xx_1.o(i.SystemInit)
    i.UART_DMAAbortOnError                   0x08001a90   Section        0  stm32f1xx_hal_uart.o(i.UART_DMAAbortOnError)
    UART_DMAAbortOnError                     0x08001a91   Thumb Code    16  stm32f1xx_hal_uart.o(i.UART_DMAAbortOnError)
    i.UART_EndRxTransfer                     0x08001aa0   Section        0  stm32f1xx_hal_uart.o(i.UART_EndRxTransfer)
    UART_EndRxTransfer                       0x08001aa1   Thumb Code    28  stm32f1xx_hal_uart.o(i.UART_EndRxTransfer)
    i.UART_Receive_IT                        0x08001abc   Section        0  stm32f1xx_hal_uart.o(i.UART_Receive_IT)
    UART_Receive_IT                          0x08001abd   Thumb Code   140  stm32f1xx_hal_uart.o(i.UART_Receive_IT)
    i.UART_SetConfig                         0x08001b48   Section        0  stm32f1xx_hal_uart.o(i.UART_SetConfig)
    UART_SetConfig                           0x08001b49   Thumb Code   178  stm32f1xx_hal_uart.o(i.UART_SetConfig)
    i.USART1_IRQHandler                      0x08001c00   Section        0  stm32f1xx_it.o(i.USART1_IRQHandler)
    i.UsageFault_Handler                     0x08001c0c   Section        0  stm32f1xx_it.o(i.UsageFault_Handler)
    i._DoInit                                0x08001c10   Section        0  segger_rtt.o(i._DoInit)
    _DoInit                                  0x08001c11   Thumb Code    76  segger_rtt.o(i._DoInit)
    i._GetAvailWriteSpace                    0x08001c78   Section        0  segger_rtt.o(i._GetAvailWriteSpace)
    _GetAvailWriteSpace                      0x08001c79   Thumb Code    22  segger_rtt.o(i._GetAvailWriteSpace)
    i._PrintInt                              0x08001c90   Section        0  segger_rtt_printf.o(i._PrintInt)
    _PrintInt                                0x08001c91   Thumb Code   198  segger_rtt_printf.o(i._PrintInt)
    i._PrintUnsigned                         0x08001d58   Section        0  segger_rtt_printf.o(i._PrintUnsigned)
    _PrintUnsigned                           0x08001d59   Thumb Code   206  segger_rtt_printf.o(i._PrintUnsigned)
    i._StoreChar                             0x08001e2c   Section        0  segger_rtt_printf.o(i._StoreChar)
    _StoreChar                               0x08001e2d   Thumb Code    62  segger_rtt_printf.o(i._StoreChar)
    i._WriteBlocking                         0x08001e6a   Section        0  segger_rtt.o(i._WriteBlocking)
    _WriteBlocking                           0x08001e6b   Thumb Code    90  segger_rtt.o(i._WriteBlocking)
    i._WriteNoCheck                          0x08001ec4   Section        0  segger_rtt.o(i._WriteNoCheck)
    _WriteNoCheck                            0x08001ec5   Thumb Code    66  segger_rtt.o(i._WriteNoCheck)
    i.__NVIC_SetPriority                     0x08001f06   Section        0  stm32f1xx_hal_cortex.o(i.__NVIC_SetPriority)
    __NVIC_SetPriority                       0x08001f07   Thumb Code    32  stm32f1xx_hal_cortex.o(i.__NVIC_SetPriority)
    i.__scatterload_copy                     0x08001f26   Section       14  handlers.o(i.__scatterload_copy)
    i.__scatterload_null                     0x08001f34   Section        2  handlers.o(i.__scatterload_null)
    i.__scatterload_zeroinit                 0x08001f36   Section       14  handlers.o(i.__scatterload_zeroinit)
    i.bma2x2_data_readout                    0x08001f44   Section        0  bmx055.o(i.bma2x2_data_readout)
    i.bma2x2_init                            0x08001f8c   Section        0  bma2x2.o(i.bma2x2_init)
    i.bma2x2_read_accel_x                    0x08001fd8   Section        0  bma2x2.o(i.bma2x2_read_accel_x)
    i.bma2x2_read_accel_xyz                  0x08002064   Section        0  bma2x2.o(i.bma2x2_read_accel_xyz)
    i.bma2x2_read_accel_xyzt                 0x08002178   Section        0  bma2x2.o(i.bma2x2_read_accel_xyzt)
    i.bma2x2_read_accel_y                    0x08002294   Section        0  bma2x2.o(i.bma2x2_read_accel_y)
    i.bma2x2_read_accel_z                    0x08002320   Section        0  bma2x2.o(i.bma2x2_read_accel_z)
    i.bma2x2_read_reg                        0x080023ac   Section        0  bma2x2.o(i.bma2x2_read_reg)
    i.bma2x2_set_bw                          0x080023d4   Section        0  bma2x2.o(i.bma2x2_set_bw)
    i.bma2x2_set_mode_value                  0x08002470   Section        0  bma2x2.o(i.bma2x2_set_mode_value)
    i.bma2x2_set_power_mode                  0x080024c4   Section        0  bma2x2.o(i.bma2x2_set_power_mode)
    i.bma2x2_set_range                       0x080025b4   Section        0  bma2x2.o(i.bma2x2_set_range)
    i.bma2x2_write_reg                       0x0800264c   Section        0  bma2x2.o(i.bma2x2_write_reg)
    i.bmg160_data_readout                    0x08002684   Section        0  bmx055.o(i.bmg160_data_readout)
    i.bmg160_get_auto_sleep_durn             0x080026e0   Section        0  bmg160.o(i.bmg160_get_auto_sleep_durn)
    i.bmg160_get_bw                          0x08002714   Section        0  bmg160.o(i.bmg160_get_bw)
    i.bmg160_get_data_x                      0x08002748   Section        0  bmg160.o(i.bmg160_get_data_x)
    i.bmg160_get_data_xyz                    0x08002780   Section        0  bmg160.o(i.bmg160_get_data_xyz)
    i.bmg160_get_data_xyzi                   0x080027e0   Section        0  bmg160.o(i.bmg160_get_data_xyzi)
    i.bmg160_get_data_y                      0x08002864   Section        0  bmg160.o(i.bmg160_get_data_y)
    i.bmg160_get_data_z                      0x0800289c   Section        0  bmg160.o(i.bmg160_get_data_z)
    i.bmg160_get_power_mode                  0x080028d4   Section        0  bmg160.o(i.bmg160_get_power_mode)
    i.bmg160_init                            0x08002968   Section        0  bmg160.o(i.bmg160_init)
    i.bmg160_set_auto_sleep_durn             0x08002990   Section        0  bmg160.o(i.bmg160_set_auto_sleep_durn)
    i.bmg160_set_bw                          0x08002a18   Section        0  bmg160.o(i.bmg160_set_bw)
    i.bmg160_set_power_mode                  0x08002a94   Section        0  bmg160.o(i.bmg160_set_power_mode)
    i.bmg160_set_range_reg                   0x08002b98   Section        0  bmg160.o(i.bmg160_set_range_reg)
    i.bmm050_compensate_X                    0x08002bec   Section        0  bmm050.o(i.bmm050_compensate_X)
    i.bmm050_compensate_X_s32                0x08002c50   Section        0  bmm050.o(i.bmm050_compensate_X_s32)
    i.bmm050_compensate_Y                    0x08002c64   Section        0  bmm050.o(i.bmm050_compensate_Y)
    i.bmm050_compensate_Y_s32                0x08002cc4   Section        0  bmm050.o(i.bmm050_compensate_Y_s32)
    i.bmm050_compensate_Z                    0x08002cd8   Section        0  bmm050.o(i.bmm050_compensate_Z)
    i.bmm050_compensate_Z_s32                0x08002d48   Section        0  bmm050.o(i.bmm050_compensate_Z_s32)
    i.bmm050_data_readout                    0x08002d98   Section        0  bmx055.o(i.bmm050_data_readout)
    i.bmm050_get_data_rate                   0x08002dd8   Section        0  bmm050.o(i.bmm050_get_data_rate)
    i.bmm050_get_power_mode                  0x08002e0c   Section        0  bmm050.o(i.bmm050_get_power_mode)
    i.bmm050_init                            0x08002e40   Section        0  bmm050.o(i.bmm050_init)
    i.bmm050_init_trim_registers             0x08002e88   Section        0  bmm050.o(i.bmm050_init_trim_registers)
    i.bmm050_read_mag_data_XYZ               0x08002f8c   Section        0  bmm050.o(i.bmm050_read_mag_data_XYZ)
    i.bmm050_read_mag_data_XYZ_s32           0x08003028   Section        0  bmm050.o(i.bmm050_read_mag_data_XYZ_s32)
    i.bmm050_set_data_rate                   0x080030c4   Section        0  bmm050.o(i.bmm050_set_data_rate)
    i.bmm050_set_functional_state            0x08003110   Section        0  bmm050.o(i.bmm050_set_functional_state)
    i.bmm050_set_power_mode                  0x08003208   Section        0  bmm050.o(i.bmm050_set_power_mode)
    i.bmm050_set_presetmode                  0x08003254   Section        0  bmm050.o(i.bmm050_set_presetmode)
    i.bmm050_set_rep_XY                      0x080032c4   Section        0  bmm050.o(i.bmm050_set_rep_XY)
    i.bmm050_set_rep_Z                       0x080032f0   Section        0  bmm050.o(i.bmm050_set_rep_Z)
    i.bmx_055_init                           0x0800331c   Section        0  bmx055.o(i.bmx_055_init)
    i.main                                   0x080033a8   Section        0  main.o(i.main)
    .constdata                               0x08003414   Section       16  system_stm32f1xx_1.o(.constdata)
    .constdata                               0x08003424   Section        8  system_stm32f1xx_1.o(.constdata)
    .constdata                               0x0800342c   Section       16  segger_rtt_printf.o(.constdata)
    _aV2C                                    0x0800342c   Data          16  segger_rtt_printf.o(.constdata)
    .data                                    0x20000000   Section       12  stm32f1xx_hal.o(.data)
    .data                                    0x2000000c   Section        4  system_stm32f1xx_1.o(.data)
    .data                                    0x20000010   Section        4  bmg160.o(.data)
    p_bmg160                                 0x20000010   Data           4  bmg160.o(.data)
    .data                                    0x20000014   Section        8  bma2x2.o(.data)
    p_bma2x2                                 0x20000018   Data           4  bma2x2.o(.data)
    .data                                    0x2000001c   Section        4  bmm050.o(.data)
    p_bmm050                                 0x2000001c   Data           4  bmm050.o(.data)
    .bss                                     0x20000020   Section       76  bmx055.o(.bss)
    .bss                                     0x2000006c   Section       88  spi.o(.bss)
    .bss                                     0x200000c4   Section       64  usart.o(.bss)
    .bss                                     0x20000104   Section     1208  segger_rtt.o(.bss)
    _acUpBuffer                              0x200001ac   Data        1024  segger_rtt.o(.bss)
    _acDownBuffer                            0x200005ac   Data          16  segger_rtt.o(.bss)
    STACK                                    0x200005c0   Section     1024  startup_stm32f103x6.o(STACK)

    Global Symbols

    Symbol Name                              Value     Ov Type        Size  Object(Section)

    BuildAttributes$$THM_ISAv4$P$D$K$B$S$PE$A:L22UL41UL21$X:L11$S22US41US21$IEEE1$IW$USESV6$~STKCKD$USESV7$~SHL$OTIME$ROPI$EBA8$MICROLIB$REQ8$PRES8$EABIv2 0x00000000   Number         0  anon$$obj.o ABSOLUTE
    __ARM_use_no_argv                        0x00000000   Number         0  main.o ABSOLUTE
    __cpp_initialize__aeabi_                  - Undefined Weak Reference
    __cxa_finalize                            - Undefined Weak Reference
    __decompress                              - Undefined Weak Reference
    _clock_init                               - Undefined Weak Reference
    _microlib_exit                            - Undefined Weak Reference
    __Vectors_Size                           0x000000ec   Number         0  startup_stm32f103x6.o ABSOLUTE
    __Vectors                                0x08000000   Data           4  startup_stm32f103x6.o(RESET)
    __Vectors_End                            0x080000ec   Data           0  startup_stm32f103x6.o(RESET)
    __main                                   0x080000ed   Thumb Code     0  entry.o(.ARM.Collect$$$$00000000)
    _main_stk                                0x080000ed   Thumb Code     0  entry2.o(.ARM.Collect$$$$00000001)
    _main_scatterload                        0x080000f1   Thumb Code     0  entry5.o(.ARM.Collect$$$$00000004)
    __main_after_scatterload                 0x080000f5   Thumb Code     0  entry5.o(.ARM.Collect$$$$00000004)
    _main_clock                              0x080000f5   Thumb Code     0  entry7b.o(.ARM.Collect$$$$00000008)
    _main_cpp_init                           0x080000f5   Thumb Code     0  entry8b.o(.ARM.Collect$$$$0000000A)
    _main_init                               0x080000f5   Thumb Code     0  entry9a.o(.ARM.Collect$$$$0000000B)
    __rt_final_cpp                           0x080000fd   Thumb Code     0  entry10a.o(.ARM.Collect$$$$0000000D)
    __rt_final_exit                          0x080000fd   Thumb Code     0  entry11a.o(.ARM.Collect$$$$0000000F)
    Reset_Handler                            0x08000101   Thumb Code     8  startup_stm32f103x6.o(.text)
    ADC1_2_IRQHandler                        0x0800011b   Thumb Code     0  startup_stm32f103x6.o(.text)
    CAN1_RX1_IRQHandler                      0x0800011b   Thumb Code     0  startup_stm32f103x6.o(.text)
    CAN1_SCE_IRQHandler                      0x0800011b   Thumb Code     0  startup_stm32f103x6.o(.text)
    DMA1_Channel1_IRQHandler                 0x0800011b   Thumb Code     0  startup_stm32f103x6.o(.text)
    DMA1_Channel2_IRQHandler                 0x0800011b   Thumb Code     0  startup_stm32f103x6.o(.text)
    DMA1_Channel3_IRQHandler                 0x0800011b   Thumb Code     0  startup_stm32f103x6.o(.text)
    DMA1_Channel4_IRQHandler                 0x0800011b   Thumb Code     0  startup_stm32f103x6.o(.text)
    DMA1_Channel5_IRQHandler                 0x0800011b   Thumb Code     0  startup_stm32f103x6.o(.text)
    DMA1_Channel6_IRQHandler                 0x0800011b   Thumb Code     0  startup_stm32f103x6.o(.text)
    DMA1_Channel7_IRQHandler                 0x0800011b   Thumb Code     0  startup_stm32f103x6.o(.text)
    EXTI0_IRQHandler                         0x0800011b   Thumb Code     0  startup_stm32f103x6.o(.text)
    EXTI15_10_IRQHandler                     0x0800011b   Thumb Code     0  startup_stm32f103x6.o(.text)
    EXTI1_IRQHandler                         0x0800011b   Thumb Code     0  startup_stm32f103x6.o(.text)
    EXTI2_IRQHandler                         0x0800011b   Thumb Code     0  startup_stm32f103x6.o(.text)
    EXTI3_IRQHandler                         0x0800011b   Thumb Code     0  startup_stm32f103x6.o(.text)
    EXTI4_IRQHandler                         0x0800011b   Thumb Code     0  startup_stm32f103x6.o(.text)
    EXTI9_5_IRQHandler                       0x0800011b   Thumb Code     0  startup_stm32f103x6.o(.text)
    FLASH_IRQHandler                         0x0800011b   Thumb Code     0  startup_stm32f103x6.o(.text)
    I2C1_ER_IRQHandler                       0x0800011b   Thumb Code     0  startup_stm32f103x6.o(.text)
    I2C1_EV_IRQHandler                       0x0800011b   Thumb Code     0  startup_stm32f103x6.o(.text)
    PVD_IRQHandler                           0x0800011b   Thumb Code     0  startup_stm32f103x6.o(.text)
    RCC_IRQHandler                           0x0800011b   Thumb Code     0  startup_stm32f103x6.o(.text)
    RTC_Alarm_IRQHandler                     0x0800011b   Thumb Code     0  startup_stm32f103x6.o(.text)
    RTC_IRQHandler                           0x0800011b   Thumb Code     0  startup_stm32f103x6.o(.text)
    SPI1_IRQHandler                          0x0800011b   Thumb Code     0  startup_stm32f103x6.o(.text)
    TAMPER_IRQHandler                        0x0800011b   Thumb Code     0  startup_stm32f103x6.o(.text)
    TIM1_BRK_IRQHandler                      0x0800011b   Thumb Code     0  startup_stm32f103x6.o(.text)
    TIM1_CC_IRQHandler                       0x0800011b   Thumb Code     0  startup_stm32f103x6.o(.text)
    TIM1_TRG_COM_IRQHandler                  0x0800011b   Thumb Code     0  startup_stm32f103x6.o(.text)
    TIM1_UP_IRQHandler                       0x0800011b   Thumb Code     0  startup_stm32f103x6.o(.text)
    TIM2_IRQHandler                          0x0800011b   Thumb Code     0  startup_stm32f103x6.o(.text)
    TIM3_IRQHandler                          0x0800011b   Thumb Code     0  startup_stm32f103x6.o(.text)
    USART2_IRQHandler                        0x0800011b   Thumb Code     0  startup_stm32f103x6.o(.text)
    USBWakeUp_IRQHandler                     0x0800011b   Thumb Code     0  startup_stm32f103x6.o(.text)
    USB_HP_CAN1_TX_IRQHandler                0x0800011b   Thumb Code     0  startup_stm32f103x6.o(.text)
    USB_LP_CAN1_RX0_IRQHandler               0x0800011b   Thumb Code     0  startup_stm32f103x6.o(.text)
    WWDG_IRQHandler                          0x0800011b   Thumb Code     0  startup_stm32f103x6.o(.text)
    __aeabi_memcpy                           0x08000125   Thumb Code    36  memcpya.o(.text)
    __aeabi_memcpy4                          0x08000125   Thumb Code     0  memcpya.o(.text)
    __aeabi_memcpy8                          0x08000125   Thumb Code     0  memcpya.o(.text)
    __aeabi_memset                           0x08000149   Thumb Code    14  memseta.o(.text)
    __aeabi_memset4                          0x08000149   Thumb Code     0  memseta.o(.text)
    __aeabi_memset8                          0x08000149   Thumb Code     0  memseta.o(.text)
    __aeabi_memclr                           0x08000157   Thumb Code     4  memseta.o(.text)
    __aeabi_memclr4                          0x08000157   Thumb Code     0  memseta.o(.text)
    __aeabi_memclr8                          0x08000157   Thumb Code     0  memseta.o(.text)
    _memset$wrapper                          0x0800015b   Thumb Code    18  memseta.o(.text)
    strcpy                                   0x0800016d   Thumb Code    18  strcpy.o(.text)
    __scatterload                            0x08000181   Thumb Code    28  init.o(.text)
    __scatterload_rt2                        0x08000181   Thumb Code     0  init.o(.text)
    BMA2x2_SPI_bus_read                      0x080001a5   Thumb Code    88  bmx055.o(i.BMA2x2_SPI_bus_read)
    BMA2x2_SPI_bus_write                     0x08000205   Thumb Code    76  bmx055.o(i.BMA2x2_SPI_bus_write)
    BMA2x2_delay_msek                        0x08000259   Thumb Code     4  bmx055.o(i.BMA2x2_delay_msek)
    BMG160_SPI_bus_read                      0x0800025d   Thumb Code    80  bmx055.o(i.BMG160_SPI_bus_read)
    BMG160_SPI_bus_write                     0x080002b5   Thumb Code    68  bmx055.o(i.BMG160_SPI_bus_write)
    BMG160_delay_msek                        0x08000301   Thumb Code     4  bmx055.o(i.BMG160_delay_msek)
    BMM050_SPI_bus_read                      0x08000305   Thumb Code    80  bmx055.o(i.BMM050_SPI_bus_read)
    BMM050_SPI_bus_write                     0x0800035d   Thumb Code    76  bmx055.o(i.BMM050_SPI_bus_write)
    BMM050_delay_msek                        0x080003b1   Thumb Code     4  bmx055.o(i.BMM050_delay_msek)
    BusFault_Handler                         0x080003b5   Thumb Code     2  stm32f1xx_it.o(i.BusFault_Handler)
    DebugMon_Handler                         0x080003b7   Thumb Code     2  stm32f1xx_it.o(i.DebugMon_Handler)
    Error_Handler                            0x080003b9   Thumb Code     2  main.o(i.Error_Handler)
    HAL_DMA_Abort_IT                         0x080003bd   Thumb Code   296  stm32f1xx_hal_dma.o(i.HAL_DMA_Abort_IT)
    HAL_Delay                                0x080004ed   Thumb Code    32  stm32f1xx_hal.o(i.HAL_Delay)
    HAL_GPIO_Init                            0x08000511   Thumb Code   462  stm32f1xx_hal_gpio.o(i.HAL_GPIO_Init)
    HAL_GPIO_WritePin                        0x08000709   Thumb Code    10  stm32f1xx_hal_gpio.o(i.HAL_GPIO_WritePin)
    HAL_GetTick                              0x08000715   Thumb Code     6  stm32f1xx_hal.o(i.HAL_GetTick)
    HAL_IncTick                              0x08000721   Thumb Code    12  stm32f1xx_hal.o(i.HAL_IncTick)
    HAL_Init                                 0x08000731   Thumb Code    32  stm32f1xx_hal.o(i.HAL_Init)
    HAL_InitTick                             0x08000755   Thumb Code    54  stm32f1xx_hal.o(i.HAL_InitTick)
    HAL_MspInit                              0x08000795   Thumb Code    52  stm32f1xx_hal_msp.o(i.HAL_MspInit)
    HAL_NVIC_EnableIRQ                       0x080007d1   Thumb Code    26  stm32f1xx_hal_cortex.o(i.HAL_NVIC_EnableIRQ)
    HAL_NVIC_SetPriority                     0x080007ed   Thumb Code    60  stm32f1xx_hal_cortex.o(i.HAL_NVIC_SetPriority)
    HAL_NVIC_SetPriorityGrouping             0x0800082d   Thumb Code    26  stm32f1xx_hal_cortex.o(i.HAL_NVIC_SetPriorityGrouping)
    HAL_RCC_ClockConfig                      0x08000851   Thumb Code   280  stm32f1xx_hal_rcc.o(i.HAL_RCC_ClockConfig)
    HAL_RCC_GetPCLK1Freq                     0x0800097d   Thumb Code    20  stm32f1xx_hal_rcc.o(i.HAL_RCC_GetPCLK1Freq)
    HAL_RCC_GetPCLK2Freq                     0x0800099d   Thumb Code    20  stm32f1xx_hal_rcc.o(i.HAL_RCC_GetPCLK2Freq)
    HAL_RCC_GetSysClockFreq                  0x080009bd   Thumb Code    74  stm32f1xx_hal_rcc.o(i.HAL_RCC_GetSysClockFreq)
    HAL_RCC_OscConfig                        0x08000a29   Thumb Code   778  stm32f1xx_hal_rcc.o(i.HAL_RCC_OscConfig)
    HAL_SPI_Init                             0x08000d49   Thumb Code   178  stm32f1xx_hal_spi.o(i.HAL_SPI_Init)
    HAL_SPI_MspInit                          0x08000dfd   Thumb Code   112  spi.o(i.HAL_SPI_MspInit)
    HAL_SPI_Receive                          0x08000e7d   Thumb Code   346  stm32f1xx_hal_spi.o(i.HAL_SPI_Receive)
    HAL_SPI_Transmit                         0x08000fd7   Thumb Code   358  stm32f1xx_hal_spi.o(i.HAL_SPI_Transmit)
    HAL_SPI_TransmitReceive                  0x0800113d   Thumb Code   482  stm32f1xx_hal_spi.o(i.HAL_SPI_TransmitReceive)
    HAL_SYSTICK_Config                       0x0800131f   Thumb Code    40  stm32f1xx_hal_cortex.o(i.HAL_SYSTICK_Config)
    HAL_UART_ErrorCallback                   0x08001347   Thumb Code     2  stm32f1xx_hal_uart.o(i.HAL_UART_ErrorCallback)
    HAL_UART_IRQHandler                      0x08001349   Thumb Code   344  stm32f1xx_hal_uart.o(i.HAL_UART_IRQHandler)
    HAL_UART_Init                            0x080014a5   Thumb Code    98  stm32f1xx_hal_uart.o(i.HAL_UART_Init)
    HAL_UART_MspInit                         0x08001509   Thumb Code   116  usart.o(i.HAL_UART_MspInit)
    HAL_UART_RxCpltCallback                  0x08001589   Thumb Code     2  stm32f1xx_hal_uart.o(i.HAL_UART_RxCpltCallback)
    HAL_UART_TxCpltCallback                  0x0800158b   Thumb Code     2  stm32f1xx_hal_uart.o(i.HAL_UART_TxCpltCallback)
    HardFault_Handler                        0x0800158d   Thumb Code     2  stm32f1xx_it.o(i.HardFault_Handler)
    MX_GPIO_Init                             0x08001591   Thumb Code   160  gpio.o(i.MX_GPIO_Init)
    MX_SPI1_Init                             0x0800163d   Thumb Code    62  spi.o(i.MX_SPI1_Init)
    MX_USART1_UART_Init                      0x08001685   Thumb Code    48  usart.o(i.MX_USART1_UART_Init)
    MemManage_Handler                        0x080016bd   Thumb Code     2  stm32f1xx_it.o(i.MemManage_Handler)
    NMI_Handler                              0x080016bf   Thumb Code     2  stm32f1xx_it.o(i.NMI_Handler)
    PendSV_Handler                           0x080016c1   Thumb Code     2  stm32f1xx_it.o(i.PendSV_Handler)
    SEGGER_RTT_Write                         0x080016c5   Thumb Code    50  segger_rtt.o(i.SEGGER_RTT_Write)
    SEGGER_RTT_WriteNoLock                   0x080016fd   Thumb Code    86  segger_rtt.o(i.SEGGER_RTT_WriteNoLock)
    SEGGER_RTT_printf                        0x08001759   Thumb Code    22  segger_rtt_printf.o(i.SEGGER_RTT_printf)
    SEGGER_RTT_vprintf                       0x0800176f   Thumb Code   406  segger_rtt_printf.o(i.SEGGER_RTT_vprintf)
    SVC_Handler                              0x08001a39   Thumb Code     2  stm32f1xx_it.o(i.SVC_Handler)
    SysTick_Handler                          0x08001a3b   Thumb Code     4  stm32f1xx_it.o(i.SysTick_Handler)
    SystemClock_Config                       0x08001a3f   Thumb Code    80  main.o(i.SystemClock_Config)
    SystemInit                               0x08001a8f   Thumb Code     2  system_stm32f1xx_1.o(i.SystemInit)
    USART1_IRQHandler                        0x08001c01   Thumb Code     6  stm32f1xx_it.o(i.USART1_IRQHandler)
    UsageFault_Handler                       0x08001c0d   Thumb Code     2  stm32f1xx_it.o(i.UsageFault_Handler)
    __scatterload_copy                       0x08001f27   Thumb Code    14  handlers.o(i.__scatterload_copy)
    __scatterload_null                       0x08001f35   Thumb Code     2  handlers.o(i.__scatterload_null)
    __scatterload_zeroinit                   0x08001f37   Thumb Code    14  handlers.o(i.__scatterload_zeroinit)
    bma2x2_data_readout                      0x08001f45   Thumb Code    70  bmx055.o(i.bma2x2_data_readout)
    bma2x2_init                              0x08001f8d   Thumb Code    72  bma2x2.o(i.bma2x2_init)
    bma2x2_read_accel_x                      0x08001fd9   Thumb Code   134  bma2x2.o(i.bma2x2_read_accel_x)
    bma2x2_read_accel_xyz                    0x08002065   Thumb Code   272  bma2x2.o(i.bma2x2_read_accel_xyz)
    bma2x2_read_accel_xyzt                   0x08002179   Thumb Code   278  bma2x2.o(i.bma2x2_read_accel_xyzt)
    bma2x2_read_accel_y                      0x08002295   Thumb Code   134  bma2x2.o(i.bma2x2_read_accel_y)
    bma2x2_read_accel_z                      0x08002321   Thumb Code   134  bma2x2.o(i.bma2x2_read_accel_z)
    bma2x2_read_reg                          0x080023ad   Thumb Code    36  bma2x2.o(i.bma2x2_read_reg)
    bma2x2_set_bw                            0x080023d5   Thumb Code   152  bma2x2.o(i.bma2x2_set_bw)
    bma2x2_set_mode_value                    0x08002471   Thumb Code    78  bma2x2.o(i.bma2x2_set_mode_value)
    bma2x2_set_power_mode                    0x080024c5   Thumb Code   234  bma2x2.o(i.bma2x2_set_power_mode)
    bma2x2_set_range                         0x080025b5   Thumb Code   148  bma2x2.o(i.bma2x2_set_range)
    bma2x2_write_reg                         0x0800264d   Thumb Code    52  bma2x2.o(i.bma2x2_write_reg)
    bmg160_data_readout                      0x08002685   Thumb Code    90  bmx055.o(i.bmg160_data_readout)
    bmg160_get_auto_sleep_durn               0x080026e1   Thumb Code    46  bmg160.o(i.bmg160_get_auto_sleep_durn)
    bmg160_get_bw                            0x08002715   Thumb Code    46  bmg160.o(i.bmg160_get_bw)
    bmg160_get_data_x                        0x08002749   Thumb Code    52  bmg160.o(i.bmg160_get_data_x)
    bmg160_get_data_xyz                      0x08002781   Thumb Code    92  bmg160.o(i.bmg160_get_data_xyz)
    bmg160_get_data_xyzi                     0x080027e1   Thumb Code   126  bmg160.o(i.bmg160_get_data_xyzi)
    bmg160_get_data_y                        0x08002865   Thumb Code    52  bmg160.o(i.bmg160_get_data_y)
    bmg160_get_data_z                        0x0800289d   Thumb Code    52  bmg160.o(i.bmg160_get_data_z)
    bmg160_get_power_mode                    0x080028d5   Thumb Code   144  bmg160.o(i.bmg160_get_power_mode)
    bmg160_init                              0x08002969   Thumb Code    36  bmg160.o(i.bmg160_init)
    bmg160_set_auto_sleep_durn               0x08002991   Thumb Code   130  bmg160.o(i.bmg160_set_auto_sleep_durn)
    bmg160_set_bw                            0x08002a19   Thumb Code   118  bmg160.o(i.bmg160_set_bw)
    bmg160_set_power_mode                    0x08002a95   Thumb Code   254  bmg160.o(i.bmg160_set_power_mode)
    bmg160_set_range_reg                     0x08002b99   Thumb Code    80  bmg160.o(i.bmg160_set_range_reg)
    bmm050_compensate_X                      0x08002bed   Thumb Code    92  bmm050.o(i.bmm050_compensate_X)
    bmm050_compensate_X_s32                  0x08002c51   Thumb Code    18  bmm050.o(i.bmm050_compensate_X_s32)
    bmm050_compensate_Y                      0x08002c65   Thumb Code    88  bmm050.o(i.bmm050_compensate_Y)
    bmm050_compensate_Y_s32                  0x08002cc5   Thumb Code    18  bmm050.o(i.bmm050_compensate_Y_s32)
    bmm050_compensate_Z                      0x08002cd9   Thumb Code   102  bmm050.o(i.bmm050_compensate_Z)
    bmm050_compensate_Z_s32                  0x08002d49   Thumb Code    76  bmm050.o(i.bmm050_compensate_Z_s32)
    bmm050_data_readout                      0x08002d99   Thumb Code    62  bmx055.o(i.bmm050_data_readout)
    bmm050_get_data_rate                     0x08002dd9   Thumb Code    46  bmm050.o(i.bmm050_get_data_rate)
    bmm050_get_power_mode                    0x08002e0d   Thumb Code    46  bmm050.o(i.bmm050_get_power_mode)
    bmm050_init                              0x08002e41   Thumb Code    68  bmm050.o(i.bmm050_init)
    bmm050_init_trim_registers               0x08002e89   Thumb Code   256  bmm050.o(i.bmm050_init_trim_registers)
    bmm050_read_mag_data_XYZ                 0x08002f8d   Thumb Code   150  bmm050.o(i.bmm050_read_mag_data_XYZ)
    bmm050_read_mag_data_XYZ_s32             0x08003029   Thumb Code   150  bmm050.o(i.bmm050_read_mag_data_XYZ_s32)
    bmm050_set_data_rate                     0x080030c5   Thumb Code    70  bmm050.o(i.bmm050_set_data_rate)
    bmm050_set_functional_state              0x08003111   Thumb Code   242  bmm050.o(i.bmm050_set_functional_state)
    bmm050_set_power_mode                    0x08003209   Thumb Code    70  bmm050.o(i.bmm050_set_power_mode)
    bmm050_set_presetmode                    0x08003255   Thumb Code   112  bmm050.o(i.bmm050_set_presetmode)
    bmm050_set_rep_XY                        0x080032c5   Thumb Code    38  bmm050.o(i.bmm050_set_rep_XY)
    bmm050_set_rep_Z                         0x080032f1   Thumb Code    38  bmm050.o(i.bmm050_set_rep_Z)
    bmx_055_init                             0x0800331d   Thumb Code   100  bmx055.o(i.bmx_055_init)
    main                                     0x080033a9   Thumb Code    80  main.o(i.main)
    AHBPrescTable                            0x08003414   Data          16  system_stm32f1xx_1.o(.constdata)
    APBPrescTable                            0x08003424   Data           8  system_stm32f1xx_1.o(.constdata)
    Region$$Table$$Base                      0x0800343c   Number         0  anon$$obj.o(Region$$Table)
    Region$$Table$$Limit                     0x0800345c   Number         0  anon$$obj.o(Region$$Table)
    uwTickFreq                               0x20000000   Data           1  stm32f1xx_hal.o(.data)
    uwTickPrio                               0x20000004   Data           4  stm32f1xx_hal.o(.data)
    uwTick                                   0x20000008   Data           4  stm32f1xx_hal.o(.data)
    SystemCoreClock                          0x2000000c   Data           4  system_stm32f1xx_1.o(.data)
    V_BMA2x2RESOLUTION_U8                    0x20000014   Data           1  bma2x2.o(.data)
    bma2x2                                   0x20000020   Data          24  bmx055.o(.bss)
    bmm050                                   0x20000038   Data          32  bmx055.o(.bss)
    bmg160                                   0x20000058   Data          20  bmx055.o(.bss)
    hspi1                                    0x2000006c   Data          88  spi.o(.bss)
    huart1                                   0x200000c4   Data          64  usart.o(.bss)
    _SEGGER_RTT                              0x20000104   Data         168  segger_rtt.o(.bss)
    __initial_sp                             0x200009c0   Data           0  startup_stm32f103x6.o(STACK)



==============================================================================

Memory Map of the image

  Image Entry point : 0x080000ed

  Load Region LR_IROM1 (Base: 0x08000000, Size: 0x0000347c, Max: 0x00040000, ABSOLUTE)

    Execution Region ER_IROM1 (Exec base: 0x08000000, Load base: 0x08000000, Size: 0x0000345c, Max: 0x00040000, ABSOLUTE)

    Exec Addr    Load Addr    Size         Type   Attr      Idx    E Section Name        Object

    0x08000000   0x08000000   0x000000ec   Data   RO         2177    RESET               startup_stm32f103x6.o
    0x080000ec   0x080000ec   0x00000000   Code   RO         4598  * .ARM.Collect$$$$00000000  mc_w.l(entry.o)
    0x080000ec   0x080000ec   0x00000004   Code   RO         4637    .ARM.Collect$$$$00000001  mc_w.l(entry2.o)
    0x080000f0   0x080000f0   0x00000004   Code   RO         4640    .ARM.Collect$$$$00000004  mc_w.l(entry5.o)
    0x080000f4   0x080000f4   0x00000000   Code   RO         4642    .ARM.Collect$$$$00000008  mc_w.l(entry7b.o)
    0x080000f4   0x080000f4   0x00000000   Code   RO         4644    .ARM.Collect$$$$0000000A  mc_w.l(entry8b.o)
    0x080000f4   0x080000f4   0x00000008   Code   RO         4645    .ARM.Collect$$$$0000000B  mc_w.l(entry9a.o)
    0x080000fc   0x080000fc   0x00000000   Code   RO         4647    .ARM.Collect$$$$0000000D  mc_w.l(entry10a.o)
    0x080000fc   0x080000fc   0x00000000   Code   RO         4649    .ARM.Collect$$$$0000000F  mc_w.l(entry11a.o)
    0x080000fc   0x080000fc   0x00000004   Code   RO         4638    .ARM.Collect$$$$00002712  mc_w.l(entry2.o)
    0x08000100   0x08000100   0x00000024   Code   RO         2178    .text               startup_stm32f103x6.o
    0x08000124   0x08000124   0x00000024   Code   RO         4603    .text               mc_w.l(memcpya.o)
    0x08000148   0x08000148   0x00000024   Code   RO         4605    .text               mc_w.l(memseta.o)
    0x0800016c   0x0800016c   0x00000012   Code   RO         4609    .text               mc_w.l(strcpy.o)
    0x0800017e   0x0800017e   0x00000002   PAD
    0x08000180   0x08000180   0x00000024   Code   RO         4660    .text               mc_w.l(init.o)
    0x080001a4   0x080001a4   0x00000060   Code   RO            4    i.BMA2x2_SPI_bus_read  bmx055.o
    0x08000204   0x08000204   0x00000054   Code   RO            5    i.BMA2x2_SPI_bus_write  bmx055.o
    0x08000258   0x08000258   0x00000004   Code   RO            6    i.BMA2x2_delay_msek  bmx055.o
    0x0800025c   0x0800025c   0x00000058   Code   RO            7    i.BMG160_SPI_bus_read  bmx055.o
    0x080002b4   0x080002b4   0x0000004c   Code   RO            8    i.BMG160_SPI_bus_write  bmx055.o
    0x08000300   0x08000300   0x00000004   Code   RO            9    i.BMG160_delay_msek  bmx055.o
    0x08000304   0x08000304   0x00000058   Code   RO           10    i.BMM050_SPI_bus_read  bmx055.o
    0x0800035c   0x0800035c   0x00000054   Code   RO           11    i.BMM050_SPI_bus_write  bmx055.o
    0x080003b0   0x080003b0   0x00000004   Code   RO           12    i.BMM050_delay_msek  bmx055.o
    0x080003b4   0x080003b4   0x00000002   Code   RO          382    i.BusFault_Handler  stm32f1xx_it.o
    0x080003b6   0x080003b6   0x00000002   Code   RO          383    i.DebugMon_Handler  stm32f1xx_it.o
    0x080003b8   0x080003b8   0x00000002   Code   RO          214    i.Error_Handler     main.o
    0x080003ba   0x080003ba   0x00000002   PAD
    0x080003bc   0x080003bc   0x00000130   Code   RO         1226    i.HAL_DMA_Abort_IT  stm32f1xx_hal_dma.o
    0x080004ec   0x080004ec   0x00000024   Code   RO          853    i.HAL_Delay         stm32f1xx_hal.o
    0x08000510   0x08000510   0x000001f8   Code   RO         1161    i.HAL_GPIO_Init     stm32f1xx_hal_gpio.o
    0x08000708   0x08000708   0x0000000a   Code   RO         1165    i.HAL_GPIO_WritePin  stm32f1xx_hal_gpio.o
    0x08000712   0x08000712   0x00000002   PAD
    0x08000714   0x08000714   0x0000000c   Code   RO          857    i.HAL_GetTick       stm32f1xx_hal.o
    0x08000720   0x08000720   0x00000010   Code   RO          863    i.HAL_IncTick       stm32f1xx_hal.o
    0x08000730   0x08000730   0x00000024   Code   RO          864    i.HAL_Init          stm32f1xx_hal.o
    0x08000754   0x08000754   0x00000040   Code   RO          865    i.HAL_InitTick      stm32f1xx_hal.o
    0x08000794   0x08000794   0x0000003c   Code   RO          464    i.HAL_MspInit       stm32f1xx_hal_msp.o
    0x080007d0   0x080007d0   0x0000001a   Code   RO         1321    i.HAL_NVIC_EnableIRQ  stm32f1xx_hal_cortex.o
    0x080007ea   0x080007ea   0x00000002   PAD
    0x080007ec   0x080007ec   0x00000040   Code   RO         1327    i.HAL_NVIC_SetPriority  stm32f1xx_hal_cortex.o
    0x0800082c   0x0800082c   0x00000024   Code   RO         1328    i.HAL_NVIC_SetPriorityGrouping  stm32f1xx_hal_cortex.o
    0x08000850   0x08000850   0x0000012c   Code   RO         1021    i.HAL_RCC_ClockConfig  stm32f1xx_hal_rcc.o
    0x0800097c   0x0800097c   0x00000020   Code   RO         1028    i.HAL_RCC_GetPCLK1Freq  stm32f1xx_hal_rcc.o
    0x0800099c   0x0800099c   0x00000020   Code   RO         1029    i.HAL_RCC_GetPCLK2Freq  stm32f1xx_hal_rcc.o
    0x080009bc   0x080009bc   0x0000006c   Code   RO         1030    i.HAL_RCC_GetSysClockFreq  stm32f1xx_hal_rcc.o
    0x08000a28   0x08000a28   0x00000320   Code   RO         1033    i.HAL_RCC_OscConfig  stm32f1xx_hal_rcc.o
    0x08000d48   0x08000d48   0x000000b2   Code   RO          535    i.HAL_SPI_Init      stm32f1xx_hal_spi.o
    0x08000dfa   0x08000dfa   0x00000002   PAD
    0x08000dfc   0x08000dfc   0x00000080   Code   RO          299    i.HAL_SPI_MspInit   spi.o
    0x08000e7c   0x08000e7c   0x0000015a   Code   RO          538    i.HAL_SPI_Receive   stm32f1xx_hal_spi.o
    0x08000fd6   0x08000fd6   0x00000166   Code   RO          543    i.HAL_SPI_Transmit  stm32f1xx_hal_spi.o
    0x0800113c   0x0800113c   0x000001e2   Code   RO          544    i.HAL_SPI_TransmitReceive  stm32f1xx_hal_spi.o
    0x0800131e   0x0800131e   0x00000028   Code   RO         1332    i.HAL_SYSTICK_Config  stm32f1xx_hal_cortex.o
    0x08001346   0x08001346   0x00000002   Code   RO         1878    i.HAL_UART_ErrorCallback  stm32f1xx_hal_uart.o
    0x08001348   0x08001348   0x0000015c   Code   RO         1881    i.HAL_UART_IRQHandler  stm32f1xx_hal_uart.o
    0x080014a4   0x080014a4   0x00000062   Code   RO         1882    i.HAL_UART_Init     stm32f1xx_hal_uart.o
    0x08001506   0x08001506   0x00000002   PAD
    0x08001508   0x08001508   0x00000080   Code   RO          341    i.HAL_UART_MspInit  usart.o
    0x08001588   0x08001588   0x00000002   Code   RO         1888    i.HAL_UART_RxCpltCallback  stm32f1xx_hal_uart.o
    0x0800158a   0x0800158a   0x00000002   Code   RO         1893    i.HAL_UART_TxCpltCallback  stm32f1xx_hal_uart.o
    0x0800158c   0x0800158c   0x00000002   Code   RO          384    i.HardFault_Handler  stm32f1xx_it.o
    0x0800158e   0x0800158e   0x00000002   PAD
    0x08001590   0x08001590   0x000000ac   Code   RO          274    i.MX_GPIO_Init      gpio.o
    0x0800163c   0x0800163c   0x00000048   Code   RO          300    i.MX_SPI1_Init      spi.o
    0x08001684   0x08001684   0x00000038   Code   RO          342    i.MX_USART1_UART_Init  usart.o
    0x080016bc   0x080016bc   0x00000002   Code   RO          385    i.MemManage_Handler  stm32f1xx_it.o
    0x080016be   0x080016be   0x00000002   Code   RO          386    i.NMI_Handler       stm32f1xx_it.o
    0x080016c0   0x080016c0   0x00000002   Code   RO          387    i.PendSV_Handler    stm32f1xx_it.o
    0x080016c2   0x080016c2   0x00000002   PAD
    0x080016c4   0x080016c4   0x00000038   Code   RO         2245    i.SEGGER_RTT_Write  segger_rtt.o
    0x080016fc   0x080016fc   0x0000005c   Code   RO         2248    i.SEGGER_RTT_WriteNoLock  segger_rtt.o
    0x08001758   0x08001758   0x00000016   Code   RO         2458    i.SEGGER_RTT_printf  segger_rtt_printf.o
    0x0800176e   0x0800176e   0x00000196   Code   RO         2459    i.SEGGER_RTT_vprintf  segger_rtt_printf.o
    0x08001904   0x08001904   0x0000005c   Code   RO          572    i.SPI_EndRxTransaction  stm32f1xx_hal_spi.o
    0x08001960   0x08001960   0x00000020   Code   RO          573    i.SPI_EndRxTxTransaction  stm32f1xx_hal_spi.o
    0x08001980   0x08001980   0x000000b8   Code   RO          578    i.SPI_WaitFlagStateUntilTimeout  stm32f1xx_hal_spi.o
    0x08001a38   0x08001a38   0x00000002   Code   RO          388    i.SVC_Handler       stm32f1xx_it.o
    0x08001a3a   0x08001a3a   0x00000004   Code   RO          389    i.SysTick_Handler   stm32f1xx_it.o
    0x08001a3e   0x08001a3e   0x00000050   Code   RO          215    i.SystemClock_Config  main.o
    0x08001a8e   0x08001a8e   0x00000002   Code   RO         2186    i.SystemInit        system_stm32f1xx_1.o
    0x08001a90   0x08001a90   0x00000010   Code   RO         1895    i.UART_DMAAbortOnError  stm32f1xx_hal_uart.o
    0x08001aa0   0x08001aa0   0x0000001c   Code   RO         1905    i.UART_EndRxTransfer  stm32f1xx_hal_uart.o
    0x08001abc   0x08001abc   0x0000008c   Code   RO         1907    i.UART_Receive_IT   stm32f1xx_hal_uart.o
    0x08001b48   0x08001b48   0x000000b8   Code   RO         1908    i.UART_SetConfig    stm32f1xx_hal_uart.o
    0x08001c00   0x08001c00   0x0000000c   Code   RO          390    i.USART1_IRQHandler  stm32f1xx_it.o
    0x08001c0c   0x08001c0c   0x00000002   Code   RO          391    i.UsageFault_Handler  stm32f1xx_it.o
    0x08001c0e   0x08001c0e   0x00000002   PAD
    0x08001c10   0x08001c10   0x00000068   Code   RO         2252    i._DoInit           segger_rtt.o
    0x08001c78   0x08001c78   0x00000016   Code   RO         2253    i._GetAvailWriteSpace  segger_rtt.o
    0x08001c8e   0x08001c8e   0x00000002   PAD
    0x08001c90   0x08001c90   0x000000c6   Code   RO         2460    i._PrintInt         segger_rtt_printf.o
    0x08001d56   0x08001d56   0x00000002   PAD
    0x08001d58   0x08001d58   0x000000d4   Code   RO         2461    i._PrintUnsigned    segger_rtt_printf.o
    0x08001e2c   0x08001e2c   0x0000003e   Code   RO         2462    i._StoreChar        segger_rtt_printf.o
    0x08001e6a   0x08001e6a   0x0000005a   Code   RO         2255    i._WriteBlocking    segger_rtt.o
    0x08001ec4   0x08001ec4   0x00000042   Code   RO         2256    i._WriteNoCheck     segger_rtt.o
    0x08001f06   0x08001f06   0x00000020   Code   RO         1334    i.__NVIC_SetPriority  stm32f1xx_hal_cortex.o
    0x08001f26   0x08001f26   0x0000000e   Code   RO         4664    i.__scatterload_copy  mc_w.l(handlers.o)
    0x08001f34   0x08001f34   0x00000002   Code   RO         4665    i.__scatterload_null  mc_w.l(handlers.o)
    0x08001f36   0x08001f36   0x0000000e   Code   RO         4666    i.__scatterload_zeroinit  mc_w.l(handlers.o)
    0x08001f44   0x08001f44   0x00000046   Code   RO           13    i.bma2x2_data_readout  bmx055.o
    0x08001f8a   0x08001f8a   0x00000002   PAD
    0x08001f8c   0x08001f8c   0x0000004c   Code   RO         3516    i.bma2x2_init       bma2x2.o
    0x08001fd8   0x08001fd8   0x0000008c   Code   RO         3522    i.bma2x2_read_accel_x  bma2x2.o
    0x08002064   0x08002064   0x00000114   Code   RO         3523    i.bma2x2_read_accel_xyz  bma2x2.o
    0x08002178   0x08002178   0x0000011c   Code   RO         3524    i.bma2x2_read_accel_xyzt  bma2x2.o
    0x08002294   0x08002294   0x0000008c   Code   RO         3525    i.bma2x2_read_accel_y  bma2x2.o
    0x08002320   0x08002320   0x0000008c   Code   RO         3526    i.bma2x2_read_accel_z  bma2x2.o
    0x080023ac   0x080023ac   0x00000028   Code   RO         3528    i.bma2x2_read_reg   bma2x2.o
    0x080023d4   0x080023d4   0x0000009c   Code   RO         3531    i.bma2x2_set_bw     bma2x2.o
    0x08002470   0x08002470   0x00000054   Code   RO         3561    i.bma2x2_set_mode_value  bma2x2.o
    0x080024c4   0x080024c4   0x000000f0   Code   RO         3572    i.bma2x2_set_power_mode  bma2x2.o
    0x080025b4   0x080025b4   0x00000098   Code   RO         3573    i.bma2x2_set_range  bma2x2.o
    0x0800264c   0x0800264c   0x00000038   Code   RO         3592    i.bma2x2_write_reg  bma2x2.o
    0x08002684   0x08002684   0x0000005a   Code   RO           14    i.bmg160_data_readout  bmx055.o
    0x080026de   0x080026de   0x00000002   PAD
    0x080026e0   0x080026e0   0x00000034   Code   RO         2502    i.bmg160_get_auto_sleep_durn  bmg160.o
    0x08002714   0x08002714   0x00000034   Code   RO         2504    i.bmg160_get_bw     bmg160.o
    0x08002748   0x08002748   0x00000038   Code   RO         2506    i.bmg160_get_data_x  bmg160.o
    0x08002780   0x08002780   0x00000060   Code   RO         2507    i.bmg160_get_data_xyz  bmg160.o
    0x080027e0   0x080027e0   0x00000084   Code   RO         2508    i.bmg160_get_data_xyzi  bmg160.o
    0x08002864   0x08002864   0x00000038   Code   RO         2509    i.bmg160_get_data_y  bmg160.o
    0x0800289c   0x0800289c   0x00000038   Code   RO         2510    i.bmg160_get_data_z  bmg160.o
    0x080028d4   0x080028d4   0x00000094   Code   RO         2552    i.bmg160_get_power_mode  bmg160.o
    0x08002968   0x08002968   0x00000028   Code   RO         2562    i.bmg160_init       bmg160.o
    0x08002990   0x08002990   0x00000088   Code   RO         2570    i.bmg160_set_auto_sleep_durn  bmg160.o
    0x08002a18   0x08002a18   0x0000007c   Code   RO         2572    i.bmg160_set_bw     bmg160.o
    0x08002a94   0x08002a94   0x00000104   Code   RO         2608    i.bmg160_set_power_mode  bmg160.o
    0x08002b98   0x08002b98   0x00000054   Code   RO         2609    i.bmg160_set_range_reg  bmg160.o
    0x08002bec   0x08002bec   0x00000064   Code   RO         4332    i.bmm050_compensate_X  bmm050.o
    0x08002c50   0x08002c50   0x00000012   Code   RO         4334    i.bmm050_compensate_X_s32  bmm050.o
    0x08002c62   0x08002c62   0x00000002   PAD
    0x08002c64   0x08002c64   0x00000060   Code   RO         4335    i.bmm050_compensate_Y  bmm050.o
    0x08002cc4   0x08002cc4   0x00000012   Code   RO         4337    i.bmm050_compensate_Y_s32  bmm050.o
    0x08002cd6   0x08002cd6   0x00000002   PAD
    0x08002cd8   0x08002cd8   0x00000070   Code   RO         4338    i.bmm050_compensate_Z  bmm050.o
    0x08002d48   0x08002d48   0x00000050   Code   RO         4340    i.bmm050_compensate_Z_s32  bmm050.o
    0x08002d98   0x08002d98   0x0000003e   Code   RO           15    i.bmm050_data_readout  bmx055.o
    0x08002dd6   0x08002dd6   0x00000002   PAD
    0x08002dd8   0x08002dd8   0x00000034   Code   RO         4343    i.bmm050_get_data_rate  bmm050.o
    0x08002e0c   0x08002e0c   0x00000034   Code   RO         4345    i.bmm050_get_power_mode  bmm050.o
    0x08002e40   0x08002e40   0x00000048   Code   RO         4351    i.bmm050_init       bmm050.o
    0x08002e88   0x08002e88   0x00000104   Code   RO         4352    i.bmm050_init_trim_registers  bmm050.o
    0x08002f8c   0x08002f8c   0x0000009c   Code   RO         4357    i.bmm050_read_mag_data_XYZ  bmm050.o
    0x08003028   0x08003028   0x0000009c   Code   RO         4359    i.bmm050_read_mag_data_XYZ_s32  bmm050.o
    0x080030c4   0x080030c4   0x0000004c   Code   RO         4364    i.bmm050_set_data_rate  bmm050.o
    0x08003110   0x08003110   0x000000f8   Code   RO         4365    i.bmm050_set_functional_state  bmm050.o
    0x08003208   0x08003208   0x0000004c   Code   RO         4366    i.bmm050_set_power_mode  bmm050.o
    0x08003254   0x08003254   0x00000070   Code   RO         4367    i.bmm050_set_presetmode  bmm050.o
    0x080032c4   0x080032c4   0x0000002c   Code   RO         4368    i.bmm050_set_rep_XY  bmm050.o
    0x080032f0   0x080032f0   0x0000002c   Code   RO         4369    i.bmm050_set_rep_Z  bmm050.o
    0x0800331c   0x0800331c   0x0000008c   Code   RO           16    i.bmx_055_init      bmx055.o
    0x080033a8   0x080033a8   0x0000006c   Code   RO          216    i.main              main.o
    0x08003414   0x08003414   0x00000010   Data   RO         2187    .constdata          system_stm32f1xx_1.o
    0x08003424   0x08003424   0x00000008   Data   RO         2188    .constdata          system_stm32f1xx_1.o
    0x0800342c   0x0800342c   0x00000010   Data   RO         2463    .constdata          segger_rtt_printf.o
    0x0800343c   0x0800343c   0x00000020   Data   RO         4662    Region$$Table       anon$$obj.o


    Execution Region RW_IRAM1 (Exec base: 0x20000000, Load base: 0x0800345c, Size: 0x000009c0, Max: 0x0000c000, ABSOLUTE)

    Exec Addr    Load Addr    Size         Type   Attr      Idx    E Section Name        Object

    0x20000000   0x0800345c   0x0000000c   Data   RW          871    .data               stm32f1xx_hal.o
    0x2000000c   0x08003468   0x00000004   Data   RW         2189    .data               system_stm32f1xx_1.o
    0x20000010   0x0800346c   0x00000004   Data   RW         2620    .data               bmg160.o
    0x20000014   0x08003470   0x00000008   Data   RW         3595    .data               bma2x2.o
    0x2000001c   0x08003478   0x00000004   Data   RW         4374    .data               bmm050.o
    0x20000020        -       0x0000004c   Zero   RW           17    .bss                bmx055.o
    0x2000006c        -       0x00000058   Zero   RW          301    .bss                spi.o
    0x200000c4        -       0x00000040   Zero   RW          343    .bss                usart.o
    0x20000104        -       0x000004b8   Zero   RW         2257    .bss                segger_rtt.o
    0x200005bc   0x0800347c   0x00000004   PAD
    0x200005c0        -       0x00000400   Zero   RW         2175    STACK               startup_stm32f103x6.o


==============================================================================

Image component sizes


      Code (inc. data)   RO Data    RW Data    ZI Data      Debug   Object Name

      1784         82          0          8          0      10081   bma2x2.o
      1292         78          0          4          0      77516   bmg160.o
      1772         92          0          4          0      27570   bmm050.o
       890         88          0          0         76     560067   bmx055.o
       172         12          0          0          0        879   gpio.o
       190         28          0          0          0       2420   main.o
       430         40          0          0       1208       9378   segger_rtt.o
       900          6         16          0          0       5429   segger_rtt_printf.o
       200         26          0          0         88       1529   spi.o
        36          8        236          0       1024        740   startup_stm32f103x6.o
       164         28          0         12          0       6917   stm32f1xx_hal.o
       198         14          0          0          0      29471   stm32f1xx_hal_cortex.o
       304          8          0          0          0       1327   stm32f1xx_hal_dma.o
       514         42          0          0          0       3120   stm32f1xx_hal_gpio.o
        60          8          0          0          0        786   stm32f1xx_hal_msp.o
      1272        100          0          0          0       5556   stm32f1xx_hal_rcc.o
      1672          4          0          0          0       8614   stm32f1xx_hal_spi.o
       820         10          0          0          0       7227   stm32f1xx_hal_uart.o
        32          6          0          0          0       3926   stm32f1xx_it.o
         2          0         24          4          0       1059   system_stm32f1xx_1.o
       184         20          0          0         64       1526   usart.o

    ----------------------------------------------------------------------
     12918        700        308         32       2464     765138   Object Totals
         0          0         32          0          0          0   (incl. Generated)
        30          0          0          0          4          0   (incl. Padding)

    ----------------------------------------------------------------------

      Code (inc. data)   RO Data    RW Data    ZI Data      Debug   Library Member Name

         0          0          0          0          0          0   entry.o
         0          0          0          0          0          0   entry10a.o
         0          0          0          0          0          0   entry11a.o
         8          4          0          0          0          0   entry2.o
         4          0          0          0          0          0   entry5.o
         0          0          0          0          0          0   entry7b.o
         0          0          0          0          0          0   entry8b.o
         8          4          0          0          0          0   entry9a.o
        30          0          0          0          0          0   handlers.o
        36          8          0          0          0         68   init.o
        36          0          0          0          0         68   memcpya.o
        36          0          0          0          0        108   memseta.o
        18          0          0          0          0         68   strcpy.o

    ----------------------------------------------------------------------
       178         16          0          0          0        312   Library Totals
         2          0          0          0          0          0   (incl. Padding)

    ----------------------------------------------------------------------

      Code (inc. data)   RO Data    RW Data    ZI Data      Debug   Library Name

       176         16          0          0          0        312   mc_w.l

    ----------------------------------------------------------------------
       178         16          0          0          0        312   Library Totals

    ----------------------------------------------------------------------

==============================================================================


      Code (inc. data)   RO Data    RW Data    ZI Data      Debug   

     13096        716        308         32       2464     759414   Grand Totals
     13096        716        308         32       2464     759414   ELF Image Totals
     13096        716        308         32          0          0   ROM Totals

==============================================================================

    Total RO  Size (Code + RO Data)                13404 (  13.09kB)
    Total RW  Size (RW Data + ZI Data)              2496 (   2.44kB)
    Total ROM Size (Code + RO Data + RW Data)      13436 (  13.12kB)

==============================================================================

